<html>
<body>
<pre>
<h1>礦ision Build Log</h1>
<h2>Tool Versions:</h2>
IDE-Version: μVision V5.38.0.0
Copyright (C) 2022 ARM Ltd and ARM Germany GmbH. All rights reserved.
License Information: Jiang LENOVO, hdu, LIC=IK1BF-6RK2N-Y86FK-ZFJXA-5UIXM-JH49R
 
Tool Versions:
Toolchain:       MDK-ARM Plus  Version: 5.38.0.0
Toolchain Path:  E:\Download\keil5\ARM\ARMCLANG\Bin
C Compiler:      ArmClang.exe V6.19
Assembler:       Armasm.exe V6.19
Linker/Locator:  ArmLink.exe V6.19
Library Manager: ArmAr.exe V6.19
Hex Converter:   FromElf.exe V6.19
CPU DLL:         SARMCM3.DLL V5.38.0.0
Dialog DLL:      DCM.DLL V1.17.5.0
Target DLL:      CMSIS_AGDI.dll V1.33.15.0
Dialog DLL:      TCM.DLL V1.56.4.0
 
<h2>Project:</h2>
E:\!!!学习用\MM32F327X_G8P主板资料\【例程】各个模块的使用例程\E09_12_mt9v03x_tft180_display_demo\mdk\mm32f327x_g8p.uvprojx
Project File Date:  10/24/2024

<h2>Output:</h2>
*** Using Compiler 'V6.19', folder: 'E:\Download\keil5\ARM\ARMCLANG\Bin'
Rebuild target 'mm32f327x_g8p_project'
compiling zf_driver_exti.c...
compiling zf_driver_dma.c...
compiling zf_common_fifo.c...
compiling zf_common_function.c...
compiling main.c...
compiling zf_driver_encoder.c...
compiling zf_common_interrupt.c...
compiling zf_driver_dac.c...
compiling zf_common_clock.c...
compiling zf_driver_adc.c...
compiling zf_driver_delay.c...
compiling zf_common_debug.c...
compiling isr.c...
compiling zf_common_font.c...
compiling zf_driver_flash.c...
compiling zf_driver_gpio.c...
compiling zf_driver_iic.c...
compiling zf_driver_pit.c...
compiling zf_driver_pwm.c...
compiling zf_driver_soft_spi.c...
compiling zf_driver_sdio.c...
compiling zf_driver_soft_iic.c...
compiling zf_driver_spi.c...
compiling zf_driver_timer.c...
compiling zf_driver_uart.c...
compiling zf_device_absolute_encoder.c...
compiling zf_device_camera.c...
compiling zf_device_bluetooth_ch9141.c...
compiling zf_device_dm1xa.c...
compiling zf_device_dl1a.c...
compiling zf_device_gps_tau1201.c...
compiling zf_device_icm20602.c...
compiling zf_device_imu660ra.c...
compiling zf_device_imu963ra.c...
compiling zf_device_ips114.c...
compiling zf_device_ips200.c...
compiling zf_device_key.c...
compiling zf_device_mpu6050.c...
compiling zf_device_oled.c...
compiling zf_device_mt9v03x.c...
compiling zf_device_ov7725.c...
compiling zf_device_scc8660.c...
compiling zf_device_sdcard.c...
compiling zf_device_tft180.c...
compiling zf_device_tsl1401.c...
compiling zf_device_type.c...
compiling zf_device_virtual_oscilloscope.c...
compiling zf_device_wifi_uart.c...
compiling zf_device_wireless_uart.c...
compiling system_mm32f3277g.c...
assembling startup_mm32f3277g.s...
compiling hal_adc.c...
compiling hal_comp.c...
compiling hal_dac.c...
compiling hal_dma.c...
compiling hal_exti.c...
compiling hal_fsmc.c...
compiling hal_gpio.c...
compiling hal_i2c.c...
compiling hal_iwdg.c...
compiling hal_rcc.c...
compiling hal_rtc.c...
compiling hal_sdio.c...
compiling hal_spi.c...
compiling hal_syscfg.c...
compiling hal_tim_16b.c...
compiling hal_tim_32b.c...
compiling hal_tim_adv.c...
compiling hal_tim_basic.c...
compiling hal_uart.c...
compiling hal_wwdg.c...
compiling hal_usb.c...
compiling diskio.c...
compiling ffsystem.c...
compiling ffunicode.c...
compiling ff.c...
linking...
Program Size: Code=26476 RO-data=3236 RW-data=212 ZI-data=32728  
".\Objects\MM32F327X_G8P.axf" - 0 Error(s), 0 Warning(s).

<h2>Software Packages used:</h2>

Package Vendor: MindMotion
                http://www.mindmotion.com.cn/Download/MDK_KEIL/MindMotion.MM32F3270_DFP.1.1.7.pack
                MindMotion.MM32F3270_DFP.1.1.7
                MindMotion MM32F3270 Series Device Support, Drivers and Examples

<h2>Collection of Component include folders:</h2>
  E:/Download/keil5/ARM/Pack/MindMotion/MM32F3270_DFP/1.1.7/Device/MM32F327x/Include

<h2>Collection of Component Files used:</h2>
Build Time Elapsed:  00:00:12
</pre>
</body>
</html>
