Component: Arm Compiler for Embedded 6.19 Tool: armlink [5e73cb00]

==============================================================================

Section Cross References

    main.o(.text.main) refers to zf_common_clock.o(.text.clock_init) for clock_init
    main.o(.text.main) refers to zf_common_debug.o(.text.debug_init) for debug_init
    main.o(.text.main) refers to zf_device_gps_tau1201.o(.text.gps_init) for gps_init
    main.o(.text.main) refers to zf_device_tft180.o(.text.tft180_init) for tft180_init
    main.o(.text.main) refers to zf_device_gps_tau1201.o(.bss.gps_tau1201_flag) for gps_tau1201_flag
    main.o(.text.main) refers to zf_device_gps_tau1201.o(.text.gps_data_parse) for gps_data_parse
    main.o(.text.main) refers to zf_device_gps_tau1201.o(.bss.gps_tau1201) for gps_tau1201
    main.o(.text.main) refers to zf_device_tft180.o(.text.tft180_show_uint) for tft180_show_uint
    main.o(.text.main) refers to d2f.o(.text) for __aeabi_d2f
    main.o(.text.main) refers to zf_device_tft180.o(.text.tft180_show_float) for tft180_show_float
    main.o(.text.main) refers to zf_driver_delay.o(.text.system_delay_ms) for system_delay_ms
    main.o(.ARM.exidx.text.main) refers to main.o(.text.main) for [Anonymous Symbol]
    isr.o(.ARM.exidx.text.TIM1_UP_IRQHandler) refers to isr.o(.text.TIM1_UP_IRQHandler) for [Anonymous Symbol]
    isr.o(.ARM.exidx.text.TIM2_IRQHandler) refers to isr.o(.text.TIM2_IRQHandler) for [Anonymous Symbol]
    isr.o(.ARM.exidx.text.TIM3_IRQHandler) refers to isr.o(.text.TIM3_IRQHandler) for [Anonymous Symbol]
    isr.o(.ARM.exidx.text.TIM4_IRQHandler) refers to isr.o(.text.TIM4_IRQHandler) for [Anonymous Symbol]
    isr.o(.ARM.exidx.text.TIM5_IRQHandler) refers to isr.o(.text.TIM5_IRQHandler) for [Anonymous Symbol]
    isr.o(.ARM.exidx.text.TIM6_IRQHandler) refers to isr.o(.text.TIM6_IRQHandler) for [Anonymous Symbol]
    isr.o(.ARM.exidx.text.TIM7_IRQHandler) refers to isr.o(.text.TIM7_IRQHandler) for [Anonymous Symbol]
    isr.o(.text.TIM8_UP_IRQHandler) refers to zf_device_tsl1401.o(.text.tsl1401_collect_pit_handler) for tsl1401_collect_pit_handler
    isr.o(.ARM.exidx.text.TIM8_UP_IRQHandler) refers to isr.o(.text.TIM8_UP_IRQHandler) for [Anonymous Symbol]
    isr.o(.ARM.exidx.text.UART1_IRQHandler) refers to isr.o(.text.UART1_IRQHandler) for [Anonymous Symbol]
    isr.o(.text.UART2_IRQHandler) refers to zf_device_gps_tau1201.o(.text.gps_uart_callback) for gps_uart_callback
    isr.o(.ARM.exidx.text.UART2_IRQHandler) refers to isr.o(.text.UART2_IRQHandler) for [Anonymous Symbol]
    isr.o(.ARM.exidx.text.UART3_IRQHandler) refers to isr.o(.text.UART3_IRQHandler) for [Anonymous Symbol]
    isr.o(.ARM.exidx.text.UART4_IRQHandler) refers to isr.o(.text.UART4_IRQHandler) for [Anonymous Symbol]
    isr.o(.ARM.exidx.text.UART5_IRQHandler) refers to isr.o(.text.UART5_IRQHandler) for [Anonymous Symbol]
    isr.o(.text.UART6_IRQHandler) refers to zf_device_type.o(.data.wireless_module_uart_handler) for wireless_module_uart_handler
    isr.o(.ARM.exidx.text.UART6_IRQHandler) refers to isr.o(.text.UART6_IRQHandler) for [Anonymous Symbol]
    isr.o(.ARM.exidx.text.UART7_IRQHandler) refers to isr.o(.text.UART7_IRQHandler) for [Anonymous Symbol]
    isr.o(.text.UART8_IRQHandler) refers to zf_device_type.o(.data.camera_uart_handler) for camera_uart_handler
    isr.o(.ARM.exidx.text.UART8_IRQHandler) refers to isr.o(.text.UART8_IRQHandler) for [Anonymous Symbol]
    isr.o(.ARM.exidx.text.EXTI0_IRQHandler) refers to isr.o(.text.EXTI0_IRQHandler) for [Anonymous Symbol]
    isr.o(.ARM.exidx.text.EXTI1_IRQHandler) refers to isr.o(.text.EXTI1_IRQHandler) for [Anonymous Symbol]
    isr.o(.ARM.exidx.text.EXTI2_IRQHandler) refers to isr.o(.text.EXTI2_IRQHandler) for [Anonymous Symbol]
    isr.o(.ARM.exidx.text.EXTI3_IRQHandler) refers to isr.o(.text.EXTI3_IRQHandler) for [Anonymous Symbol]
    isr.o(.ARM.exidx.text.EXTI4_IRQHandler) refers to isr.o(.text.EXTI4_IRQHandler) for [Anonymous Symbol]
    isr.o(.text.EXTI9_5_IRQHandler) refers to zf_device_type.o(.data.camera_vsync_handler) for camera_vsync_handler
    isr.o(.ARM.exidx.text.EXTI9_5_IRQHandler) refers to isr.o(.text.EXTI9_5_IRQHandler) for [Anonymous Symbol]
    isr.o(.text.EXTI15_10_IRQHandler) refers to zf_device_dm1xa.o(.text.dm1xa_light_callback) for dm1xa_light_callback
    isr.o(.text.EXTI15_10_IRQHandler) refers to zf_device_dm1xa.o(.text.dm1xa_sound_callback) for dm1xa_sound_callback
    isr.o(.ARM.exidx.text.EXTI15_10_IRQHandler) refers to isr.o(.text.EXTI15_10_IRQHandler) for [Anonymous Symbol]
    isr.o(.ARM.exidx.text.DMA1_Channel1_IRQHandler) refers to isr.o(.text.DMA1_Channel1_IRQHandler) for [Anonymous Symbol]
    isr.o(.ARM.exidx.text.DMA1_Channel2_IRQHandler) refers to isr.o(.text.DMA1_Channel2_IRQHandler) for [Anonymous Symbol]
    isr.o(.ARM.exidx.text.DMA1_Channel3_IRQHandler) refers to isr.o(.text.DMA1_Channel3_IRQHandler) for [Anonymous Symbol]
[...]
    isr.c                                    0x00000000   Number         0  isr.o ABSOLUTE
    main.c                                   0x00000000   Number         0  main.o ABSOLUTE
    system_mm32f3277g.c                      0x00000000   Number         0  system_mm32f3277g.o ABSOLUTE
    zf_common_clock.c                        0x00000000   Number         0  zf_common_clock.o ABSOLUTE
    zf_common_debug.c                        0x00000000   Number         0  zf_common_debug.o ABSOLUTE
    zf_common_fifo.c                         0x00000000   Number         0  zf_common_fifo.o ABSOLUTE
    zf_common_font.c                         0x00000000   Number         0  zf_common_font.o ABSOLUTE
    zf_common_function.c                     0x00000000   Number         0  zf_common_function.o ABSOLUTE
    zf_common_interrupt.c                    0x00000000   Number         0  zf_common_interrupt.o ABSOLUTE
    zf_device_absolute_encoder.c             0x00000000   Number         0  zf_device_absolute_encoder.o ABSOLUTE
    zf_device_bluetooth_ch9141.c             0x00000000   Number         0  zf_device_bluetooth_ch9141.o ABSOLUTE
    zf_device_camera.c                       0x00000000   Number         0  zf_device_camera.o ABSOLUTE
    zf_device_config.c                       0x00000000   Number         0  zf_device_config.o ABSOLUTE
    zf_device_dl1a.c                         0x00000000   Number         0  zf_device_dl1a.o ABSOLUTE
    zf_device_dm1xa.c                        0x00000000   Number         0  zf_device_dm1xa.o ABSOLUTE
    zf_device_gps_tau1201.c                  0x00000000   Number         0  zf_device_gps_tau1201.o ABSOLUTE
    zf_device_icm20602.c                     0x00000000   Number         0  zf_device_icm20602.o ABSOLUTE
    zf_device_imu660ra.c                     0x00000000   Number         0  zf_device_imu660ra.o ABSOLUTE
    zf_device_imu963ra.c                     0x00000000   Number         0  zf_device_imu963ra.o ABSOLUTE
    zf_device_ips114.c                       0x00000000   Number         0  zf_device_ips114.o ABSOLUTE
    zf_device_ips200.c                       0x00000000   Number         0  zf_device_ips200.o ABSOLUTE
    zf_device_key.c                          0x00000000   Number         0  zf_device_key.o ABSOLUTE
    zf_device_mpu6050.c                      0x00000000   Number         0  zf_device_mpu6050.o ABSOLUTE
    zf_device_mt9v03x.c                      0x00000000   Number         0  zf_device_mt9v03x.o ABSOLUTE
    zf_device_oled.c                         0x00000000   Number         0  zf_device_oled.o ABSOLUTE
    zf_device_ov7725.c                       0x00000000   Number         0  zf_device_ov7725.o ABSOLUTE
    zf_device_scc8660.c                      0x00000000   Number         0  zf_device_scc8660.o ABSOLUTE
    zf_device_sdcard.c                       0x00000000   Number         0  zf_device_sdcard.o ABSOLUTE
    zf_device_tft180.c                       0x00000000   Number         0  zf_device_tft180.o ABSOLUTE
    zf_device_tsl1401.c                      0x00000000   Number         0  zf_device_tsl1401.o ABSOLUTE
    zf_device_type.c                         0x00000000   Number         0  zf_device_type.o ABSOLUTE
    zf_device_virtual_oscilloscope.c         0x00000000   Number         0  zf_device_virtual_oscilloscope.o ABSOLUTE
    zf_device_wifi_uart.c                    0x00000000   Number         0  zf_device_wifi_uart.o ABSOLUTE
    zf_device_wireless_uart.c                0x00000000   Number         0  zf_device_wireless_uart.o ABSOLUTE
    zf_driver_adc.c                          0x00000000   Number         0  zf_driver_adc.o ABSOLUTE
    zf_driver_dac.c                          0x00000000   Number         0  zf_driver_dac.o ABSOLUTE
    zf_driver_delay.c                        0x00000000   Number         0  zf_driver_delay.o ABSOLUTE
    zf_driver_dma.c                          0x00000000   Number         0  zf_driver_dma.o ABSOLUTE
    zf_driver_encoder.c                      0x00000000   Number         0  zf_driver_encoder.o ABSOLUTE
    zf_driver_exti.c                         0x00000000   Number         0  zf_driver_exti.o ABSOLUTE
    zf_driver_flash.c                        0x00000000   Number         0  zf_driver_flash.o ABSOLUTE
    zf_driver_gpio.c                         0x00000000   Number         0  zf_driver_gpio.o ABSOLUTE
    zf_driver_iic.c                          0x00000000   Number         0  zf_driver_iic.o ABSOLUTE
    zf_driver_pit.c                          0x00000000   Number         0  zf_driver_pit.o ABSOLUTE
    zf_driver_pwm.c                          0x00000000   Number         0  zf_driver_pwm.o ABSOLUTE
    zf_driver_sdio.c                         0x00000000   Number         0  zf_driver_sdio.o ABSOLUTE
    zf_driver_soft_iic.c                     0x00000000   Number         0  zf_driver_soft_iic.o ABSOLUTE
    zf_driver_soft_spi.c                     0x00000000   Number         0  zf_driver_soft_spi.o ABSOLUTE
    zf_driver_spi.c                          0x00000000   Number         0  zf_driver_spi.o ABSOLUTE
    zf_driver_timer.c                        0x00000000   Number         0  zf_driver_timer.o ABSOLUTE
    zf_driver_uart.c                         0x00000000   Number         0  zf_driver_uart.o ABSOLUTE
    RESET                                    0x08000000   Section      400  startup_mm32f3277g.o(RESET)
    .ARM.Collect$$$$00000000                 0x08000400   Section        0  entry.o(.ARM.Collect$$$$00000000)
    .ARM.Collect$$$$00000003                 0x08000400   Section        4  entry4.o(.ARM.Collect$$$$00000003)
    .ARM.Collect$$$$00000004                 0x08000404   Section        4  entry5.o(.ARM.Collect$$$$00000004)
    .ARM.Collect$$$$00000008                 0x08000408   Section        0  entry7b.o(.ARM.Collect$$$$00000008)
    .ARM.Collect$$$$0000000A                 0x08000408   Section        0  entry8b.o(.ARM.Collect$$$$0000000A)
    .ARM.Collect$$$$0000000B                 0x08000408   Section        8  entry9a.o(.ARM.Collect$$$$0000000B)
    __lit__00000000                          0x08000410   Data           4  entry4.o(.ARM.Collect$$$$00002714)
    .ARM.Collect$$$$0000000D                 0x08000410   Section        0  entry10a.o(.ARM.Collect$$$$0000000D)
    .ARM.Collect$$$$0000000F                 0x08000410   Section        0  entry11a.o(.ARM.Collect$$$$0000000F)
    .ARM.Collect$$$$00002714                 0x08000410   Section        4  entry4.o(.ARM.Collect$$$$00002714)
    .text                                    0x08000414   Section       36  startup_mm32f3277g.o(.text)
    .text                                    0x08000438   Section        0  memcpya.o(.text)
    .text                                    0x0800045c   Section        0  memseta.o(.text)
    .text                                    0x08000480   Section        0  strncpy.o(.text)
    .text                                    0x08000498   Section        0  strchr.o(.text)
    .text                                    0x080004ac   Section        0  strlen.o(.text)
    .text                                    0x080004ba   Section        0  strncmp.o(.text)
    .text                                    0x080004d8   Section        0  fadd.o(.text)
    .text                                    0x08000588   Section        0  fmul.o(.text)
    .text                                    0x080005ec   Section        0  dadd.o(.text)
    .text                                    0x0800073a   Section        0  dmul.o(.text)
    .text                                    0x0800081e   Section        0  ddiv.o(.text)
    .text                                    0x080008fc   Section        0  fcmpge.o(.text)
    .text                                    0x08000918   Section        0  dcmplt.o(.text)
    .text                                    0x0800094e   Section        0  dcmpeq.o(.text)
    .text                                    0x08000986   Section        0  fflti.o(.text)
    .text                                    0x08000998   Section        0  ffltui.o(.text)
    .text                                    0x080009a2   Section        0  dflti.o(.text)
    .text                                    0x080009c4   Section        0  ffixi.o(.text)
    .text                                    0x080009f6   Section        0  dfixi.o(.text)
    .text                                    0x08000a34   Section        0  f2d.o(.text)
    .text                                    0x08000a5a   Section        0  d2f.o(.text)
    .text                                    0x08000a92   Section        0  uidiv.o(.text)
    .text                                    0x08000abe   Section        0  uldiv.o(.text)
    .text                                    0x08000b20   Section        0  llshl.o(.text)
    .text                                    0x08000b3e   Section        0  llushr.o(.text)
    .text                                    0x08000b5e   Section        0  llsshr.o(.text)
    .text                                    0x08000b82   Section        0  iusefp.o(.text)
    .text                                    0x08000b82   Section        0  fepilogue.o(.text)
    .text                                    0x08000bf0   Section        0  depilogue.o(.text)
    .text                                    0x08000caa   Section        0  dfixul.o(.text)
    .text                                    0x08000cdc   Section       48  cdrcmple.o(.text)
    .text                                    0x08000d0c   Section       36  init.o(.text)
    [Anonymous Symbol]                       0x08000d30   Section        0  isr.o(.text.DMA1_Channel1_IRQHandler)
    [Anonymous Symbol]                       0x08000d50   Section        0  isr.o(.text.DMA1_Channel2_IRQHandler)
    [Anonymous Symbol]                       0x08000d74   Section        0  isr.o(.text.DMA1_Channel3_IRQHandler)
    [Anonymous Symbol]                       0x08000d98   Section        0  isr.o(.text.DMA1_Channel4_IRQHandler)
    [Anonymous Symbol]                       0x08000dc8   Section        0  isr.o(.text.DMA1_Channel5_IRQHandler)
    [Anonymous Symbol]                       0x08000dec   Section        0  isr.o(.text.DMA1_Channel6_IRQHandler)
    [Anonymous Symbol]                       0x08000e10   Section        0  isr.o(.text.DMA1_Channel7_IRQHandler)
    [Anonymous Symbol]                       0x08000e34   Section        0  isr.o(.text.DMA2_Channel1_IRQHandler)
    [Anonymous Symbol]                       0x08000e58   Section        0  isr.o(.text.DMA2_Channel2_IRQHandler)
    [Anonymous Symbol]                       0x08000e80   Section        0  isr.o(.text.DMA2_Channel3_IRQHandler)
    [Anonymous Symbol]                       0x08000ea8   Section        0  isr.o(.text.DMA2_Channel4_IRQHandler)
    [Anonymous Symbol]                       0x08000ed0   Section        0  isr.o(.text.DMA2_Channel5_IRQHandler)
    [Anonymous Symbol]                       0x08000ef8   Section        0  isr.o(.text.EXTI0_IRQHandler)
    [Anonymous Symbol]                       0x08000f0c   Section        0  isr.o(.text.EXTI15_10_IRQHandler)
    [Anonymous Symbol]                       0x08000ff0   Section        0  isr.o(.text.EXTI1_IRQHandler)
    [Anonymous Symbol]                       0x08001004   Section        0  isr.o(.text.EXTI2_IRQHandler)
    [Anonymous Symbol]                       0x08001018   Section        0  isr.o(.text.EXTI3_IRQHandler)
    [Anonymous Symbol]                       0x0800102c   Section        0  isr.o(.text.EXTI4_IRQHandler)
    [Anonymous Symbol]                       0x08001040   Section        0  isr.o(.text.EXTI9_5_IRQHandler)
    [Anonymous Symbol]                       0x08001104   Section        0  system_mm32f3277g.o(.text.SystemInit)
    [Anonymous Symbol]                       0x08001114   Section        0  isr.o(.text.TIM1_UP_IRQHandler)
    [Anonymous Symbol]                       0x08001128   Section        0  isr.o(.text.TIM2_IRQHandler)
    [Anonymous Symbol]                       0x08001138   Section        0  isr.o(.text.TIM3_IRQHandler)
    [Anonymous Symbol]                       0x0800114c   Section        0  isr.o(.text.TIM4_IRQHandler)
    [Anonymous Symbol]                       0x08001160   Section        0  isr.o(.text.TIM5_IRQHandler)
    [Anonymous Symbol]                       0x08001174   Section        0  isr.o(.text.TIM6_IRQHandler)
    [Anonymous Symbol]                       0x08001188   Section        0  isr.o(.text.TIM7_IRQHandler)
    [Anonymous Symbol]                       0x0800119c   Section        0  isr.o(.text.TIM8_UP_IRQHandler)
    [Anonymous Symbol]                       0x080011b4   Section        0  isr.o(.text.UART1_IRQHandler)
    [Anonymous Symbol]                       0x080011fc   Section        0  isr.o(.text.UART2_IRQHandler)
    [Anonymous Symbol]                       0x0800124c   Section        0  isr.o(.text.UART3_IRQHandler)
    [Anonymous Symbol]                       0x08001294   Section        0  isr.o(.text.UART4_IRQHandler)
    [Anonymous Symbol]                       0x080012dc   Section        0  isr.o(.text.UART5_IRQHandler)
    [Anonymous Symbol]                       0x08001324   Section        0  isr.o(.text.UART6_IRQHandler)
    [Anonymous Symbol]                       0x0800137c   Section        0  isr.o(.text.UART7_IRQHandler)
    [Anonymous Symbol]                       0x080013c4   Section        0  isr.o(.text.UART8_IRQHandler)
    __NVIC_DisableIRQ                        0x0800141d   Thumb Code    56  zf_common_interrupt.o(.text.__NVIC_DisableIRQ)
    [Anonymous Symbol]                       0x0800141c   Section        0  zf_common_interrupt.o(.text.__NVIC_DisableIRQ)
    __NVIC_EnableIRQ                         0x08001455   Thumb Code    48  zf_common_interrupt.o(.text.__NVIC_EnableIRQ)
    [Anonymous Symbol]                       0x08001454   Section        0  zf_common_interrupt.o(.text.__NVIC_EnableIRQ)
    __NVIC_SetPriorityGrouping               0x08001485   Thumb Code    60  zf_common_interrupt.o(.text.__NVIC_SetPriorityGrouping)
    [Anonymous Symbol]                       0x08001484   Section        0  zf_common_interrupt.o(.text.__NVIC_SetPriorityGrouping)
    [Anonymous Symbol]                       0x080014c0   Section        0  zf_driver_adc.o(.text.adc_convert)
    [Anonymous Symbol]                       0x08001558   Section        0  zf_driver_gpio.o(.text.afio_init)
    [Anonymous Symbol]                       0x080016d8   Section        0  zf_common_clock.o(.text.clock_init)
    clock_reset                              0x080016fd   Thumb Code   152  zf_common_clock.o(.text.clock_reset)
    [Anonymous Symbol]                       0x080016fc   Section        0  zf_common_clock.o(.text.clock_reset)
    clock_set_freq                           0x08001795   Thumb Code   608  zf_common_clock.o(.text.clock_set_freq)
    [Anonymous Symbol]                       0x08001794   Section        0  zf_common_clock.o(.text.clock_set_freq)
    [Anonymous Symbol]                       0x080019f4   Section        0  zf_common_debug.o(.text.debug_assert_handler)
    debug_delay                              0x08001a61   Thumb Code    64  zf_common_debug.o(.text.debug_delay)
    [Anonymous Symbol]                       0x08001a60   Section        0  zf_common_debug.o(.text.debug_delay)
    [Anonymous Symbol]                       0x08001aa0   Section        0  zf_common_debug.o(.text.debug_init)
    debug_output                             0x08001ad5   Thumb Code   942  zf_common_debug.o(.text.debug_output)
    [Anonymous Symbol]                       0x08001ad4   Section        0  zf_common_debug.o(.text.debug_output)
    [Anonymous Symbol]                       0x08001e84   Section        0  zf_common_debug.o(.text.debug_output_init)
    [Anonymous Symbol]                       0x08001ed0   Section        0  zf_common_debug.o(.text.debug_output_struct_init)
    debug_protective_handler                 0x08001f01   Thumb Code   242  zf_common_debug.o(.text.debug_protective_handler)
    [Anonymous Symbol]                       0x08001f00   Section        0  zf_common_debug.o(.text.debug_protective_handler)
    debug_uart_str_output                    0x08001ff5   Thumb Code    18  zf_common_debug.o(.text.debug_uart_str_output)
    [Anonymous Symbol]                       0x08001ff4   Section        0  zf_common_debug.o(.text.debug_uart_str_output)
    [Anonymous Symbol]                       0x08002008   Section        0  zf_device_dm1xa.o(.text.dm1xa_light_callback)
    [Anonymous Symbol]                       0x08002044   Section        0  zf_device_dm1xa.o(.text.dm1xa_sound_callback)
    [Anonymous Symbol]                       0x08002144   Section        0  zf_common_fifo.o(.text.fifo_clear)
    fifo_end_offset                          0x080021ed   Thumb Code    46  zf_common_fifo.o(.text.fifo_end_offset)
    [Anonymous Symbol]                       0x080021ec   Section        0  zf_common_fifo.o(.text.fifo_end_offset)
    fifo_head_offset                         0x0800221d   Thumb Code    46  zf_common_fifo.o(.text.fifo_head_offset)
    [Anonymous Symbol]                       0x0800221c   Section        0  zf_common_fifo.o(.text.fifo_head_offset)
    [Anonymous Symbol]                       0x0800224c   Section        0  zf_common_fifo.o(.text.fifo_init)
    [Anonymous Symbol]                       0x080022bc   Section        0  zf_common_fifo.o(.text.fifo_read_buffer)
    [Anonymous Symbol]                       0x080024ac   Section        0  zf_common_fifo.o(.text.fifo_used)
    [Anonymous Symbol]                       0x080024d4   Section        0  zf_common_fifo.o(.text.fifo_write_buffer)
    [Anonymous Symbol]                       0x080026d0   Section        0  zf_common_function.o(.text.func_float_to_str)
    [Anonymous Symbol]                       0x0800291c   Section        0  zf_common_function.o(.text.func_get_greatest_common_divisor)
    [Anonymous Symbol]                       0x08002960   Section        0  zf_common_function.o(.text.func_str_to_double)
    [Anonymous Symbol]                       0x08002b24   Section        0  zf_common_function.o(.text.func_str_to_hex)
    [Anonymous Symbol]                       0x08002c34   Section        0  zf_common_function.o(.text.func_str_to_int)
    [Anonymous Symbol]                       0x08002cf0   Section        0  zf_common_function.o(.text.func_uint_to_str)
    get_double_number                        0x08002d99   Thumb Code    80  zf_device_gps_tau1201.o(.text.get_double_number)
    [Anonymous Symbol]                       0x08002d98   Section        0  zf_device_gps_tau1201.o(.text.get_double_number)
    get_float_number                         0x08002de9   Thumb Code    78  zf_device_gps_tau1201.o(.text.get_float_number)
    [Anonymous Symbol]                       0x08002de8   Section        0  zf_device_gps_tau1201.o(.text.get_float_number)
    get_int_number                           0x08002e39   Thumb Code    76  zf_device_gps_tau1201.o(.text.get_int_number)
    [Anonymous Symbol]                       0x08002e38   Section        0  zf_device_gps_tau1201.o(.text.get_int_number)
    get_parameter_index                      0x08002e85   Thumb Code   160  zf_device_gps_tau1201.o(.text.get_parameter_index)
    [Anonymous Symbol]                       0x08002e84   Section        0  zf_device_gps_tau1201.o(.text.get_parameter_index)
    [Anonymous Symbol]                       0x08002f24   Section        0  zf_driver_gpio.o(.text.gpio_get_level)
    [Anonymous Symbol]                       0x08002f54   Section        0  zf_driver_gpio.o(.text.gpio_init)
    [Anonymous Symbol]                       0x0800313c   Section        0  zf_driver_gpio.o(.text.gpio_set_level)
    [Anonymous Symbol]                       0x080031a0   Section        0  zf_device_gps_tau1201.o(.text.gps_data_parse)
    gps_gngga_parse                          0x08003359   Thumb Code   148  zf_device_gps_tau1201.o(.text.gps_gngga_parse)
    [Anonymous Symbol]                       0x08003358   Section        0  zf_device_gps_tau1201.o(.text.gps_gngga_parse)
    gps_gnrmc_parse                          0x080033ed   Thumb Code   806  zf_device_gps_tau1201.o(.text.gps_gnrmc_parse)
    [Anonymous Symbol]                       0x080033ec   Section        0  zf_device_gps_tau1201.o(.text.gps_gnrmc_parse)
    [Anonymous Symbol]                       0x08003714   Section        0  zf_device_gps_tau1201.o(.text.gps_init)
    [Anonymous Symbol]                       0x08003924   Section        0  zf_device_gps_tau1201.o(.text.gps_uart_callback)
    [Anonymous Symbol]                       0x08003a60   Section        0  zf_common_interrupt.o(.text.interrupt_disable)
    [Anonymous Symbol]                       0x08003a74   Section        0  zf_common_interrupt.o(.text.interrupt_enable)
    [Anonymous Symbol]                       0x08003a88   Section        0  zf_common_interrupt.o(.text.interrupt_global_disable)
    [Anonymous Symbol]                       0x08003aac   Section        0  zf_common_interrupt.o(.text.interrupt_init)
    [Anonymous Symbol]                       0x08003ab8   Section        0  main.o(.text.main)
    [Anonymous Symbol]                       0x08003c1c   Section        0  zf_driver_spi.o(.text.spi_init)
    [Anonymous Symbol]                       0x08003f84   Section        0  zf_driver_spi.o(.text.spi_write_16bit)
    [Anonymous Symbol]                       0x0800403c   Section        0  zf_driver_spi.o(.text.spi_write_8bit)
    [Anonymous Symbol]                       0x080040c4   Section        0  zf_driver_delay.o(.text.system_delay_ms)
    [Anonymous Symbol]                       0x08004160   Section        0  zf_device_tft180.o(.text.tft180_clear)
    tft180_debug_init                        0x080041dd   Thumb Code   138  zf_device_tft180.o(.text.tft180_debug_init)
    [Anonymous Symbol]                       0x080041dc   Section        0  zf_device_tft180.o(.text.tft180_debug_init)
    [Anonymous Symbol]                       0x08004268   Section        0  zf_device_tft180.o(.text.tft180_init)
    [Anonymous Symbol]                       0x08004638   Section        0  zf_device_tft180.o(.text.tft180_set_color)
    [Anonymous Symbol]                       0x08004664   Section        0  zf_device_tft180.o(.text.tft180_set_dir)
    tft180_set_region                        0x080046c9   Thumb Code   390  zf_device_tft180.o(.text.tft180_set_region)
    [Anonymous Symbol]                       0x080046c8   Section        0  zf_device_tft180.o(.text.tft180_set_region)
    [Anonymous Symbol]                       0x08004850   Section        0  zf_device_tft180.o(.text.tft180_show_char)
    [Anonymous Symbol]                       0x08004aec   Section        0  zf_device_tft180.o(.text.tft180_show_float)
    [Anonymous Symbol]                       0x08004c4c   Section        0  zf_device_tft180.o(.text.tft180_show_string)
    [Anonymous Symbol]                       0x08004d28   Section        0  zf_device_tft180.o(.text.tft180_show_uint)
    tft180_write_index                       0x08004e29   Thumb Code    54  zf_device_tft180.o(.text.tft180_write_index)
    [Anonymous Symbol]                       0x08004e28   Section        0  zf_device_tft180.o(.text.tft180_write_index)
    [Anonymous Symbol]                       0x08004e60   Section        0  zf_driver_timer.o(.text.timer_clear)
    [Anonymous Symbol]                       0x08004f14   Section        0  zf_driver_timer.o(.text.timer_get)
    [Anonymous Symbol]                       0x08004fcc   Section        0  zf_device_tsl1401.o(.text.tsl1401_collect_pit_handler)
    type_default_callback                    0x080050ad   Thumb Code     2  zf_device_type.o(.text.type_default_callback)
    [Anonymous Symbol]                       0x080050ac   Section        0  zf_device_type.o(.text.type_default_callback)
    [Anonymous Symbol]                       0x080050b0   Section        0  zf_driver_uart.o(.text.uart_init)
    [Anonymous Symbol]                       0x0800533c   Section        0  zf_driver_uart.o(.text.uart_query_byte)
    [Anonymous Symbol]                       0x080053a4   Section        0  zf_driver_uart.o(.text.uart_rx_interrupt)
    [Anonymous Symbol]                       0x08005444   Section        0  zf_driver_uart.o(.text.uart_write_buffer)
    [Anonymous Symbol]                       0x080054b0   Section        0  zf_driver_uart.o(.text.uart_write_byte)
    [Anonymous Symbol]                       0x080054f0   Section        0  zf_driver_uart.o(.text.uart_write_string)
    utc_to_btc                               0x08005531   Thumb Code   290  zf_device_gps_tau1201.o(.text.utc_to_btc)
    [Anonymous Symbol]                       0x08005530   Section        0  zf_device_gps_tau1201.o(.text.utc_to_btc)
    i.__0sprintf                             0x08005654   Section        0  printfa.o(i.__0sprintf)
    i.__scatterload_copy                     0x0800567c   Section       14  handlers.o(i.__scatterload_copy)
    i.__scatterload_null                     0x0800568a   Section        2  handlers.o(i.__scatterload_null)
    i.__scatterload_zeroinit                 0x0800568c   Section       14  handlers.o(i.__scatterload_zeroinit)
    _fp_digits                               0x0800569d   Thumb Code   366  printfa.o(i._fp_digits)
    i._fp_digits                             0x0800569c   Section        0  printfa.o(i._fp_digits)
    _printf_core                             0x08005821   Thumb Code  1744  printfa.o(i._printf_core)
    i._printf_core                           0x08005820   Section        0  printfa.o(i._printf_core)
    _printf_post_padding                     0x08005efd   Thumb Code    36  printfa.o(i._printf_post_padding)
    i._printf_post_padding                   0x08005efc   Section        0  printfa.o(i._printf_post_padding)
    _printf_pre_padding                      0x08005f21   Thumb Code    46  printfa.o(i._printf_pre_padding)
    i._printf_pre_padding                    0x08005f20   Section        0  printfa.o(i._printf_pre_padding)
    _sputc                                   0x08005f4f   Thumb Code    10  printfa.o(i._sputc)
    i._sputc                                 0x08005f4e   Section        0  printfa.o(i._sputc)
    .L__const.debug_protective_handler.pin_list 0x08005f58   Data         172  zf_common_debug.o(.rodata..L__const.debug_protective_handler.pin_list)
    .L__const.gps_init.set_rate              0x08006004   Data          28  zf_device_gps_tau1201.o(.rodata..L__const.gps_init.set_rate)
    .L.str.6                                 0x08006838   Data          21  zf_common_debug.o(.rodata.str1.1)
    [Anonymous Symbol]                       0x08006838   Section        0  zf_common_debug.o(.rodata.str1.1)
    .L.str.1                                 0x08006845   Data          12  zf_common_debug.o(.rodata.str1.1)
    .L.str.5                                 0x0800684d   Data          25  zf_common_debug.o(.rodata.str1.1)
    .L.str.4                                 0x08006866   Data           9  zf_common_debug.o(.rodata.str1.1)
    .L.str                                   0x0800686f   Data          13  zf_common_debug.o(.rodata.str1.1)
    .L.str.2                                 0x0800687c   Data           9  zf_common_debug.o(.rodata.str1.1)
    .L.str.3                                 0x08006885   Data          13  zf_common_debug.o(.rodata.str1.1)
    .L.str                                   0x08006892   Data          43  zf_common_fifo.o(.rodata.str1.1)
    [Anonymous Symbol]                       0x08006892   Section        0  zf_common_fifo.o(.rodata.str1.1)
    .L.str                                   0x080068bd   Data          47  zf_common_function.o(.rodata.str1.1)
    [Anonymous Symbol]                       0x080068bd   Section        0  zf_common_function.o(.rodata.str1.1)
    .L.str                                   0x080068ec   Data          44  zf_driver_delay.o(.rodata.str1.1)
    [Anonymous Symbol]                       0x080068ec   Section        0  zf_driver_delay.o(.rodata.str1.1)
    .L.str                                   0x08006918   Data          42  zf_driver_spi.o(.rodata.str1.1)
    [Anonymous Symbol]                       0x08006918   Section        0  zf_driver_spi.o(.rodata.str1.1)
    .L.str                                   0x08006942   Data          43  zf_driver_uart.o(.rodata.str1.1)
    [Anonymous Symbol]                       0x08006942   Section        0  zf_driver_uart.o(.rodata.str1.1)
    .L.str.1                                 0x0800696d   Data           4  zf_device_gps_tau1201.o(.rodata.str1.1)
    [Anonymous Symbol]                       0x0800696d   Section        0  zf_device_gps_tau1201.o(.rodata.str1.1)
    .L.str                                   0x08006971   Data           4  zf_device_gps_tau1201.o(.rodata.str1.1)
    .L.str                                   0x08006975   Data          45  zf_device_tft180.o(.rodata.str1.1)
    [Anonymous Symbol]                       0x08006975   Section        0  zf_device_tft180.o(.rodata.str1.1)
    adc_index                                0x20000000   Data           8  zf_driver_adc.o(.data.adc_index)
    [Anonymous Symbol]                       0x20000000   Section        0  zf_driver_adc.o(.data.adc_index)
    dm1xa_distance_mm                        0x20000014   Data           2  zf_device_dm1xa.o(.data.dm1xa_distance_mm)
    [Anonymous Symbol]                       0x20000014   Section        0  zf_device_dm1xa.o(.data.dm1xa_distance_mm)
    spi_index                                0x20000038   Data           8  zf_driver_spi.o(.data.spi_index)
    [Anonymous Symbol]                       0x20000038   Section        0  zf_driver_spi.o(.data.spi_index)
    tft180_bgcolor                           0x20000044   Data           2  zf_device_tft180.o(.data.tft180_bgcolor)
    [Anonymous Symbol]                       0x20000044   Section        0  zf_device_tft180.o(.data.tft180_bgcolor)
    tft180_display_font                      0x20000046   Data           1  zf_device_tft180.o(.data.tft180_display_font)
    [Anonymous Symbol]                       0x20000046   Section        0  zf_device_tft180.o(.data.tft180_display_font)
    tft180_pencolor                          0x20000048   Data           2  zf_device_tft180.o(.data.tft180_pencolor)
    [Anonymous Symbol]                       0x20000048   Section        0  zf_device_tft180.o(.data.tft180_pencolor)
    tft180_x_max                             0x2000004a   Data           1  zf_device_tft180.o(.data.tft180_x_max)
    [Anonymous Symbol]                       0x2000004a   Section        0  zf_device_tft180.o(.data.tft180_x_max)
    tft180_y_max                             0x2000004b   Data           1  zf_device_tft180.o(.data.tft180_y_max)
    [Anonymous Symbol]                       0x2000004b   Section        0  zf_device_tft180.o(.data.tft180_y_max)
    uart_index                               0x2000004c   Data          32  zf_driver_uart.o(.data.uart_index)
    [Anonymous Symbol]                       0x2000004c   Section        0  zf_driver_uart.o(.data.uart_index)
    uart_irq                                 0x2000006c   Data           8  zf_driver_uart.o(.data.uart_irq)
    [Anonymous Symbol]                       0x2000006c   Section        0  zf_driver_uart.o(.data.uart_irq)
    zf_debug_assert_enable                   0x20000078   Data           1  zf_common_debug.o(.data.zf_debug_assert_enable)
    [Anonymous Symbol]                       0x20000078   Section        0  zf_common_debug.o(.data.zf_debug_assert_enable)
    adc_resolution                           0x20000080   Data           2  zf_driver_adc.o(.bss.adc_resolution)
    [Anonymous Symbol]                       0x20000080   Section        0  zf_driver_adc.o(.bss.adc_resolution)
    debug_assert_handler.assert_nest_index   0x20000082   Data           1  zf_common_debug.o(.bss.debug_assert_handler.assert_nest_index)
    [Anonymous Symbol]                       0x20000082   Section        0  zf_common_debug.o(.bss.debug_assert_handler.assert_nest_index)
    debug_output_info                        0x20000084   Data          20  zf_common_debug.o(.bss.debug_output_info)
    [Anonymous Symbol]                       0x20000084   Section        0  zf_common_debug.o(.bss.debug_output_info)
    dm1xa_plus_count                         0x20000098   Data           4  zf_device_dm1xa.o(.bss.dm1xa_plus_count)
    [Anonymous Symbol]                       0x20000098   Section        0  zf_device_dm1xa.o(.bss.dm1xa_plus_count)
    dm1xa_ranging_state                      0x2000009c   Data           1  zf_device_dm1xa.o(.bss.dm1xa_ranging_state)
    [Anonymous Symbol]                       0x2000009c   Section        0  zf_device_dm1xa.o(.bss.dm1xa_ranging_state)
    dm1xa_type                               0x2000009d   Data           1  zf_device_dm1xa.o(.bss.dm1xa_type)
    [Anonymous Symbol]                       0x2000009d   Section        0  zf_device_dm1xa.o(.bss.dm1xa_type)
    gps_gga_buffer                           0x2000009e   Data         128  zf_device_gps_tau1201.o(.bss.gps_gga_buffer)
    [Anonymous Symbol]                       0x2000009e   Section        0  zf_device_gps_tau1201.o(.bss.gps_gga_buffer)
    gps_rmc_buffer                           0x2000011f   Data         128  zf_device_gps_tau1201.o(.bss.gps_rmc_buffer)
    [Anonymous Symbol]                       0x2000011f   Section        0  zf_device_gps_tau1201.o(.bss.gps_rmc_buffer)
    gps_tau1201_receiver_buffer              0x200001e1   Data         128  zf_device_gps_tau1201.o(.bss.gps_tau1201_receiver_buffer)
    [Anonymous Symbol]                       0x200001e1   Section        0  zf_device_gps_tau1201.o(.bss.gps_tau1201_receiver_buffer)
    gps_tau1201_receiver_fifo                0x20000264   Data          24  zf_device_gps_tau1201.o(.bss.gps_tau1201_receiver_fifo)
    [Anonymous Symbol]                       0x20000264   Section        0  zf_device_gps_tau1201.o(.bss.gps_tau1201_receiver_fifo)
    gps_tau1201_state                        0x2000027c   Data           1  zf_device_gps_tau1201.o(.bss.gps_tau1201_state)
    [Anonymous Symbol]                       0x2000027c   Section        0  zf_device_gps_tau1201.o(.bss.gps_tau1201_state)
    interrupt_nest_count                     0x20000280   Data           4  zf_common_interrupt.o(.bss.interrupt_nest_count)
    [Anonymous Symbol]                       0x20000280   Section        0  zf_common_interrupt.o(.bss.interrupt_nest_count)
    tft180_display_dir                       0x20000284   Data           1  zf_device_tft180.o(.bss.tft180_display_dir)
    [Anonymous Symbol]                       0x20000284   Section        0  zf_device_tft180.o(.bss.tft180_display_dir)
    timer_mode_state                         0x20000285   Data           8  zf_driver_timer.o(.bss.timer_mode_state)
    [Anonymous Symbol]                       0x20000285   Section        0  zf_driver_timer.o(.bss.timer_mode_state)
    tsl1401_init_state                       0x2000048f   Data           1  zf_device_tsl1401.o(.bss.tsl1401_init_state)
    [Anonymous Symbol]                       0x2000048f   Section        0  zf_device_tsl1401.o(.bss.tsl1401_init_state)
    uart_interrupt_state                     0x20000490   Data           8  zf_driver_uart.o(.bss.uart_interrupt_state)
    [Anonymous Symbol]                       0x20000490   Section        0  zf_driver_uart.o(.bss.uart_interrupt_state)
    zf_debug_init_flag                       0x20000498   Data           1  zf_common_debug.o(.bss.zf_debug_init_flag)
    [Anonymous Symbol]                       0x20000498   Section        0  zf_common_debug.o(.bss.zf_debug_init_flag)

    Global Symbols

    Symbol Name                              Value     Ov Type        Size  Object(Section)

    BuildAttributes$$THM_ISAv4$P$D$K$B$S$PE$A:L22UL41UL21$X:L11$S22US41US21$IEEE1$IW$~IW$USESV6$~STKCKD$USESV7$~SHL$OTIME$ROPI$IEEEX$EBA8$MICROLIB$REQ8$PRES8$EABIv2 0x00000000   Number         0  anon$$obj.o ABSOLUTE
    __cpp_initialize__aeabi_                  - Undefined Weak Reference
    __cxa_finalize                            - Undefined Weak Reference
    __decompress                              - Undefined Weak Reference
    _clock_init                               - Undefined Weak Reference
    _microlib_exit                            - Undefined Weak Reference
    __Vectors_Size                           0x00000190   Number         0  startup_mm32f3277g.o ABSOLUTE
    __Vectors                                0x08000000   Data           4  startup_mm32f3277g.o(RESET)
    __Vectors_End                            0x08000190   Data           0  startup_mm32f3277g.o(RESET)
    __main                                   0x08000401   Thumb Code     0  entry.o(.ARM.Collect$$$$00000000)
    _main_stk                                0x08000401   Thumb Code     0  entry4.o(.ARM.Collect$$$$00000003)
    _main_scatterload                        0x08000405   Thumb Code     0  entry5.o(.ARM.Collect$$$$00000004)
    __main_after_scatterload                 0x08000409   Thumb Code     0  entry5.o(.ARM.Collect$$$$00000004)
    _main_clock                              0x08000409   Thumb Code     0  entry7b.o(.ARM.Collect$$$$00000008)
    _main_cpp_init                           0x08000409   Thumb Code     0  entry8b.o(.ARM.Collect$$$$0000000A)
    _main_init                               0x08000409   Thumb Code     0  entry9a.o(.ARM.Collect$$$$0000000B)
    __rt_final_cpp                           0x08000411   Thumb Code     0  entry10a.o(.ARM.Collect$$$$0000000D)
    __rt_final_exit                          0x08000411   Thumb Code     0  entry11a.o(.ARM.Collect$$$$0000000F)
    Reset_Handler                            0x08000415   Thumb Code     8  startup_mm32f3277g.o(.text)
    NMI_Handler                              0x0800041d   Thumb Code     2  startup_mm32f3277g.o(.text)
    HardFault_Handler                        0x0800041f   Thumb Code     2  startup_mm32f3277g.o(.text)
    MemManage_Handler                        0x08000421   Thumb Code     2  startup_mm32f3277g.o(.text)
    BusFault_Handler                         0x08000423   Thumb Code     2  startup_mm32f3277g.o(.text)
    UsageFault_Handler                       0x08000425   Thumb Code     2  startup_mm32f3277g.o(.text)
    SVC_Handler                              0x08000427   Thumb Code     2  startup_mm32f3277g.o(.text)
    DebugMon_Handler                         0x08000429   Thumb Code     2  startup_mm32f3277g.o(.text)
    PendSV_Handler                           0x0800042b   Thumb Code     2  startup_mm32f3277g.o(.text)
    SysTick_Handler                          0x0800042d   Thumb Code     2  startup_mm32f3277g.o(.text)
    ADC1_2_IRQHandler                        0x0800042f   Thumb Code     0  startup_mm32f3277g.o(.text)
    ADC3_IRQHandler                          0x0800042f   Thumb Code     0  startup_mm32f3277g.o(.text)
    CAN1_RX_IRQHandler                       0x0800042f   Thumb Code     0  startup_mm32f3277g.o(.text)
    COMP1_2_IRQHandler                       0x0800042f   Thumb Code     0  startup_mm32f3277g.o(.text)
    ETH_IRQHandler                           0x0800042f   Thumb Code     0  startup_mm32f3277g.o(.text)
    FLASH_IRQHandler                         0x0800042f   Thumb Code     0  startup_mm32f3277g.o(.text)
    FlashCache_IRQHandler                    0x0800042f   Thumb Code     0  startup_mm32f3277g.o(.text)
    I2C1_IRQHandler                          0x0800042f   Thumb Code     0  startup_mm32f3277g.o(.text)
    I2C2_IRQHandler                          0x0800042f   Thumb Code     0  startup_mm32f3277g.o(.text)
    OTG_FS_IRQHandler                        0x0800042f   Thumb Code     0  startup_mm32f3277g.o(.text)
    OTG_FS_WKUP_IRQHandler                   0x0800042f   Thumb Code     0  startup_mm32f3277g.o(.text)
    PVD_IRQHandler                           0x0800042f   Thumb Code     0  startup_mm32f3277g.o(.text)
    RCC_CRS_IRQHandler                       0x0800042f   Thumb Code     0  startup_mm32f3277g.o(.text)
    RTCAlarm_IRQHandler                      0x0800042f   Thumb Code     0  startup_mm32f3277g.o(.text)
    RTC_IRQHandler                           0x0800042f   Thumb Code     0  startup_mm32f3277g.o(.text)
    SDIO_IRQHandler                          0x0800042f   Thumb Code     0  startup_mm32f3277g.o(.text)
    SPI1_IRQHandler                          0x0800042f   Thumb Code     0  startup_mm32f3277g.o(.text)
    SPI2_IRQHandler                          0x0800042f   Thumb Code     0  startup_mm32f3277g.o(.text)
    SPI3_IRQHandler                          0x0800042f   Thumb Code     0  startup_mm32f3277g.o(.text)
    TAMPER_IRQHandler                        0x0800042f   Thumb Code     0  startup_mm32f3277g.o(.text)
    TIM1_BRK_IRQHandler                      0x0800042f   Thumb Code     0  startup_mm32f3277g.o(.text)
    TIM1_CC_IRQHandler                       0x0800042f   Thumb Code     0  startup_mm32f3277g.o(.text)
    TIM1_TRG_COM_IRQHandler                  0x0800042f   Thumb Code     0  startup_mm32f3277g.o(.text)
    TIM8_BRK_IRQHandler                      0x0800042f   Thumb Code     0  startup_mm32f3277g.o(.text)
    TIM8_CC_IRQHandler                       0x0800042f   Thumb Code     0  startup_mm32f3277g.o(.text)
    TIM8_TRG_COM_IRQHandler                  0x0800042f   Thumb Code     0  startup_mm32f3277g.o(.text)
    WWDG_IRQHandler                          0x0800042f   Thumb Code     0  startup_mm32f3277g.o(.text)
    __aeabi_memcpy                           0x08000439   Thumb Code    36  memcpya.o(.text)
    __aeabi_memcpy4                          0x08000439   Thumb Code     0  memcpya.o(.text)
    __aeabi_memcpy8                          0x08000439   Thumb Code     0  memcpya.o(.text)
    __aeabi_memset                           0x0800045d   Thumb Code    14  memseta.o(.text)
    __aeabi_memset4                          0x0800045d   Thumb Code     0  memseta.o(.text)
    __aeabi_memset8                          0x0800045d   Thumb Code     0  memseta.o(.text)
    __aeabi_memclr                           0x0800046b   Thumb Code     4  memseta.o(.text)
    __aeabi_memclr4                          0x0800046b   Thumb Code     0  memseta.o(.text)
    __aeabi_memclr8                          0x0800046b   Thumb Code     0  memseta.o(.text)
    _memset$wrapper                          0x0800046f   Thumb Code    18  memseta.o(.text)
    strncpy                                  0x08000481   Thumb Code    24  strncpy.o(.text)
    strchr                                   0x08000499   Thumb Code    20  strchr.o(.text)
    strlen                                   0x080004ad   Thumb Code    14  strlen.o(.text)
    strncmp                                  0x080004bb   Thumb Code    30  strncmp.o(.text)
    __aeabi_fadd                             0x080004d9   Thumb Code   164  fadd.o(.text)
    __aeabi_fsub                             0x0800057d   Thumb Code     6  fadd.o(.text)
    __aeabi_frsub                            0x08000583   Thumb Code     6  fadd.o(.text)
    __aeabi_fmul                             0x08000589   Thumb Code   100  fmul.o(.text)
    __aeabi_dadd                             0x080005ed   Thumb Code   322  dadd.o(.text)
    __aeabi_dsub                             0x0800072f   Thumb Code     6  dadd.o(.text)
    __aeabi_drsub                            0x08000735   Thumb Code     6  dadd.o(.text)
    __aeabi_dmul                             0x0800073b   Thumb Code   228  dmul.o(.text)
    __aeabi_ddiv                             0x0800081f   Thumb Code   222  ddiv.o(.text)
    __aeabi_fcmpge                           0x080008fd   Thumb Code    28  fcmpge.o(.text)
    __aeabi_dcmplt                           0x08000919   Thumb Code    54  dcmplt.o(.text)
    __aeabi_dcmpeq                           0x0800094f   Thumb Code    56  dcmpeq.o(.text)
    __aeabi_i2f                              0x08000987   Thumb Code    18  fflti.o(.text)
    __aeabi_ui2f                             0x08000999   Thumb Code    10  ffltui.o(.text)
    __aeabi_i2d                              0x080009a3   Thumb Code    34  dflti.o(.text)
    __aeabi_f2iz                             0x080009c5   Thumb Code    50  ffixi.o(.text)
    __aeabi_d2iz                             0x080009f7   Thumb Code    62  dfixi.o(.text)
    __aeabi_f2d                              0x08000a35   Thumb Code    38  f2d.o(.text)
    __aeabi_d2f                              0x08000a5b   Thumb Code    56  d2f.o(.text)
    __aeabi_uidiv                            0x08000a93   Thumb Code     0  uidiv.o(.text)
    __aeabi_uidivmod                         0x08000a93   Thumb Code    44  uidiv.o(.text)
    __aeabi_uldivmod                         0x08000abf   Thumb Code    98  uldiv.o(.text)
    __aeabi_llsl                             0x08000b21   Thumb Code    30  llshl.o(.text)
    _ll_shift_l                              0x08000b21   Thumb Code     0  llshl.o(.text)
    __aeabi_llsr                             0x08000b3f   Thumb Code    32  llushr.o(.text)
    _ll_ushift_r                             0x08000b3f   Thumb Code     0  llushr.o(.text)
    __aeabi_lasr                             0x08000b5f   Thumb Code    36  llsshr.o(.text)
    _ll_sshift_r                             0x08000b5f   Thumb Code     0  llsshr.o(.text)
    __I$use$fp                               0x08000b83   Thumb Code     0  iusefp.o(.text)
    _float_round                             0x08000b83   Thumb Code    18  fepilogue.o(.text)
    _float_epilogue                          0x08000b95   Thumb Code    92  fepilogue.o(.text)
    _double_round                            0x08000bf1   Thumb Code    30  depilogue.o(.text)
    _double_epilogue                         0x08000c0f   Thumb Code   156  depilogue.o(.text)
    __aeabi_d2ulz                            0x08000cab   Thumb Code    48  dfixul.o(.text)
    __aeabi_cdrcmple                         0x08000cdd   Thumb Code    48  cdrcmple.o(.text)
    __scatterload                            0x08000d0d   Thumb Code    28  init.o(.text)
    __scatterload_rt2                        0x08000d0d   Thumb Code     0  init.o(.text)
    DMA1_Channel1_IRQHandler                 0x08000d31   Thumb Code    32  isr.o(.text.DMA1_Channel1_IRQHandler)
    DMA1_Channel2_IRQHandler                 0x08000d51   Thumb Code    34  isr.o(.text.DMA1_Channel2_IRQHandler)
    DMA1_Channel3_IRQHandler                 0x08000d75   Thumb Code    34  isr.o(.text.DMA1_Channel3_IRQHandler)
    DMA1_Channel4_IRQHandler                 0x08000d99   Thumb Code    48  isr.o(.text.DMA1_Channel4_IRQHandler)
    DMA1_Channel5_IRQHandler                 0x08000dc9   Thumb Code    34  isr.o(.text.DMA1_Channel5_IRQHandler)
    DMA1_Channel6_IRQHandler                 0x08000ded   Thumb Code    34  isr.o(.text.DMA1_Channel6_IRQHandler)
    DMA1_Channel7_IRQHandler                 0x08000e11   Thumb Code    34  isr.o(.text.DMA1_Channel7_IRQHandler)
    DMA2_Channel1_IRQHandler                 0x08000e35   Thumb Code    36  isr.o(.text.DMA2_Channel1_IRQHandler)
    DMA2_Channel2_IRQHandler                 0x08000e59   Thumb Code    38  isr.o(.text.DMA2_Channel2_IRQHandler)
    DMA2_Channel3_IRQHandler                 0x08000e81   Thumb Code    38  isr.o(.text.DMA2_Channel3_IRQHandler)
    DMA2_Channel4_IRQHandler                 0x08000ea9   Thumb Code    38  isr.o(.text.DMA2_Channel4_IRQHandler)
    DMA2_Channel5_IRQHandler                 0x08000ed1   Thumb Code    38  isr.o(.text.DMA2_Channel5_IRQHandler)
    EXTI0_IRQHandler                         0x08000ef9   Thumb Code    18  isr.o(.text.EXTI0_IRQHandler)
    EXTI15_10_IRQHandler                     0x08000f0d   Thumb Code   228  isr.o(.text.EXTI15_10_IRQHandler)
    EXTI1_IRQHandler                         0x08000ff1   Thumb Code    18  isr.o(.text.EXTI1_IRQHandler)
    EXTI2_IRQHandler                         0x08001005   Thumb Code    18  isr.o(.text.EXTI2_IRQHandler)
    EXTI3_IRQHandler                         0x08001019   Thumb Code    18  isr.o(.text.EXTI3_IRQHandler)
    EXTI4_IRQHandler                         0x0800102d   Thumb Code    18  isr.o(.text.EXTI4_IRQHandler)
    EXTI9_5_IRQHandler                       0x08001041   Thumb Code   196  isr.o(.text.EXTI9_5_IRQHandler)
    SystemInit                               0x08001105   Thumb Code    16  system_mm32f3277g.o(.text.SystemInit)
    TIM1_UP_IRQHandler                       0x08001115   Thumb Code    18  isr.o(.text.TIM1_UP_IRQHandler)
    TIM2_IRQHandler                          0x08001129   Thumb Code    16  isr.o(.text.TIM2_IRQHandler)
    TIM3_IRQHandler                          0x08001139   Thumb Code    18  isr.o(.text.TIM3_IRQHandler)
    TIM4_IRQHandler                          0x0800114d   Thumb Code    18  isr.o(.text.TIM4_IRQHandler)
    TIM5_IRQHandler                          0x08001161   Thumb Code    18  isr.o(.text.TIM5_IRQHandler)
    TIM6_IRQHandler                          0x08001175   Thumb Code    18  isr.o(.text.TIM6_IRQHandler)
    TIM7_IRQHandler                          0x08001189   Thumb Code    18  isr.o(.text.TIM7_IRQHandler)
    TIM8_UP_IRQHandler                       0x0800119d   Thumb Code    24  isr.o(.text.TIM8_UP_IRQHandler)
    UART1_IRQHandler                         0x080011b5   Thumb Code    72  isr.o(.text.UART1_IRQHandler)
    UART2_IRQHandler                         0x080011fd   Thumb Code    78  isr.o(.text.UART2_IRQHandler)
    UART3_IRQHandler                         0x0800124d   Thumb Code    72  isr.o(.text.UART3_IRQHandler)
    UART4_IRQHandler                         0x08001295   Thumb Code    72  isr.o(.text.UART4_IRQHandler)
    UART5_IRQHandler                         0x080012dd   Thumb Code    72  isr.o(.text.UART5_IRQHandler)
    UART6_IRQHandler                         0x08001325   Thumb Code    86  isr.o(.text.UART6_IRQHandler)
    UART7_IRQHandler                         0x0800137d   Thumb Code    72  isr.o(.text.UART7_IRQHandler)
    UART8_IRQHandler                         0x080013c5   Thumb Code    86  isr.o(.text.UART8_IRQHandler)
    adc_convert                              0x080014c1   Thumb Code   150  zf_driver_adc.o(.text.adc_convert)
    afio_init                                0x08001559   Thumb Code   384  zf_driver_gpio.o(.text.afio_init)
    clock_init                               0x080016d9   Thumb Code    36  zf_common_clock.o(.text.clock_init)
    debug_assert_handler                     0x080019f5   Thumb Code   108  zf_common_debug.o(.text.debug_assert_handler)
    debug_init                               0x08001aa1   Thumb Code    50  zf_common_debug.o(.text.debug_init)
    debug_output_init                        0x08001e85   Thumb Code    76  zf_common_debug.o(.text.debug_output_init)
    debug_output_struct_init                 0x08001ed1   Thumb Code    48  zf_common_debug.o(.text.debug_output_struct_init)
    dm1xa_light_callback                     0x08002009   Thumb Code    58  zf_device_dm1xa.o(.text.dm1xa_light_callback)
    dm1xa_sound_callback                     0x08002045   Thumb Code   256  zf_device_dm1xa.o(.text.dm1xa_sound_callback)
    fifo_clear                               0x08002145   Thumb Code   168  zf_common_fifo.o(.text.fifo_clear)
    fifo_init                                0x0800224d   Thumb Code   110  zf_common_fifo.o(.text.fifo_init)
    fifo_read_buffer                         0x080022bd   Thumb Code   496  zf_common_fifo.o(.text.fifo_read_buffer)
    fifo_used                                0x080024ad   Thumb Code    40  zf_common_fifo.o(.text.fifo_used)
    fifo_write_buffer                        0x080024d5   Thumb Code   506  zf_common_fifo.o(.text.fifo_write_buffer)
    func_float_to_str                        0x080026d1   Thumb Code   588  zf_common_function.o(.text.func_float_to_str)
    func_get_greatest_common_divisor         0x0800291d   Thumb Code    66  zf_common_function.o(.text.func_get_greatest_common_divisor)
    func_str_to_double                       0x08002961   Thumb Code   450  zf_common_function.o(.text.func_str_to_double)
    func_str_to_hex                          0x08002b25   Thumb Code   270  zf_common_function.o(.text.func_str_to_hex)
    func_str_to_int                          0x08002c35   Thumb Code   188  zf_common_function.o(.text.func_str_to_int)
    func_uint_to_str                         0x08002cf1   Thumb Code   168  zf_common_function.o(.text.func_uint_to_str)
    gpio_get_level                           0x08002f25   Thumb Code    46  zf_driver_gpio.o(.text.gpio_get_level)
    gpio_init                                0x08002f55   Thumb Code   488  zf_driver_gpio.o(.text.gpio_init)
    gpio_set_level                           0x0800313d   Thumb Code    98  zf_driver_gpio.o(.text.gpio_set_level)
    gps_data_parse                           0x080031a1   Thumb Code   438  zf_device_gps_tau1201.o(.text.gps_data_parse)
    gps_init                                 0x08003715   Thumb Code   526  zf_device_gps_tau1201.o(.text.gps_init)
    gps_uart_callback                        0x08003925   Thumb Code   314  zf_device_gps_tau1201.o(.text.gps_uart_callback)
    interrupt_disable                        0x08003a61   Thumb Code    20  zf_common_interrupt.o(.text.interrupt_disable)
    interrupt_enable                         0x08003a75   Thumb Code    20  zf_common_interrupt.o(.text.interrupt_enable)
    interrupt_global_disable                 0x08003a89   Thumb Code    36  zf_common_interrupt.o(.text.interrupt_global_disable)
    interrupt_init                           0x08003aad   Thumb Code    10  zf_common_interrupt.o(.text.interrupt_init)
    main                                     0x08003ab9   Thumb Code   356  main.o(.text.main)
    spi_init                                 0x08003c1d   Thumb Code   870  zf_driver_spi.o(.text.spi_init)
    spi_write_16bit                          0x08003f85   Thumb Code   184  zf_driver_spi.o(.text.spi_write_16bit)
    spi_write_8bit                           0x0800403d   Thumb Code   134  zf_driver_spi.o(.text.spi_write_8bit)
    system_delay_ms                          0x080040c5   Thumb Code   154  zf_driver_delay.o(.text.system_delay_ms)
    tft180_clear                             0x08004161   Thumb Code   122  zf_device_tft180.o(.text.tft180_clear)
    tft180_init                              0x08004269   Thumb Code   976  zf_device_tft180.o(.text.tft180_init)
    tft180_set_color                         0x08004639   Thumb Code    42  zf_device_tft180.o(.text.tft180_set_color)
    tft180_set_dir                           0x08004665   Thumb Code    98  zf_device_tft180.o(.text.tft180_set_dir)
    tft180_show_char                         0x08004851   Thumb Code   666  zf_device_tft180.o(.text.tft180_show_char)
    tft180_show_float                        0x08004aed   Thumb Code   350  zf_device_tft180.o(.text.tft180_show_float)
    tft180_show_string                       0x08004c4d   Thumb Code   220  zf_device_tft180.o(.text.tft180_show_string)
    tft180_show_uint                         0x08004d29   Thumb Code   254  zf_device_tft180.o(.text.tft180_show_uint)
    timer_clear                              0x08004e61   Thumb Code   178  zf_driver_timer.o(.text.timer_clear)
    timer_get                                0x08004f15   Thumb Code   182  zf_driver_timer.o(.text.timer_get)
    tsl1401_collect_pit_handler              0x08004fcd   Thumb Code   224  zf_device_tsl1401.o(.text.tsl1401_collect_pit_handler)
    uart_init                                0x080050b1   Thumb Code   652  zf_driver_uart.o(.text.uart_init)
    uart_query_byte                          0x0800533d   Thumb Code   102  zf_driver_uart.o(.text.uart_query_byte)
    uart_rx_interrupt                        0x080053a5   Thumb Code   160  zf_driver_uart.o(.text.uart_rx_interrupt)
    uart_write_buffer                        0x08005445   Thumb Code   108  zf_driver_uart.o(.text.uart_write_buffer)
    uart_write_byte                          0x080054b1   Thumb Code    64  zf_driver_uart.o(.text.uart_write_byte)
    uart_write_string                        0x080054f1   Thumb Code    64  zf_driver_uart.o(.text.uart_write_string)
    __0sprintf                               0x08005655   Thumb Code    34  printfa.o(i.__0sprintf)
    __1sprintf                               0x08005655   Thumb Code     0  printfa.o(i.__0sprintf)
    __2sprintf                               0x08005655   Thumb Code     0  printfa.o(i.__0sprintf)
    __c89sprintf                             0x08005655   Thumb Code     0  printfa.o(i.__0sprintf)
    sprintf                                  0x08005655   Thumb Code     0  printfa.o(i.__0sprintf)
    __scatterload_copy                       0x0800567d   Thumb Code    14  handlers.o(i.__scatterload_copy)
    __scatterload_null                       0x0800568b   Thumb Code     2  handlers.o(i.__scatterload_null)
    __scatterload_zeroinit                   0x0800568d   Thumb Code    14  handlers.o(i.__scatterload_zeroinit)
    ascii_font_6x8                           0x08006020   Data         552  zf_common_font.o(.rodata.ascii_font_6x8)
    ascii_font_8x16                          0x08006248   Data        1520  zf_common_font.o(.rodata.ascii_font_8x16)
    Region$$Table$$Base                      0x080069a4   Number         0  anon$$obj.o(Region$$Table)
    Region$$Table$$Limit                     0x080069c4   Number         0  anon$$obj.o(Region$$Table)
    camera_dma_handler                       0x20000008   Data           4  zf_device_type.o(.data.camera_dma_handler)
    camera_uart_handler                      0x2000000c   Data           4  zf_device_type.o(.data.camera_uart_handler)
    camera_vsync_handler                     0x20000010   Data           4  zf_device_type.o(.data.camera_vsync_handler)
    gpio_group                               0x20000018   Data          32  zf_driver_gpio.o(.data.gpio_group)
    system_clock                             0x20000040   Data           4  zf_common_clock.o(.data.system_clock)
    wireless_module_uart_handler             0x20000074   Data           4  zf_device_type.o(.data.wireless_module_uart_handler)
    gps_gga_state                            0x2000011e   Data           1  zf_device_gps_tau1201.o(.bss.gps_gga_state)
    gps_rmc_state                            0x2000019f   Data           1  zf_device_gps_tau1201.o(.bss.gps_rmc_state)
    gps_tau1201                              0x200001a0   Data          64  zf_device_gps_tau1201.o(.bss.gps_tau1201)
    gps_tau1201_flag                         0x200001e0   Data           1  zf_device_gps_tau1201.o(.bss.gps_tau1201_flag)
    tsl1401_data                             0x2000028e   Data         512  zf_device_tsl1401.o(.bss.tsl1401_data)
    tsl1401_finish_flag                      0x2000048e   Data           1  zf_device_tsl1401.o(.bss.tsl1401_finish_flag)
    Image$$ARM_LIB_STACK$$ZI$$Limit          0x20020000   Number         0  anon$$obj.o ABSOLUTE



==============================================================================

Memory Map of the image

  Image Entry point : 0x08000401

  Load Region LR_m_text (Base: 0x08000000, Size: 0x00006a48, Max: 0x00080000, ABSOLUTE)

    Execution Region VECTOR_ROM (Exec base: 0x08000000, Load base: 0x08000000, Size: 0x00000190, Max: 0x00000400, ABSOLUTE)

    Exec Addr    Load Addr    Size         Type   Attr      Idx    E Section Name        Object

    0x08000000   0x08000000   0x00000190   Data   RO         1510    RESET               startup_mm32f3277g.o


    Execution Region ER_m_text (Exec base: 0x08000400, Load base: 0x08000400, Size: 0x000065c4, Max: 0x0007fc00, ABSOLUTE, FIXED)

    Exec Addr    Load Addr    Size         Type   Attr      Idx    E Section Name        Object

    0x08000400   0x08000400   0x00000000   Code   RO         2490  * .ARM.Collect$$$$00000000  mc_w.l(entry.o)
    0x08000400   0x08000400   0x00000004   Code   RO         2616    .ARM.Collect$$$$00000003  mc_w.l(entry4.o)
    0x08000404   0x08000404   0x00000004   Code   RO         2619    .ARM.Collect$$$$00000004  mc_w.l(entry5.o)
    0x08000408   0x08000408   0x00000000   Code   RO         2621    .ARM.Collect$$$$00000008  mc_w.l(entry7b.o)
    0x08000408   0x08000408   0x00000000   Code   RO         2623    .ARM.Collect$$$$0000000A  mc_w.l(entry8b.o)
    0x08000408   0x08000408   0x00000008   Code   RO         2624    .ARM.Collect$$$$0000000B  mc_w.l(entry9a.o)
    0x08000410   0x08000410   0x00000000   Code   RO         2626    .ARM.Collect$$$$0000000D  mc_w.l(entry10a.o)
    0x08000410   0x08000410   0x00000000   Code   RO         2628    .ARM.Collect$$$$0000000F  mc_w.l(entry11a.o)
    0x08000410   0x08000410   0x00000004   Code   RO         2617    .ARM.Collect$$$$00002714  mc_w.l(entry4.o)
    0x08000414   0x08000414   0x00000024   Code   RO         1511    .text               startup_mm32f3277g.o
    0x08000438   0x08000438   0x00000024   Code   RO         2493    .text               mc_w.l(memcpya.o)
    0x0800045c   0x0800045c   0x00000024   Code   RO         2495    .text               mc_w.l(memseta.o)
    0x08000480   0x08000480   0x00000018   Code   RO         2499    .text               mc_w.l(strncpy.o)
    0x08000498   0x08000498   0x00000014   Code   RO         2501    .text               mc_w.l(strchr.o)
    0x080004ac   0x080004ac   0x0000000e   Code   RO         2503    .text               mc_w.l(strlen.o)
    0x080004ba   0x080004ba   0x0000001e   Code   RO         2507    .text               mc_w.l(strncmp.o)
    0x080004d8   0x080004d8   0x000000b0   Code   RO         2541    .text               mf_w.l(fadd.o)
    0x08000588   0x08000588   0x00000064   Code   RO         2543    .text               mf_w.l(fmul.o)
    0x080005ec   0x080005ec   0x0000014e   Code   RO         2547    .text               mf_w.l(dadd.o)
    0x0800073a   0x0800073a   0x000000e4   Code   RO         2549    .text               mf_w.l(dmul.o)
    0x0800081e   0x0800081e   0x000000de   Code   RO         2551    .text               mf_w.l(ddiv.o)
    0x080008fc   0x080008fc   0x0000001c   Code   RO         2553    .text               mf_w.l(fcmpge.o)
    0x08000918   0x08000918   0x00000036   Code   RO         2557    .text               mf_w.l(dcmplt.o)
    0x0800094e   0x0800094e   0x00000038   Code   RO         2561    .text               mf_w.l(dcmpeq.o)
    0x08000986   0x08000986   0x00000012   Code   RO         2563    .text               mf_w.l(fflti.o)
    0x08000998   0x08000998   0x0000000a   Code   RO         2565    .text               mf_w.l(ffltui.o)
    0x080009a2   0x080009a2   0x00000022   Code   RO         2567    .text               mf_w.l(dflti.o)
    0x080009c4   0x080009c4   0x00000032   Code   RO         2571    .text               mf_w.l(ffixi.o)
    0x080009f6   0x080009f6   0x0000003e   Code   RO         2573    .text               mf_w.l(dfixi.o)
    0x08000a34   0x08000a34   0x00000026   Code   RO         2577    .text               mf_w.l(f2d.o)
    0x08000a5a   0x08000a5a   0x00000038   Code   RO         2579    .text               mf_w.l(d2f.o)
    0x08000a92   0x08000a92   0x0000002c   Code   RO         2640    .text               mc_w.l(uidiv.o)
    0x08000abe   0x08000abe   0x00000062   Code   RO         2642    .text               mc_w.l(uldiv.o)
    0x08000b20   0x08000b20   0x0000001e   Code   RO         2644    .text               mc_w.l(llshl.o)
    0x08000b3e   0x08000b3e   0x00000020   Code   RO         2646    .text               mc_w.l(llushr.o)
    0x08000b5e   0x08000b5e   0x00000024   Code   RO         2648    .text               mc_w.l(llsshr.o)
    0x08000b82   0x08000b82   0x00000000   Code   RO         2657    .text               mc_w.l(iusefp.o)
    0x08000b82   0x08000b82   0x0000006e   Code   RO         2658    .text               mf_w.l(fepilogue.o)
    0x08000bf0   0x08000bf0   0x000000ba   Code   RO         2660    .text               mf_w.l(depilogue.o)
    0x08000caa   0x08000caa   0x00000030   Code   RO         2666    .text               mf_w.l(dfixul.o)
    0x08000cda   0x08000cda   0x00000002   PAD
    0x08000cdc   0x08000cdc   0x00000030   Code   RO         2670    .text               mf_w.l(cdrcmple.o)
    0x08000d0c   0x08000d0c   0x00000024   Code   RO         2672    .text               mc_w.l(init.o)
    0x08000d30   0x08000d30   0x00000020   Code   RO           59    .text.DMA1_Channel1_IRQHandler  isr.o
    0x08000d50   0x08000d50   0x00000022   Code   RO           61    .text.DMA1_Channel2_IRQHandler  isr.o
    0x08000d72   0x08000d72   0x00000002   PAD
    0x08000d74   0x08000d74   0x00000022   Code   RO           63    .text.DMA1_Channel3_IRQHandler  isr.o
    0x08000d96   0x08000d96   0x00000002   PAD
    0x08000d98   0x08000d98   0x00000030   Code   RO           65    .text.DMA1_Channel4_IRQHandler  isr.o
    0x08000dc8   0x08000dc8   0x00000022   Code   RO           67    .text.DMA1_Channel5_IRQHandler  isr.o
    0x08000dea   0x08000dea   0x00000002   PAD
    0x08000dec   0x08000dec   0x00000022   Code   RO           69    .text.DMA1_Channel6_IRQHandler  isr.o
    0x08000e0e   0x08000e0e   0x00000002   PAD
    0x08000e10   0x08000e10   0x00000022   Code   RO           71    .text.DMA1_Channel7_IRQHandler  isr.o
    0x08000e32   0x08000e32   0x00000002   PAD
    0x08000e34   0x08000e34   0x00000024   Code   RO           73    .text.DMA2_Channel1_IRQHandler  isr.o
    0x08000e58   0x08000e58   0x00000026   Code   RO           75    .text.DMA2_Channel2_IRQHandler  isr.o
    0x08000e7e   0x08000e7e   0x00000002   PAD
    0x08000e80   0x08000e80   0x00000026   Code   RO           77    .text.DMA2_Channel3_IRQHandler  isr.o
    0x08000ea6   0x08000ea6   0x00000002   PAD
    0x08000ea8   0x08000ea8   0x00000026   Code   RO           79    .text.DMA2_Channel4_IRQHandler  isr.o
    0x08000ece   0x08000ece   0x00000002   PAD
    0x08000ed0   0x08000ed0   0x00000026   Code   RO           81    .text.DMA2_Channel5_IRQHandler  isr.o
    0x08000ef6   0x08000ef6   0x00000002   PAD
    0x08000ef8   0x08000ef8   0x00000012   Code   RO           45    .text.EXTI0_IRQHandler  isr.o
    0x08000f0a   0x08000f0a   0x00000002   PAD
    0x08000f0c   0x08000f0c   0x000000e4   Code   RO           57    .text.EXTI15_10_IRQHandler  isr.o
    0x08000ff0   0x08000ff0   0x00000012   Code   RO           47    .text.EXTI1_IRQHandler  isr.o
    0x08001002   0x08001002   0x00000002   PAD
    0x08001004   0x08001004   0x00000012   Code   RO           49    .text.EXTI2_IRQHandler  isr.o
    0x08001016   0x08001016   0x00000002   PAD
    0x08001018   0x08001018   0x00000012   Code   RO           51    .text.EXTI3_IRQHandler  isr.o
    0x0800102a   0x0800102a   0x00000002   PAD
    0x0800102c   0x0800102c   0x00000012   Code   RO           53    .text.EXTI4_IRQHandler  isr.o
    0x0800103e   0x0800103e   0x00000002   PAD
    0x08001040   0x08001040   0x000000c4   Code   RO           55    .text.EXTI9_5_IRQHandler  isr.o
    0x08001104   0x08001104   0x00000010   Code   RO         1503    .text.SystemInit    system_mm32f3277g.o
    0x08001114   0x08001114   0x00000012   Code   RO           13    .text.TIM1_UP_IRQHandler  isr.o
    0x08001126   0x08001126   0x00000002   PAD
    0x08001128   0x08001128   0x00000010   Code   RO           15    .text.TIM2_IRQHandler  isr.o
    0x08001138   0x08001138   0x00000012   Code   RO           17    .text.TIM3_IRQHandler  isr.o
    0x0800114a   0x0800114a   0x00000002   PAD
    0x0800114c   0x0800114c   0x00000012   Code   RO           19    .text.TIM4_IRQHandler  isr.o
    0x0800115e   0x0800115e   0x00000002   PAD
    0x08001160   0x08001160   0x00000012   Code   RO           21    .text.TIM5_IRQHandler  isr.o
    0x08001172   0x08001172   0x00000002   PAD
    0x08001174   0x08001174   0x00000012   Code   RO           23    .text.TIM6_IRQHandler  isr.o
    0x08001186   0x08001186   0x00000002   PAD
    0x08001188   0x08001188   0x00000012   Code   RO           25    .text.TIM7_IRQHandler  isr.o
    0x0800119a   0x0800119a   0x00000002   PAD
    0x0800119c   0x0800119c   0x00000018   Code   RO           27    .text.TIM8_UP_IRQHandler  isr.o
    0x080011b4   0x080011b4   0x00000048   Code   RO           29    .text.UART1_IRQHandler  isr.o
    0x080011fc   0x080011fc   0x0000004e   Code   RO           31    .text.UART2_IRQHandler  isr.o
    0x0800124a   0x0800124a   0x00000002   PAD
    0x0800124c   0x0800124c   0x00000048   Code   RO           33    .text.UART3_IRQHandler  isr.o
    0x08001294   0x08001294   0x00000048   Code   RO           35    .text.UART4_IRQHandler  isr.o
    0x080012dc   0x080012dc   0x00000048   Code   RO           37    .text.UART5_IRQHandler  isr.o
    0x08001324   0x08001324   0x00000056   Code   RO           39    .text.UART6_IRQHandler  isr.o
    0x0800137a   0x0800137a   0x00000002   PAD
    0x0800137c   0x0800137c   0x00000048   Code   RO           41    .text.UART7_IRQHandler  isr.o
    0x080013c4   0x080013c4   0x00000056   Code   RO           43    .text.UART8_IRQHandler  isr.o
    0x0800141a   0x0800141a   0x00000002   PAD
    0x0800141c   0x0800141c   0x00000038   Code   RO          232    .text.__NVIC_DisableIRQ  zf_common_interrupt.o
    0x08001454   0x08001454   0x00000030   Code   RO          228    .text.__NVIC_EnableIRQ  zf_common_interrupt.o
    0x08001484   0x08001484   0x0000003c   Code   RO          240    .text.__NVIC_SetPriorityGrouping  zf_common_interrupt.o
    0x080014c0   0x080014c0   0x00000096   Code   RO          250    .text.adc_convert   zf_driver_adc.o
    0x08001556   0x08001556   0x00000002   PAD
    0x08001558   0x08001558   0x00000180   Code   RO          357    .text.afio_init     zf_driver_gpio.o
    0x080016d8   0x080016d8   0x00000024   Code   RO           90    .text.clock_init    zf_common_clock.o
    0x080016fc   0x080016fc   0x00000098   Code   RO           92    .text.clock_reset   zf_common_clock.o
    0x08001794   0x08001794   0x00000260   Code   RO           94    .text.clock_set_freq  zf_common_clock.o
    0x080019f4   0x080019f4   0x0000006c   Code   RO          112    .text.debug_assert_handler  zf_common_debug.o
    0x08001a60   0x08001a60   0x00000040   Code   RO          118    .text.debug_delay   zf_common_debug.o
    0x08001aa0   0x08001aa0   0x00000032   Code   RO          126    .text.debug_init    zf_common_debug.o
    0x08001ad2   0x08001ad2   0x00000002   PAD
    0x08001ad4   0x08001ad4   0x000003ae   Code   RO          116    .text.debug_output  zf_common_debug.o
    0x08001e82   0x08001e82   0x00000002   PAD
    0x08001e84   0x08001e84   0x0000004c   Code   RO          124    .text.debug_output_init  zf_common_debug.o
    0x08001ed0   0x08001ed0   0x00000030   Code   RO          122    .text.debug_output_struct_init  zf_common_debug.o
    0x08001f00   0x08001f00   0x000000f2   Code   RO          114    .text.debug_protective_handler  zf_common_debug.o
    0x08001ff2   0x08001ff2   0x00000002   PAD
    0x08001ff4   0x08001ff4   0x00000012   Code   RO          128    .text.debug_uart_str_output  zf_common_debug.o
    0x08002006   0x08002006   0x00000002   PAD
    0x08002008   0x08002008   0x0000003a   Code   RO          797    .text.dm1xa_light_callback  zf_device_dm1xa.o
    0x08002042   0x08002042   0x00000002   PAD
    0x08002044   0x08002044   0x00000100   Code   RO          795    .text.dm1xa_sound_callback  zf_device_dm1xa.o
    0x08002144   0x08002144   0x000000a8   Code   RO          143    .text.fifo_clear    zf_common_fifo.o
    0x080021ec   0x080021ec   0x0000002e   Code   RO          155    .text.fifo_end_offset  zf_common_fifo.o
    0x0800221a   0x0800221a   0x00000002   PAD
    0x0800221c   0x0800221c   0x0000002e   Code   RO          149    .text.fifo_head_offset  zf_common_fifo.o
    0x0800224a   0x0800224a   0x00000002   PAD
    0x0800224c   0x0800224c   0x0000006e   Code   RO          161    .text.fifo_init     zf_common_fifo.o
    0x080022ba   0x080022ba   0x00000002   PAD
    0x080022bc   0x080022bc   0x000001f0   Code   RO          157    .text.fifo_read_buffer  zf_common_fifo.o
    0x080024ac   0x080024ac   0x00000028   Code   RO          145    .text.fifo_used     zf_common_fifo.o
    0x080024d4   0x080024d4   0x000001fa   Code   RO          151    .text.fifo_write_buffer  zf_common_fifo.o
    0x080026ce   0x080026ce   0x00000002   PAD
    0x080026d0   0x080026d0   0x0000024c   Code   RO          197    .text.func_float_to_str  zf_common_function.o
    0x0800291c   0x0800291c   0x00000042   Code   RO          183    .text.func_get_greatest_common_divisor  zf_common_function.o
    0x0800295e   0x0800295e   0x00000002   PAD
    0x08002960   0x08002960   0x000001c2   Code   RO          199    .text.func_str_to_double  zf_common_function.o
    0x08002b22   0x08002b22   0x00000002   PAD
    0x08002b24   0x08002b24   0x0000010e   Code   RO          203    .text.func_str_to_hex  zf_common_function.o
    0x08002c32   0x08002c32   0x00000002   PAD
    0x08002c34   0x08002c34   0x000000bc   Code   RO          187    .text.func_str_to_int  zf_common_function.o
    0x08002cf0   0x08002cf0   0x000000a8   Code   RO          193    .text.func_uint_to_str  zf_common_function.o
    0x08002d98   0x08002d98   0x00000050   Code   RO          832    .text.get_double_number  zf_device_gps_tau1201.o
    0x08002de8   0x08002de8   0x0000004e   Code   RO          834    .text.get_float_number  zf_device_gps_tau1201.o
    0x08002e36   0x08002e36   0x00000002   PAD
    0x08002e38   0x08002e38   0x0000004c   Code   RO          838    .text.get_int_number  zf_device_gps_tau1201.o
    0x08002e84   0x08002e84   0x000000a0   Code   RO          830    .text.get_parameter_index  zf_device_gps_tau1201.o
    0x08002f24   0x08002f24   0x0000002e   Code   RO          349    .text.gpio_get_level  zf_driver_gpio.o
    0x08002f52   0x08002f52   0x00000002   PAD
    0x08002f54   0x08002f54   0x000001e8   Code   RO          355    .text.gpio_init     zf_driver_gpio.o
    0x0800313c   0x0800313c   0x00000062   Code   RO          347    .text.gpio_set_level  zf_driver_gpio.o
    0x0800319e   0x0800319e   0x00000002   PAD
    0x080031a0   0x080031a0   0x000001b6   Code   RO          820    .text.gps_data_parse  zf_device_gps_tau1201.o
    0x08003356   0x08003356   0x00000002   PAD
    0x08003358   0x08003358   0x00000094   Code   RO          824    .text.gps_gngga_parse  zf_device_gps_tau1201.o
    0x080033ec   0x080033ec   0x00000326   Code   RO          822    .text.gps_gnrmc_parse  zf_device_gps_tau1201.o
    0x08003712   0x08003712   0x00000002   PAD
    0x08003714   0x08003714   0x0000020e   Code   RO          828    .text.gps_init      zf_device_gps_tau1201.o
    0x08003922   0x08003922   0x00000002   PAD
    0x08003924   0x08003924   0x0000013a   Code   RO          826    .text.gps_uart_callback  zf_device_gps_tau1201.o
    0x08003a5e   0x08003a5e   0x00000002   PAD
    0x08003a60   0x08003a60   0x00000014   Code   RO          230    .text.interrupt_disable  zf_common_interrupt.o
    0x08003a74   0x08003a74   0x00000014   Code   RO          226    .text.interrupt_enable  zf_common_interrupt.o
    0x08003a88   0x08003a88   0x00000024   Code   RO          224    .text.interrupt_global_disable  zf_common_interrupt.o
    0x08003aac   0x08003aac   0x0000000a   Code   RO          238    .text.interrupt_init  zf_common_interrupt.o
    0x08003ab6   0x08003ab6   0x00000002   PAD
    0x08003ab8   0x08003ab8   0x00000164   Code   RO            4    .text.main          main.o
    0x08003c1c   0x08003c1c   0x00000366   Code   RO          621    .text.spi_init      zf_driver_spi.o
    0x08003f82   0x08003f82   0x00000002   PAD
    0x08003f84   0x08003f84   0x000000b8   Code   RO          589    .text.spi_write_16bit  zf_driver_spi.o
    0x0800403c   0x0800403c   0x00000086   Code   RO          585    .text.spi_write_8bit  zf_driver_spi.o
    0x080040c2   0x080040c2   0x00000002   PAD
    0x080040c4   0x080040c4   0x0000009a   Code   RO          266    .text.system_delay_ms  zf_driver_delay.o
    0x0800415e   0x0800415e   0x00000002   PAD
    0x08004160   0x08004160   0x0000007a   Code   RO         1301    .text.tft180_clear  zf_device_tft180.o
    0x080041da   0x080041da   0x00000002   PAD
    0x080041dc   0x080041dc   0x0000008a   Code   RO         1341    .text.tft180_debug_init  zf_device_tft180.o
    0x08004266   0x08004266   0x00000002   PAD
    0x08004268   0x08004268   0x000003d0   Code   RO         1337    .text.tft180_init   zf_device_tft180.o
    0x08004638   0x08004638   0x0000002a   Code   RO         1311    .text.tft180_set_color  zf_device_tft180.o
    0x08004662   0x08004662   0x00000002   PAD
    0x08004664   0x08004664   0x00000062   Code   RO         1307    .text.tft180_set_dir  zf_device_tft180.o
    0x080046c6   0x080046c6   0x00000002   PAD
    0x080046c8   0x080046c8   0x00000186   Code   RO         1303    .text.tft180_set_region  zf_device_tft180.o
    0x0800484e   0x0800484e   0x00000002   PAD
    0x08004850   0x08004850   0x0000029a   Code   RO         1317    .text.tft180_show_char  zf_device_tft180.o
    0x08004aea   0x08004aea   0x00000002   PAD
    0x08004aec   0x08004aec   0x0000015e   Code   RO         1325    .text.tft180_show_float  zf_device_tft180.o
    0x08004c4a   0x08004c4a   0x00000002   PAD
    0x08004c4c   0x08004c4c   0x000000dc   Code   RO         1319    .text.tft180_show_string  zf_device_tft180.o
    0x08004d28   0x08004d28   0x000000fe   Code   RO         1323    .text.tft180_show_uint  zf_device_tft180.o
    0x08004e26   0x08004e26   0x00000002   PAD
    0x08004e28   0x08004e28   0x00000036   Code   RO         1339    .text.tft180_write_index  zf_device_tft180.o
    0x08004e5e   0x08004e5e   0x00000002   PAD
    0x08004e60   0x08004e60   0x000000b2   Code   RO          642    .text.timer_clear   zf_driver_timer.o
    0x08004f12   0x08004f12   0x00000002   PAD
    0x08004f14   0x08004f14   0x000000b6   Code   RO          640    .text.timer_get     zf_driver_timer.o
    0x08004fca   0x08004fca   0x00000002   PAD
    0x08004fcc   0x08004fcc   0x000000e0   Code   RO         1357    .text.tsl1401_collect_pit_handler  zf_device_tsl1401.o
    0x080050ac   0x080050ac   0x00000002   Code   RO         1373    .text.type_default_callback  zf_device_type.o
    0x080050ae   0x080050ae   0x00000002   PAD
    0x080050b0   0x080050b0   0x0000028c   Code   RO          672    .text.uart_init     zf_driver_uart.o
    0x0800533c   0x0800533c   0x00000066   Code   RO          666    .text.uart_query_byte  zf_driver_uart.o
    0x080053a2   0x080053a2   0x00000002   PAD
    0x080053a4   0x080053a4   0x000000a0   Code   RO          670    .text.uart_rx_interrupt  zf_driver_uart.o
    0x08005444   0x08005444   0x0000006c   Code   RO          660    .text.uart_write_buffer  zf_driver_uart.o
    0x080054b0   0x080054b0   0x00000040   Code   RO          658    .text.uart_write_byte  zf_driver_uart.o
    0x080054f0   0x080054f0   0x00000040   Code   RO          662    .text.uart_write_string  zf_driver_uart.o
    0x08005530   0x08005530   0x00000122   Code   RO          836    .text.utc_to_btc    zf_device_gps_tau1201.o
    0x08005652   0x08005652   0x00000002   PAD
    0x08005654   0x08005654   0x00000028   Code   RO         2516    i.__0sprintf        mc_w.l(printfa.o)
    0x0800567c   0x0800567c   0x0000000e   Code   RO         2676    i.__scatterload_copy  mc_w.l(handlers.o)
    0x0800568a   0x0800568a   0x00000002   Code   RO         2677    i.__scatterload_null  mc_w.l(handlers.o)
    0x0800568c   0x0800568c   0x0000000e   Code   RO         2678    i.__scatterload_zeroinit  mc_w.l(handlers.o)
    0x0800569a   0x0800569a   0x00000002   PAD
    0x0800569c   0x0800569c   0x00000184   Code   RO         2521    i._fp_digits        mc_w.l(printfa.o)
    0x08005820   0x08005820   0x000006dc   Code   RO         2522    i._printf_core      mc_w.l(printfa.o)
    0x08005efc   0x08005efc   0x00000024   Code   RO         2523    i._printf_post_padding  mc_w.l(printfa.o)
    0x08005f20   0x08005f20   0x0000002e   Code   RO         2524    i._printf_pre_padding  mc_w.l(printfa.o)
    0x08005f4e   0x08005f4e   0x0000000a   Code   RO         2526    i._sputc            mc_w.l(printfa.o)
    0x08005f58   0x08005f58   0x000000ac   Data   RO          135    .rodata..L__const.debug_protective_handler.pin_list  zf_common_debug.o
    0x08006004   0x08006004   0x0000001c   Data   RO          850    .rodata..L__const.gps_init.set_rate  zf_device_gps_tau1201.o
    0x08006020   0x08006020   0x00000228   Data   RO          172    .rodata.ascii_font_6x8  zf_common_font.o
    0x08006248   0x08006248   0x000005f0   Data   RO          171    .rodata.ascii_font_8x16  zf_common_font.o
    0x08006838   0x08006838   0x0000005a   Data   RO          133    .rodata.str1.1      zf_common_debug.o
    0x08006892   0x08006892   0x0000002b   Data   RO          163    .rodata.str1.1      zf_common_fifo.o
    0x080068bd   0x080068bd   0x0000002f   Data   RO          213    .rodata.str1.1      zf_common_function.o
    0x080068ec   0x080068ec   0x0000002c   Data   RO          270    .rodata.str1.1      zf_driver_delay.o
    0x08006918   0x08006918   0x0000002a   Data   RO          624    .rodata.str1.1      zf_driver_spi.o
    0x08006942   0x08006942   0x0000002b   Data   RO          675    .rodata.str1.1      zf_driver_uart.o
    0x0800696d   0x0800696d   0x00000008   Data   RO          849    .rodata.str1.1      zf_device_gps_tau1201.o
    0x08006975   0x08006975   0x0000002d   Data   RO         1349    .rodata.str1.1      zf_device_tft180.o
    0x080069a2   0x080069a2   0x00000002   PAD
    0x080069a4   0x080069a4   0x00000020   Data   RO         2675    Region$$Table       anon$$obj.o


    Execution Region RW_m_data (Exec base: 0x20000000, Load base: 0x080069c8, Size: 0x0000049c, Max: 0x0001dc00, ABSOLUTE)

    Exec Addr    Load Addr    Size         Type   Attr      Idx    E Section Name        Object

    0x20000000   0x080069c8   0x00000008   Data   RW          256    .data.adc_index     zf_driver_adc.o
    0x20000008   0x080069d0   0x00000004   Data   RW         1382    .data.camera_dma_handler  zf_device_type.o
    0x2000000c   0x080069d4   0x00000004   Data   RW         1380    .data.camera_uart_handler  zf_device_type.o
    0x20000010   0x080069d8   0x00000004   Data   RW         1381    .data.camera_vsync_handler  zf_device_type.o
    0x20000014   0x080069dc   0x00000002   Data   RW          808    .data.dm1xa_distance_mm  zf_device_dm1xa.o
    0x20000016   0x080069de   0x00000002   PAD
    0x20000018   0x080069e0   0x00000020   Data   RW          359    .data.gpio_group    zf_driver_gpio.o
    0x20000038   0x08006a00   0x00000008   Data   RW          623    .data.spi_index     zf_driver_spi.o
    0x20000040   0x08006a08   0x00000004   Data   RW           96    .data.system_clock  zf_common_clock.o
    0x20000044   0x08006a0c   0x00000002   Data   RW         1345    .data.tft180_bgcolor  zf_device_tft180.o
    0x20000046   0x08006a0e   0x00000001   Data   RW         1347    .data.tft180_display_font  zf_device_tft180.o
    0x20000047   0x08006a0f   0x00000001   PAD
    0x20000048   0x08006a10   0x00000002   Data   RW         1348    .data.tft180_pencolor  zf_device_tft180.o
    0x2000004a   0x08006a12   0x00000001   Data   RW         1343    .data.tft180_x_max  zf_device_tft180.o
    0x2000004b   0x08006a13   0x00000001   Data   RW         1344    .data.tft180_y_max  zf_device_tft180.o
    0x2000004c   0x08006a14   0x00000020   Data   RW          674    .data.uart_index    zf_driver_uart.o
    0x2000006c   0x08006a34   0x00000008   Data   RW          677    .data.uart_irq      zf_driver_uart.o
    0x20000074   0x08006a3c   0x00000004   Data   RW         1384    .data.wireless_module_uart_handler  zf_device_type.o
    0x20000078   0x08006a40   0x00000001   Data   RW          131    .data.zf_debug_assert_enable  zf_common_debug.o
    0x20000079   0x08006a41   0x00000007   PAD
    0x20000080        -       0x00000002   Zero   RW          257    .bss.adc_resolution  zf_driver_adc.o
    0x20000082        -       0x00000001   Zero   RW          132    .bss.debug_assert_handler.assert_nest_index  zf_common_debug.o
    0x20000083   0x08006a41   0x00000001   PAD
    0x20000084        -       0x00000014   Zero   RW          134    .bss.debug_output_info  zf_common_debug.o
    0x20000098        -       0x00000004   Zero   RW          806    .bss.dm1xa_plus_count  zf_device_dm1xa.o
    0x2000009c        -       0x00000001   Zero   RW          807    .bss.dm1xa_ranging_state  zf_device_dm1xa.o
    0x2000009d        -       0x00000001   Zero   RW          805    .bss.dm1xa_type     zf_device_dm1xa.o
    0x2000009e        -       0x00000080   Zero   RW          846    .bss.gps_gga_buffer  zf_device_gps_tau1201.o
    0x2000011e        -       0x00000001   Zero   RW          841    .bss.gps_gga_state  zf_device_gps_tau1201.o
    0x2000011f        -       0x00000080   Zero   RW          844    .bss.gps_rmc_buffer  zf_device_gps_tau1201.o
    0x2000019f        -       0x00000001   Zero   RW          842    .bss.gps_rmc_state  zf_device_gps_tau1201.o
    0x200001a0        -       0x00000040   Zero   RW          845    .bss.gps_tau1201    zf_device_gps_tau1201.o
    0x200001e0        -       0x00000001   Zero   RW          840    .bss.gps_tau1201_flag  zf_device_gps_tau1201.o
    0x200001e1        -       0x00000080   Zero   RW          862    .bss.gps_tau1201_receiver_buffer  zf_device_gps_tau1201.o
    0x20000261   0x08006a41   0x00000003   PAD
    0x20000264        -       0x00000018   Zero   RW          848    .bss.gps_tau1201_receiver_fifo  zf_device_gps_tau1201.o
    0x2000027c        -       0x00000001   Zero   RW          847    .bss.gps_tau1201_state  zf_device_gps_tau1201.o
    0x2000027d   0x08006a41   0x00000003   PAD
    0x20000280        -       0x00000004   Zero   RW          242    .bss.interrupt_nest_count  zf_common_interrupt.o
    0x20000284        -       0x00000001   Zero   RW         1346    .bss.tft180_display_dir  zf_device_tft180.o
    0x20000285        -       0x00000008   Zero   RW          649    .bss.timer_mode_state  zf_driver_timer.o
    0x2000028d   0x08006a41   0x00000001   PAD
    0x2000028e        -       0x00000200   Zero   RW         1364    .bss.tsl1401_data   zf_device_tsl1401.o
    0x2000048e        -       0x00000001   Zero   RW         1365    .bss.tsl1401_finish_flag  zf_device_tsl1401.o
    0x2000048f        -       0x00000001   Zero   RW         1363    .bss.tsl1401_init_state  zf_device_tsl1401.o
    0x20000490        -       0x00000008   Zero   RW          676    .bss.uart_interrupt_state  zf_driver_uart.o
    0x20000498        -       0x00000001   Zero   RW          130    .bss.zf_debug_init_flag  zf_common_debug.o


    Execution Region ARM_LIB_HEAP (Exec base: 0x2000049c, Load base: 0x08006a48, Size: 0x00000400, Max: 0x00000400, ABSOLUTE)

    Exec Addr    Load Addr    Size         Type   Attr      Idx    E Section Name        Object

    0x2000049c        -       0x00000400   Zero   RW            1    ARM_LIB_HEAP.bss    anon$$obj.o


    Execution Region ARM_LIB_STACK (Exec base: 0x2001e000, Load base: 0x08006a48, Size: 0x00002000, Max: 0x00002000, ABSOLUTE)

    Exec Addr    Load Addr    Size         Type   Attr      Idx    E Section Name        Object

    0x2001e000        -       0x00002000   Zero   RW            2    ARM_LIB_STACK.bss   anon$$obj.o


==============================================================================

Image component sizes


      Code (inc. data)   RO Data    RW Data    ZI Data      Debug   Object Name

      1710          0          0          0          0       6531   isr.o
       356          0          0          0          0        860   main.o
        36          8        400          0          0        888   startup_mm32f3277g.o
        16          0          0          0          0        480   system_mm32f3277g.o
       796          0          0          4          0       2973   zf_common_clock.o
      1548          0        262          1         22       8219   zf_common_debug.o
      1412          0         43          0          0       5478   zf_common_fifo.o
         0          0       2072          0          0        797   zf_common_font.o
      1730          0         47          0          0       8081   zf_common_function.o
       250          0          0          0          4       4705   zf_common_interrupt.o
       314          4          0          2          6       3588   zf_device_dm1xa.o
      2916          0         36          0        476       8190   zf_device_gps_tau1201.o
      3310          4         45          7          1      11056   zf_device_tft180.o
       224          0          0          0        514       3571   zf_device_tsl1401.o
         2          0          0         16          0       1583   zf_device_type.o
       150          0          0          8          2       4758   zf_driver_adc.o
       154          0         44          0          0       1267   zf_driver_delay.o
      1016          0          0         32          0       4873   zf_driver_gpio.o
      1188          4         42          8          0       8716   zf_driver_spi.o
       360         16          0          0          8       7485   zf_driver_timer.o
      1150          8         43         40          8       7530   zf_driver_uart.o

    ----------------------------------------------------------------------
     18760         44       3068        124      10272     101629   Object Totals
         0          0         32          0       9216          0   (incl. Generated)
       122          0          2          6         15          0   (incl. Padding)

    ----------------------------------------------------------------------

      Code (inc. data)   RO Data    RW Data    ZI Data      Debug   Library Member Name

         0          0          0          0          0          0   entry.o
         0          0          0          0          0          0   entry10a.o
         0          0          0          0          0          0   entry11a.o
         8          4          0          0          0          0   entry4.o
         4          0          0          0          0          0   entry5.o
         0          0          0          0          0          0   entry7b.o
         0          0          0          0          0          0   entry8b.o
         8          4          0          0          0          0   entry9a.o
        30          0          0          0          0          0   handlers.o
        36          8          0          0          0         68   init.o
         0          0          0          0          0          0   iusefp.o
        30          0          0          0          0         68   llshl.o
        36          0          0          0          0         68   llsshr.o
        32          0          0          0          0         68   llushr.o
        36          0          0          0          0         68   memcpya.o
        36          0          0          0          0        108   memseta.o
      2276         86          0          0          0        520   printfa.o
        20          0          0          0          0         68   strchr.o
        14          0          0          0          0         68   strlen.o
        30          0          0          0          0         80   strncmp.o
        24          0          0          0          0         76   strncpy.o
        44          0          0          0          0         80   uidiv.o
        98          0          0          0          0         92   uldiv.o
        48          0          0          0          0         68   cdrcmple.o
        56          0          0          0          0         88   d2f.o
       334          0          0          0          0        148   dadd.o
        56          0          0          0          0         80   dcmpeq.o
        54          0          0          0          0         80   dcmplt.o
       222          0          0          0          0        100   ddiv.o
       186          0          0          0          0        176   depilogue.o
        62          0          0          0          0         80   dfixi.o
        48          0          0          0          0         68   dfixul.o
        34          0          0          0          0         76   dflti.o
       228          0          0          0          0         96   dmul.o
        38          0          0          0          0         68   f2d.o
       176          0          0          0          0        140   fadd.o
        28          0          0          0          0         68   fcmpge.o
       110          0          0          0          0        168   fepilogue.o
        50          0          0          0          0         68   ffixi.o
        18          0          0          0          0         68   fflti.o
        10          0          0          0          0         68   ffltui.o
       100          0          0          0          0         76   fmul.o

    ----------------------------------------------------------------------
      4624        102          0          0          0       3216   Library Totals
         4          0          0          0          0          0   (incl. Padding)

    ----------------------------------------------------------------------

      Code (inc. data)   RO Data    RW Data    ZI Data      Debug   Library Name

      2762        102          0          0          0       1432   mc_w.l
      1858          0          0          0          0       1784   mf_w.l

    ----------------------------------------------------------------------
      4624        102          0          0          0       3216   Library Totals

    ----------------------------------------------------------------------

==============================================================================


      Code (inc. data)   RO Data    RW Data    ZI Data      Debug   

     23384        146       3068        124      10272     102869   Grand Totals
     23384        146       3068        124      10272     102869   ELF Image Totals
     23384        146       3068        124          0          0   ROM Totals

==============================================================================

    Total RO  Size (Code + RO Data)                26452 (  25.83kB)
    Total RW  Size (RW Data + ZI Data)             10396 (  10.15kB)
    Total ROM Size (Code + RO Data + RW Data)      26576 (  25.95kB)

==============================================================================

