Component: ARM Compiler 6.7 Tool: armlink [5c9ef700]

==============================================================================

Section Cross References

    main.o(.text.all_init) refers to zf_common_clock.o(.text.clock_init) for clock_init
    main.o(.text.all_init) refers to zf_common_debug.o(.text.debug_init) for debug_init
    main.o(.text.all_init) refers to menu.o(.text.Menu_Screen_Init) for Menu_Screen_Init
    main.o(.text.all_init) refers to zf_driver_delay.o(.text.system_delay_ms) for system_delay_ms
    main.o(.text.all_init) refers to flash.o(.text.flash_init) for flash_init
    main.o(.text.all_init) refers to key.o(.text.Key_init) for Key_init
    main.o(.text.all_init) refers to buzzer.o(.text.BUZZ_init) for BUZZ_init
    main.o(.text.all_init) refers to motor.o(.text.motor_init) for motor_init
    main.o(.text.all_init) refers to streer_pid.o(.text.S_PID_CAL_init) for S_PID_CAL_init
    main.o(.text.all_init) refers to zf_device_mt9v03x.o(.text.mt9v03x_init) for mt9v03x_init
    main.o(.text.all_init) refers to zf_device_ips200.o(.text.ips200_show_string) for ips200_show_string
    main.o(.ARM.exidx.text.all_init) refers to main.o(.text.all_init) for [Anonymous Symbol]
    main.o(.text.flash_save) refers to main.o(.bss.save_flag) for save_flag
    main.o(.text.flash_save) refers to zf_driver_flash.o(.text.flash_check) for flash_check
    main.o(.text.flash_save) refers to zf_driver_flash.o(.text.flash_erase_page) for flash_erase_page
    main.o(.text.flash_save) refers to zf_driver_flash.o(.text.flash_buffer_clear) for flash_buffer_clear
    main.o(.text.flash_save) refers to pid_v.o(.bss..L_MergedGlobals) for PID_V
    main.o(.text.flash_save) refers to zf_driver_flash.o(.bss.flash_union_buffer) for flash_union_buffer
    main.o(.text.flash_save) refers to zf_driver_flash.o(.text.flash_write_page_from_buffer) for flash_write_page_from_buffer
    main.o(.text.flash_save) refers to streer_pid.o(.bss..L_MergedGlobals) for S_PID
    main.o(.ARM.exidx.text.flash_save) refers to main.o(.text.flash_save) for [Anonymous Symbol]
    main.o(.text.main) refers to main.o(.text.all_init) for all_init
    main.o(.text.main) refers to main.o(.bss.stop_flag1) for stop_flag1
    main.o(.text.main) refers to zf_device_mt9v03x.o(.bss.mt9v03x_finish_flag) for mt9v03x_finish_flag
    main.o(.text.main) refers to zf_device_mt9v03x.o(.bss.mt9v03x_image) for mt9v03x_image
    main.o(.text.main) refers to menu.o(.data..L_MergedGlobals) for current_state
    main.o(.text.main) refers to key.o(.text.Key_Scan) for Key_Scan
    main.o(.text.main) refers to menu.o(.text.Menu_control) for Menu_control
    main.o(.text.main) refers to main.o(.text.flash_save) for flash_save
    main.o(.text.main) refers to photo_chuli.o(.text.my_adapt_threshold) for my_adapt_threshold
    main.o(.text.main) refers to printf3.o(i.__0printf$3) for __2printf
    main.o(.text.main) refers to photo_chuli.o(.text.set_b_imagine) for set_b_imagine
    main.o(.text.main) refers to photo_chuli.o(.text.image_boundary_process2) for image_boundary_process2
    main.o(.text.main) refers to photo_chuli.o(.bss.dis_image) for dis_image
    main.o(.text.main) refers to zf_device_ips200.o(.text.ips200_show_gray_image) for ips200_show_gray_image
    main.o(.text.main) refers to screen.o(.text.show_line) for show_line
    main.o(.text.main) refers to photo_chuli.o(.text.banmaxian_check) for banmaxian_check
    main.o(.text.main) refers to zf_driver_pit.o(.text.pit_disable) for pit_disable
    main.o(.text.main) refers to motor.o(.text.motor_run) for motor_run
    main.o(.ARM.exidx.text.main) refers to main.o(.text.main) for [Anonymous Symbol]
    isr.o(.text.TIM1_UP_IRQHandler) refers to streer_pid.o(.text.S_PID_CAL) for S_PID_CAL
    isr.o(.text.TIM1_UP_IRQHandler) refers to isr.o(.bss.turn1) for turn1
    isr.o(.ARM.exidx.text.TIM1_UP_IRQHandler) refers to isr.o(.text.TIM1_UP_IRQHandler) for [Anonymous Symbol]
    isr.o(.text.TIM2_IRQHandler) refers to key.o(.bss..L_MergedGlobals) for key1_flag
    isr.o(.text.TIM2_IRQHandler) refers to key.o(.bss.status) for status
    isr.o(.text.TIM2_IRQHandler) refers to key.o(.data.count_time) for count_time
    isr.o(.text.TIM2_IRQHandler) refers to menu.o(.data..L_MergedGlobals) for input
    isr.o(.ARM.exidx.text.TIM2_IRQHandler) refers to isr.o(.text.TIM2_IRQHandler) for [Anonymous Symbol]
    isr.o(.ARM.exidx.text.TIM3_IRQHandler) refers to isr.o(.text.TIM3_IRQHandler) for [Anonymous Symbol]
    isr.o(.ARM.exidx.text.TIM4_IRQHandler) refers to isr.o(.text.TIM4_IRQHandler) for [Anonymous Symbol]
    isr.o(.ARM.exidx.text.TIM5_IRQHandler) refers to isr.o(.text.TIM5_IRQHandler) for [Anonymous Symbol]
    isr.o(.text.TIM6_IRQHandler) refers to zf_driver_encoder.o(.text.encoder_get_count) for encoder_get_count
    isr.o(.text.TIM6_IRQHandler) refers to encoder.o(.bss.encoder1) for encoder1
    isr.o(.text.TIM6_IRQHandler) refers to zf_driver_encoder.o(.text.encoder_clear_count) for encoder_clear_count
[...]
    [Anonymous Symbol]                       0x20000678   Section        0  zf_device_ips200.o(.bss..L_MergedGlobals.1)
    .L_MergedGlobals.1                       0x20000678   Data           3  zf_device_ips200.o(.bss..L_MergedGlobals.1)
    ips200_display_type                      0x20000678   Data           1  zf_device_ips200.o(.bss..L_MergedGlobals.1)
    ips200_display_dir                       0x20000679   Data           1  zf_device_ips200.o(.bss..L_MergedGlobals.1)
    ips_rst_pin                              0x2000067a   Data           1  zf_device_ips200.o(.bss..L_MergedGlobals.1)
    [Anonymous Symbol]                       0x20000680   Section        0  zf_device_gps_tau1201.o(.bss..L_MergedGlobals.2)
    .L_MergedGlobals.2                       0x20000680   Data          28  zf_device_gps_tau1201.o(.bss..L_MergedGlobals.2)
    gps_tau1201_state                        0x20000680   Data           1  zf_device_gps_tau1201.o(.bss..L_MergedGlobals.2)
    gps_tau1201_receiver_fifo                0x20000684   Data          24  zf_device_gps_tau1201.o(.bss..L_MergedGlobals.2)
    [Anonymous Symbol]                       0x2000069c   Section        0  zf_device_mt9v03x.o(.bss..L_MergedGlobals.3)
    .L_MergedGlobals.3                       0x2000069c   Data           4  zf_device_mt9v03x.o(.bss..L_MergedGlobals.3)
    mt9v03x_type                             0x2000069c   Data           1  zf_device_mt9v03x.o(.bss..L_MergedGlobals.3)
    mt9v03x_version                          0x2000069e   Data           2  zf_device_mt9v03x.o(.bss..L_MergedGlobals.3)
    [Anonymous Symbol]                       0x200006a0   Section        0  zf_driver_adc.o(.bss.adc_resolution)
    adc_resolution                           0x200006a0   Data           2  zf_driver_adc.o(.bss.adc_resolution)
    [Anonymous Symbol]                       0x200007e2   Section        0  zf_common_debug.o(.bss.debug_assert_handler.assert_nest_index)
    debug_assert_handler.assert_nest_index   0x200007e2   Data           1  zf_common_debug.o(.bss.debug_assert_handler.assert_nest_index)
    debug_output_info.0                      0x200007e4   Data           2  zf_common_debug.o(.bss.debug_output_info.0)
    debug_output_info.1                      0x200007e8   Data           2  zf_common_debug.o(.bss.debug_output_info.1)
    debug_output_info.3                      0x200007ea   Data           1  zf_common_debug.o(.bss.debug_output_info.3)
    debug_output_info.4                      0x200007ec   Data           1  zf_common_debug.o(.bss.debug_output_info.4)
    [Anonymous Symbol]                       0x200046b8   Section        0  zf_device_gps_tau1201.o(.bss.gps_gga_buffer)
    gps_gga_buffer                           0x200046b8   Data         128  zf_device_gps_tau1201.o(.bss.gps_gga_buffer)
    [Anonymous Symbol]                       0x20004738   Section        0  zf_device_gps_tau1201.o(.bss.gps_rmc_buffer)
    gps_rmc_buffer                           0x20004738   Data         128  zf_device_gps_tau1201.o(.bss.gps_rmc_buffer)
    [Anonymous Symbol]                       0x200047b8   Section        0  zf_common_interrupt.o(.bss.interrupt_nest_count)
    interrupt_nest_count                     0x200047b8   Data           4  zf_common_interrupt.o(.bss.interrupt_nest_count)
    [Anonymous Symbol]                       0x20004900   Section        0  zf_device_config.o(.bss.mt9v03x_h_blank)
    mt9v03x_h_blank                          0x20004900   Data           4  zf_device_config.o(.bss.mt9v03x_h_blank)
    [Anonymous Symbol]                       0x20004904   Section        0  zf_device_config.o(.bss.mt9v03x_iic_inf_struct)
    mt9v03x_iic_inf_struct                   0x20004904   Data          16  zf_device_config.o(.bss.mt9v03x_iic_inf_struct)
    [Anonymous Symbol]                       0x200083d4   Section        0  zf_device_config.o(.bss.mt9v03x_init_config)
    mt9v03x_init_config                      0x200083d4   Data          20  zf_device_config.o(.bss.mt9v03x_init_config)
    [Anonymous Symbol]                       0x200083e8   Section        0  zf_device_config.o(.bss.mt9v03x_v_blank)
    mt9v03x_v_blank                          0x200083e8   Data           4  zf_device_config.o(.bss.mt9v03x_v_blank)
    tsl1401_init_state                       0x20008737   Data           1  zf_device_tsl1401.o(.bss.tsl1401_init_state)
    [Anonymous Symbol]                       0x2000873c   Section        0  zf_driver_uart.o(.bss.uart_interrupt_state)
    uart_interrupt_state                     0x2000873c   Data           8  zf_driver_uart.o(.bss.uart_interrupt_state)

    Global Symbols

    Symbol Name                              Value     Ov Type        Size  Object(Section)

    BuildAttributes$$THM_ISAv4$P$D$K$B$S$PE$A:L22UL41UL21$X:L11$S22US41US21$IEEE1$IW$~IW$USESV6$~STKCKD$USESV7$~SHL$OTIME$ROPI$IEEEX$EBA8$MICROLIB$REQ8$PRES8$EABIv2 0x00000000   Number         0  anon$$obj.o ABSOLUTE
    _printf_a                                0x00000000   Number         0  stubs.o ABSOLUTE
    _printf_c                                0x00000000   Number         0  stubs.o ABSOLUTE
    _printf_charcount                        0x00000000   Number         0  stubs.o ABSOLUTE
    _printf_d                                0x00000000   Number         0  stubs.o ABSOLUTE
    _printf_e                                0x00000000   Number         0  stubs.o ABSOLUTE
    _printf_f                                0x00000000   Number         0  stubs.o ABSOLUTE
    _printf_flags                            0x00000000   Number         0  stubs.o ABSOLUTE
    _printf_fp_dec                           0x00000000   Number         0  stubs.o ABSOLUTE
    _printf_fp_hex                           0x00000000   Number         0  stubs.o ABSOLUTE
    _printf_g                                0x00000000   Number         0  stubs.o ABSOLUTE
    _printf_i                                0x00000000   Number         0  stubs.o ABSOLUTE
    _printf_int_dec                          0x00000000   Number         0  stubs.o ABSOLUTE
    _printf_l                                0x00000000   Number         0  stubs.o ABSOLUTE
    _printf_lc                               0x00000000   Number         0  stubs.o ABSOLUTE
    _printf_ll                               0x00000000   Number         0  stubs.o ABSOLUTE
    _printf_lld                              0x00000000   Number         0  stubs.o ABSOLUTE
    _printf_lli                              0x00000000   Number         0  stubs.o ABSOLUTE
    _printf_llo                              0x00000000   Number         0  stubs.o ABSOLUTE
    _printf_llu                              0x00000000   Number         0  stubs.o ABSOLUTE
    _printf_llx                              0x00000000   Number         0  stubs.o ABSOLUTE
    _printf_longlong_dec                     0x00000000   Number         0  stubs.o ABSOLUTE
    _printf_longlong_hex                     0x00000000   Number         0  stubs.o ABSOLUTE
    _printf_longlong_oct                     0x00000000   Number         0  stubs.o ABSOLUTE
    _printf_ls                               0x00000000   Number         0  stubs.o ABSOLUTE
    _printf_mbtowc                           0x00000000   Number         0  stubs.o ABSOLUTE
    _printf_n                                0x00000000   Number         0  stubs.o ABSOLUTE
    _printf_o                                0x00000000   Number         0  stubs.o ABSOLUTE
    _printf_p                                0x00000000   Number         0  stubs.o ABSOLUTE
    _printf_percent                          0x00000000   Number         0  stubs.o ABSOLUTE
    _printf_pre_padding                      0x00000000   Number         0  stubs.o ABSOLUTE
    _printf_return_value                     0x00000000   Number         0  stubs.o ABSOLUTE
    _printf_s                                0x00000000   Number         0  stubs.o ABSOLUTE
    _printf_sizespec                         0x00000000   Number         0  stubs.o ABSOLUTE
    _printf_str                              0x00000000   Number         0  stubs.o ABSOLUTE
    _printf_truncate_signed                  0x00000000   Number         0  stubs.o ABSOLUTE
    _printf_truncate_unsigned                0x00000000   Number         0  stubs.o ABSOLUTE
    _printf_u                                0x00000000   Number         0  stubs.o ABSOLUTE
    _printf_wc                               0x00000000   Number         0  stubs.o ABSOLUTE
    _printf_wctomb                           0x00000000   Number         0  stubs.o ABSOLUTE
    _printf_widthprec                        0x00000000   Number         0  stubs.o ABSOLUTE
    _printf_x                                0x00000000   Number         0  stubs.o ABSOLUTE
    __cpp_initialize__aeabi_                  - Undefined Weak Reference
    __cxa_finalize                            - Undefined Weak Reference
    _clock_init                               - Undefined Weak Reference
    _microlib_exit                            - Undefined Weak Reference
    __Vectors_Size                           0x00000190   Number         0  startup_mm32f3277g.o ABSOLUTE
    __Vectors                                0x08000000   Data           4  startup_mm32f3277g.o(RESET)
    __Vectors_End                            0x08000190   Data           0  startup_mm32f3277g.o(RESET)
    __main                                   0x08000401   Thumb Code     0  entry.o(.ARM.Collect$$$$00000000)
    _main_stk                                0x08000401   Thumb Code     0  entry4.o(.ARM.Collect$$$$00000003)
    _main_scatterload                        0x08000405   Thumb Code     0  entry5.o(.ARM.Collect$$$$00000004)
    __main_after_scatterload                 0x08000409   Thumb Code     0  entry5.o(.ARM.Collect$$$$00000004)
    _main_clock                              0x08000409   Thumb Code     0  entry7b.o(.ARM.Collect$$$$00000008)
    _main_cpp_init                           0x08000409   Thumb Code     0  entry8b.o(.ARM.Collect$$$$0000000A)
    _main_init                               0x08000409   Thumb Code     0  entry9a.o(.ARM.Collect$$$$0000000B)
    __rt_final_cpp                           0x08000411   Thumb Code     0  entry10a.o(.ARM.Collect$$$$0000000D)
    __rt_final_exit                          0x08000411   Thumb Code     0  entry11a.o(.ARM.Collect$$$$0000000F)
    Reset_Handler                            0x08000415   Thumb Code     8  startup_mm32f3277g.o(.text)
    NMI_Handler                              0x0800041d   Thumb Code     2  startup_mm32f3277g.o(.text)
    HardFault_Handler                        0x0800041f   Thumb Code     2  startup_mm32f3277g.o(.text)
    MemManage_Handler                        0x08000421   Thumb Code     2  startup_mm32f3277g.o(.text)
    BusFault_Handler                         0x08000423   Thumb Code     2  startup_mm32f3277g.o(.text)
    UsageFault_Handler                       0x08000425   Thumb Code     2  startup_mm32f3277g.o(.text)
    SVC_Handler                              0x08000427   Thumb Code     2  startup_mm32f3277g.o(.text)
    DebugMon_Handler                         0x08000429   Thumb Code     2  startup_mm32f3277g.o(.text)
    PendSV_Handler                           0x0800042b   Thumb Code     2  startup_mm32f3277g.o(.text)
    SysTick_Handler                          0x0800042d   Thumb Code     2  startup_mm32f3277g.o(.text)
    ADC1_2_IRQHandler                        0x0800042f   Thumb Code     0  startup_mm32f3277g.o(.text)
    ADC3_IRQHandler                          0x0800042f   Thumb Code     0  startup_mm32f3277g.o(.text)
    CAN1_RX_IRQHandler                       0x0800042f   Thumb Code     0  startup_mm32f3277g.o(.text)
    COMP1_2_IRQHandler                       0x0800042f   Thumb Code     0  startup_mm32f3277g.o(.text)
    ETH_IRQHandler                           0x0800042f   Thumb Code     0  startup_mm32f3277g.o(.text)
    FLASH_IRQHandler                         0x0800042f   Thumb Code     0  startup_mm32f3277g.o(.text)
    FlashCache_IRQHandler                    0x0800042f   Thumb Code     0  startup_mm32f3277g.o(.text)
    I2C1_IRQHandler                          0x0800042f   Thumb Code     0  startup_mm32f3277g.o(.text)
    I2C2_IRQHandler                          0x0800042f   Thumb Code     0  startup_mm32f3277g.o(.text)
    OTG_FS_IRQHandler                        0x0800042f   Thumb Code     0  startup_mm32f3277g.o(.text)
    OTG_FS_WKUP_IRQHandler                   0x0800042f   Thumb Code     0  startup_mm32f3277g.o(.text)
    PVD_IRQHandler                           0x0800042f   Thumb Code     0  startup_mm32f3277g.o(.text)
    RCC_CRS_IRQHandler                       0x0800042f   Thumb Code     0  startup_mm32f3277g.o(.text)
    RTCAlarm_IRQHandler                      0x0800042f   Thumb Code     0  startup_mm32f3277g.o(.text)
    RTC_IRQHandler                           0x0800042f   Thumb Code     0  startup_mm32f3277g.o(.text)
    SDIO_IRQHandler                          0x0800042f   Thumb Code     0  startup_mm32f3277g.o(.text)
    SPI1_IRQHandler                          0x0800042f   Thumb Code     0  startup_mm32f3277g.o(.text)
    SPI2_IRQHandler                          0x0800042f   Thumb Code     0  startup_mm32f3277g.o(.text)
    SPI3_IRQHandler                          0x0800042f   Thumb Code     0  startup_mm32f3277g.o(.text)
    TAMPER_IRQHandler                        0x0800042f   Thumb Code     0  startup_mm32f3277g.o(.text)
    TIM1_BRK_IRQHandler                      0x0800042f   Thumb Code     0  startup_mm32f3277g.o(.text)
    TIM1_CC_IRQHandler                       0x0800042f   Thumb Code     0  startup_mm32f3277g.o(.text)
    TIM1_TRG_COM_IRQHandler                  0x0800042f   Thumb Code     0  startup_mm32f3277g.o(.text)
    TIM8_BRK_IRQHandler                      0x0800042f   Thumb Code     0  startup_mm32f3277g.o(.text)
    TIM8_CC_IRQHandler                       0x0800042f   Thumb Code     0  startup_mm32f3277g.o(.text)
    TIM8_TRG_COM_IRQHandler                  0x0800042f   Thumb Code     0  startup_mm32f3277g.o(.text)
    WWDG_IRQHandler                          0x0800042f   Thumb Code     0  startup_mm32f3277g.o(.text)
    __aeabi_memcpy                           0x08000439   Thumb Code    36  memcpya.o(.text)
    __aeabi_memcpy4                          0x08000439   Thumb Code     0  memcpya.o(.text)
    __aeabi_memcpy8                          0x08000439   Thumb Code     0  memcpya.o(.text)
    __aeabi_memset                           0x0800045d   Thumb Code    14  memseta.o(.text)
    __aeabi_memset4                          0x0800045d   Thumb Code     0  memseta.o(.text)
    __aeabi_memset8                          0x0800045d   Thumb Code     0  memseta.o(.text)
    __aeabi_memclr                           0x0800046b   Thumb Code     4  memseta.o(.text)
    __aeabi_memclr4                          0x0800046b   Thumb Code     0  memseta.o(.text)
    __aeabi_memclr8                          0x0800046b   Thumb Code     0  memseta.o(.text)
    _memset$wrapper                          0x0800046f   Thumb Code    18  memseta.o(.text)
    strlen                                   0x08000481   Thumb Code    14  strlen.o(.text)
    strcmp                                   0x0800048f   Thumb Code    28  strcmp.o(.text)
    strncmp                                  0x080004ab   Thumb Code    30  strncmp.o(.text)
    __aeabi_fadd                             0x080004c9   Thumb Code   164  fadd.o(.text)
    __aeabi_fsub                             0x0800056d   Thumb Code     6  fadd.o(.text)
    __aeabi_frsub                            0x08000573   Thumb Code     6  fadd.o(.text)
    __aeabi_fmul                             0x08000579   Thumb Code   100  fmul.o(.text)
    __aeabi_fdiv                             0x080005dd   Thumb Code   124  fdiv.o(.text)
    __aeabi_dadd                             0x08000659   Thumb Code   322  dadd.o(.text)
    __aeabi_dsub                             0x0800079b   Thumb Code     6  dadd.o(.text)
    __aeabi_drsub                            0x080007a1   Thumb Code     6  dadd.o(.text)
    __aeabi_dmul                             0x080007a7   Thumb Code   228  dmul.o(.text)
    __aeabi_fcmple                           0x0800088b   Thumb Code    28  fcmple.o(.text)
    __aeabi_fcmplt                           0x080008a7   Thumb Code    28  fcmplt.o(.text)
    __aeabi_fcmpge                           0x080008c3   Thumb Code    28  fcmpge.o(.text)
    __aeabi_fcmpeq                           0x080008df   Thumb Code    28  fcmpeq.o(.text)
    __aeabi_dcmple                           0x080008fb   Thumb Code    54  dcmple.o(.text)
    __aeabi_i2f                              0x08000931   Thumb Code    18  fflti.o(.text)
    __aeabi_ui2f                             0x08000943   Thumb Code    10  ffltui.o(.text)
    __aeabi_i2d                              0x0800094d   Thumb Code    34  dflti.o(.text)
    __aeabi_ui2d                             0x0800096f   Thumb Code    26  dfltui.o(.text)
    __aeabi_f2iz                             0x08000989   Thumb Code    50  ffixi.o(.text)
    __aeabi_f2uiz                            0x080009bb   Thumb Code    40  ffixui.o(.text)
    __aeabi_d2iz                             0x080009e3   Thumb Code    62  dfixi.o(.text)
    __aeabi_d2uiz                            0x08000a21   Thumb Code    50  dfixui.o(.text)
    __aeabi_f2d                              0x08000a53   Thumb Code    38  f2d.o(.text)
    __aeabi_d2f                              0x08000a79   Thumb Code    56  d2f.o(.text)
    __aeabi_uidiv                            0x08000ab1   Thumb Code     0  uidiv.o(.text)
    __aeabi_uidivmod                         0x08000ab1   Thumb Code    44  uidiv.o(.text)
    __aeabi_llsl                             0x08000add   Thumb Code    30  llshl.o(.text)
    _ll_shift_l                              0x08000add   Thumb Code     0  llshl.o(.text)
    __aeabi_llsr                             0x08000afb   Thumb Code    32  llushr.o(.text)
    _ll_ushift_r                             0x08000afb   Thumb Code     0  llushr.o(.text)
    __aeabi_lasr                             0x08000b1b   Thumb Code    36  llsshr.o(.text)
    _ll_sshift_r                             0x08000b1b   Thumb Code     0  llsshr.o(.text)
    __I$use$fp                               0x08000b3f   Thumb Code     0  iusefp.o(.text)
    _float_round                             0x08000b3f   Thumb Code    18  fepilogue.o(.text)
    _float_epilogue                          0x08000b51   Thumb Code    92  fepilogue.o(.text)
    _double_round                            0x08000bad   Thumb Code    30  depilogue.o(.text)
    _double_epilogue                         0x08000bcb   Thumb Code   156  depilogue.o(.text)
    __scatterload                            0x08000c69   Thumb Code    28  init.o(.text)
    __scatterload_rt2                        0x08000c69   Thumb Code     0  init.o(.text)
    __decompress                             0x08000c8d   Thumb Code     0  __dczerorl2.o(.text)
    __decompress1                            0x08000c8d   Thumb Code    86  __dczerorl2.o(.text)
    BUZZ_init                                0x08000ce5   Thumb Code    12  buzzer.o(.text.BUZZ_init)
    DMA1_Channel1_IRQHandler                 0x08000cf1   Thumb Code    26  isr.o(.text.DMA1_Channel1_IRQHandler)
    DMA1_Channel2_IRQHandler                 0x08000d0d   Thumb Code    26  isr.o(.text.DMA1_Channel2_IRQHandler)
    DMA1_Channel3_IRQHandler                 0x08000d29   Thumb Code    26  isr.o(.text.DMA1_Channel3_IRQHandler)
    DMA1_Channel4_IRQHandler                 0x08000d45   Thumb Code    42  isr.o(.text.DMA1_Channel4_IRQHandler)
    DMA1_Channel5_IRQHandler                 0x08000d71   Thumb Code    26  isr.o(.text.DMA1_Channel5_IRQHandler)
    DMA1_Channel6_IRQHandler                 0x08000d8d   Thumb Code    26  isr.o(.text.DMA1_Channel6_IRQHandler)
    DMA1_Channel7_IRQHandler                 0x08000da9   Thumb Code    26  isr.o(.text.DMA1_Channel7_IRQHandler)
    DMA2_Channel1_IRQHandler                 0x08000dc5   Thumb Code    28  isr.o(.text.DMA2_Channel1_IRQHandler)
    DMA2_Channel2_IRQHandler                 0x08000de1   Thumb Code    28  isr.o(.text.DMA2_Channel2_IRQHandler)
    DMA2_Channel3_IRQHandler                 0x08000dfd   Thumb Code    28  isr.o(.text.DMA2_Channel3_IRQHandler)
    DMA2_Channel4_IRQHandler                 0x08000e19   Thumb Code    28  isr.o(.text.DMA2_Channel4_IRQHandler)
    DMA2_Channel5_IRQHandler                 0x08000e35   Thumb Code    28  isr.o(.text.DMA2_Channel5_IRQHandler)
    EXTI0_IRQHandler                         0x08000e51   Thumb Code    18  isr.o(.text.EXTI0_IRQHandler)
    EXTI15_10_IRQHandler                     0x08000e65   Thumb Code   116  isr.o(.text.EXTI15_10_IRQHandler)
    EXTI1_IRQHandler                         0x08000ed9   Thumb Code    18  isr.o(.text.EXTI1_IRQHandler)
    EXTI2_IRQHandler                         0x08000eed   Thumb Code    18  isr.o(.text.EXTI2_IRQHandler)
    EXTI3_IRQHandler                         0x08000f01   Thumb Code    18  isr.o(.text.EXTI3_IRQHandler)
    EXTI4_IRQHandler                         0x08000f15   Thumb Code    18  isr.o(.text.EXTI4_IRQHandler)
    EXTI9_5_IRQHandler                       0x08000f29   Thumb Code   104  isr.o(.text.EXTI9_5_IRQHandler)
    Encoder_GetInfo_L                        0x08000f91   Thumb Code    12  encoder.o(.text.Encoder_GetInfo_L)
    Encoder_GetInfo_R                        0x08000f9d   Thumb Code    12  encoder.o(.text.Encoder_GetInfo_R)
    Encoder_Init                             0x08000fa9   Thumb Code    76  encoder.o(.text.Encoder_Init)
    Key_Scan                                 0x08000ff5   Thumb Code   202  key.o(.text.Key_Scan)
    Key_init                                 0x080010c1   Thumb Code    92  key.o(.text.Key_init)
    Menu_Screen_Init                         0x0800111d   Thumb Code    22  menu.o(.text.Menu_Screen_Init)
    Menu_control                             0x08001135   Thumb Code   412  menu.o(.text.Menu_control)
    PID_init                                 0x080012d1   Thumb Code    42  streer_pid.o(.text.PID_init)
    PID_vget_param                           0x080012fd   Thumb Code    12  pid_v.o(.text.PID_vget_param)
    SPID_vget_param                          0x08001309   Thumb Code    12  streer_pid.o(.text.SPID_vget_param)
    S_PID_CAL                                0x08001315   Thumb Code   166  streer_pid.o(.text.S_PID_CAL)
    S_PID_CAL_init                           0x080013bd   Thumb Code    50  streer_pid.o(.text.S_PID_CAL_init)
    S_PIDadd_d                               0x080013f1   Thumb Code    44  streer_pid.o(.text.S_PIDadd_d)
    S_PIDadd_i                               0x0800141d   Thumb Code    44  streer_pid.o(.text.S_PIDadd_i)
    S_PIDadd_outputmax                       0x08001449   Thumb Code    40  streer_pid.o(.text.S_PIDadd_outputmax)
    S_PIDadd_p                               0x08001471   Thumb Code    44  streer_pid.o(.text.S_PIDadd_p)
    S_PIDsub_d                               0x0800149d   Thumb Code    92  streer_pid.o(.text.S_PIDsub_d)
    S_PIDsub_i                               0x080014f9   Thumb Code    92  streer_pid.o(.text.S_PIDsub_i)
    S_PIDsub_outputmax                       0x08001555   Thumb Code    60  streer_pid.o(.text.S_PIDsub_outputmax)
    S_PIDsub_p                               0x08001591   Thumb Code    92  streer_pid.o(.text.S_PIDsub_p)
    SystemInit                               0x080015ed   Thumb Code    12  system_mm32f3277g.o(.text.SystemInit)
    TIM1_UP_IRQHandler                       0x080015f9   Thumb Code    36  isr.o(.text.TIM1_UP_IRQHandler)
    TIM2_IRQHandler                          0x0800161d   Thumb Code   462  isr.o(.text.TIM2_IRQHandler)
    TIM3_IRQHandler                          0x080017ed   Thumb Code    20  isr.o(.text.TIM3_IRQHandler)
    TIM4_IRQHandler                          0x08001801   Thumb Code    20  isr.o(.text.TIM4_IRQHandler)
    TIM5_IRQHandler                          0x08001815   Thumb Code    20  isr.o(.text.TIM5_IRQHandler)
    TIM6_IRQHandler                          0x08001829   Thumb Code   110  isr.o(.text.TIM6_IRQHandler)
    TIM7_IRQHandler                          0x08001899   Thumb Code    20  isr.o(.text.TIM7_IRQHandler)
    TIM8_UP_IRQHandler                       0x080018ad   Thumb Code    26  isr.o(.text.TIM8_UP_IRQHandler)
    UART1_IRQHandler                         0x080018c9   Thumb Code    46  isr.o(.text.UART1_IRQHandler)
    UART2_IRQHandler                         0x080018f9   Thumb Code    54  isr.o(.text.UART2_IRQHandler)
    UART3_IRQHandler                         0x08001931   Thumb Code    46  isr.o(.text.UART3_IRQHandler)
    UART4_IRQHandler                         0x08001961   Thumb Code    46  isr.o(.text.UART4_IRQHandler)
    UART5_IRQHandler                         0x08001991   Thumb Code    46  isr.o(.text.UART5_IRQHandler)
    UART6_IRQHandler                         0x080019c1   Thumb Code    62  isr.o(.text.UART6_IRQHandler)
    UART7_IRQHandler                         0x08001a01   Thumb Code    46  isr.o(.text.UART7_IRQHandler)
    UART8_IRQHandler                         0x08001a31   Thumb Code    62  isr.o(.text.UART8_IRQHandler)
    adc_convert                              0x08001a71   Thumb Code    74  zf_driver_adc.o(.text.adc_convert)
    addspeed                                 0x08001abd   Thumb Code    16  menu.o(.text.addspeed)
    afio_init                                0x08001acd   Thumb Code   116  zf_driver_gpio.o(.text.afio_init)
    all_init                                 0x08001b41   Thumb Code   108  main.o(.text.all_init)
    banmaxian_check                          0x08001bad   Thumb Code  1318  photo_chuli.o(.text.banmaxian_check)
    camera_fifo_init                         0x080020d5   Thumb Code    20  zf_device_camera.o(.text.camera_fifo_init)
    camera_init                              0x080020e9   Thumb Code   130  zf_device_camera.o(.text.camera_init)
    clock_init                               0x0800216d   Thumb Code   572  zf_common_clock.o(.text.clock_init)
    debug_assert_handler                     0x080023a9   Thumb Code   240  zf_common_debug.o(.text.debug_assert_handler)
    debug_init                               0x08002499   Thumb Code    92  zf_common_debug.o(.text.debug_init)
    debug_log_handler                        0x080024f5   Thumb Code    48  zf_common_debug.o(.text.debug_log_handler)
    debug_output_init                        0x08002875   Thumb Code    74  zf_common_debug.o(.text.debug_output_init)
    debug_output_struct_init                 0x080028c1   Thumb Code    26  zf_common_debug.o(.text.debug_output_struct_init)
    dm1xa_light_callback                     0x080028e5   Thumb Code    30  zf_device_dm1xa.o(.text.dm1xa_light_callback)
    dm1xa_sound_callback                     0x08002905   Thumb Code   160  zf_device_dm1xa.o(.text.dm1xa_sound_callback)
    dma_camera_init                          0x080029a5   Thumb Code   236  zf_driver_dma.o(.text.dma_camera_init)
    dma_disable                              0x08002a91   Thumb Code    38  zf_driver_dma.o(.text.dma_disable)
    dma_enable                               0x08002ab9   Thumb Code    38  zf_driver_dma.o(.text.dma_enable)
    dma_set_count                            0x08002ae1   Thumb Code    32  zf_driver_dma.o(.text.dma_set_count)
    encoder_clear_count                      0x08002b01   Thumb Code    62  zf_driver_encoder.o(.text.encoder_clear_count)
    encoder_get_count                        0x08002b41   Thumb Code   102  zf_driver_encoder.o(.text.encoder_get_count)
    encoder_quad_init                        0x08002ba9   Thumb Code   204  zf_driver_encoder.o(.text.encoder_quad_init)
    exti_init                                0x08002c75   Thumb Code   400  zf_driver_exti.o(.text.exti_init)
    fifo_clear                               0x08002e05   Thumb Code    98  zf_common_fifo.o(.text.fifo_clear)
    fifo_init                                0x08002e69   Thumb Code    62  zf_common_fifo.o(.text.fifo_init)
    fifo_read_buffer                         0x08002ea9   Thumb Code   324  zf_common_fifo.o(.text.fifo_read_buffer)
    fifo_used                                0x08002fed   Thumb Code    32  zf_common_fifo.o(.text.fifo_used)
    fifo_write_buffer                        0x0800300d   Thumb Code   448  zf_common_fifo.o(.text.fifo_write_buffer)
    fifo_write_element                       0x080031cd   Thumb Code   128  zf_common_fifo.o(.text.fifo_write_element)
    flash_buffer_clear                       0x0800324d   Thumb Code    22  zf_driver_flash.o(.text.flash_buffer_clear)
    flash_check                              0x08003265   Thumb Code    92  zf_driver_flash.o(.text.flash_check)
    flash_erase_page                         0x080032c1   Thumb Code   202  zf_driver_flash.o(.text.flash_erase_page)
    flash_init                               0x0800338d   Thumb Code    96  flash.o(.text.flash_init)
    flash_read_page_to_buffer                0x080033ed   Thumb Code    88  zf_driver_flash.o(.text.flash_read_page_to_buffer)
    flash_save                               0x08003445   Thumb Code   168  main.o(.text.flash_save)
    flash_write_page_from_buffer             0x080034ed   Thumb Code   280  zf_driver_flash.o(.text.flash_write_page_from_buffer)
    fputc                                    0x08003605   Thumb Code    28  zf_common_debug.o(.text.fputc)
    func_float_to_str                        0x08003621   Thumb Code   358  zf_common_function.o(.text.func_float_to_str)
    func_get_greatest_common_divisor         0x08003789   Thumb Code    26  zf_common_function.o(.text.func_get_greatest_common_divisor)
    func_int_to_str                          0x080037a5   Thumb Code   144  zf_common_function.o(.text.func_int_to_str)
    gpio_get_level                           0x08003835   Thumb Code    36  zf_driver_gpio.o(.text.gpio_get_level)
    gpio_init                                0x08003859   Thumb Code   164  zf_driver_gpio.o(.text.gpio_init)
    gpio_set_level                           0x080038fd   Thumb Code    46  zf_driver_gpio.o(.text.gpio_set_level)
    gps_uart_callback                        0x0800392d   Thumb Code   228  zf_device_gps_tau1201.o(.text.gps_uart_callback)
    image_boundary_process2                  0x08003a11   Thumb Code   394  photo_chuli.o(.text.image_boundary_process2)
    interrupt_disable                        0x08003b9d   Thumb Code    40  zf_common_interrupt.o(.text.interrupt_disable)
    interrupt_enable                         0x08003bc5   Thumb Code    32  zf_common_interrupt.o(.text.interrupt_enable)
    interrupt_global_disable                 0x08003be5   Thumb Code    22  zf_common_interrupt.o(.text.interrupt_global_disable)
    interrupt_global_enable                  0x08003bfd   Thumb Code    28  zf_common_interrupt.o(.text.interrupt_global_enable)
    interrupt_init                           0x08003c19   Thumb Code    28  zf_common_interrupt.o(.text.interrupt_init)
    interrupt_set_priority                   0x08003c35   Thumb Code    36  zf_common_interrupt.o(.text.interrupt_set_priority)
    ips200_clear                             0x08003c59   Thumb Code   254  zf_device_ips200.o(.text.ips200_clear)
    ips200_draw_point                        0x08003d59   Thumb Code   248  zf_device_ips200.o(.text.ips200_draw_point)
    ips200_init                              0x08003e51   Thumb Code  4884  zf_device_ips200.o(.text.ips200_init)
    ips200_set_color                         0x08005165   Thumb Code    14  zf_device_ips200.o(.text.ips200_set_color)
    ips200_show_char                         0x080054ad   Thumb Code   652  zf_device_ips200.o(.text.ips200_show_char)
    ips200_show_float                        0x08005739   Thumb Code   276  zf_device_ips200.o(.text.ips200_show_float)
    ips200_show_gray_image                   0x0800584d   Thumb Code   574  zf_device_ips200.o(.text.ips200_show_gray_image)
    ips200_show_int                          0x08005a8d   Thumb Code   188  zf_device_ips200.o(.text.ips200_show_int)
    ips200_show_string                       0x08005b49   Thumb Code   140  zf_device_ips200.o(.text.ips200_show_string)
    main                                     0x08005bd5   Thumb Code   180  main.o(.text.main)
    motor_init                               0x08005c89   Thumb Code    66  motor.o(.text.motor_init)
    motor_run                                0x08005ccd   Thumb Code    98  motor.o(.text.motor_run)
    mt9v03x_init                             0x08005d49   Thumb Code   860  zf_device_mt9v03x.o(.text.mt9v03x_init)
    mt9v03x_set_config_sccb                  0x080060e1   Thumb Code  2478  zf_device_config.o(.text.mt9v03x_set_config_sccb)
    my_adapt_threshold                       0x08006b35   Thumb Code   444  photo_chuli.o(.text.my_adapt_threshold)
    nfunc                                    0x08006cf1   Thumb Code    20  menu.o(.text.nfunc)
    output                                   0x08006d05   Thumb Code   308  menu.o(.text.output)
    output_middle                            0x08006e39   Thumb Code    14  photo_chuli.o(.text.output_middle)
    pid_V_comon                              0x08006e49   Thumb Code   196  pid_v.o(.text.pid_V_comon)
    pid_add_d                                0x08006f0d   Thumb Code    44  pid_v.o(.text.pid_add_d)
    pid_add_i                                0x08006f39   Thumb Code    44  pid_v.o(.text.pid_add_i)
    pid_add_p                                0x08006f65   Thumb Code    44  pid_v.o(.text.pid_add_p)
    pid_sub_d                                0x08006f91   Thumb Code    92  pid_v.o(.text.pid_sub_d)
    pid_sub_i                                0x08006fed   Thumb Code    92  pid_v.o(.text.pid_sub_i)
    pid_sub_p                                0x08007049   Thumb Code    92  pid_v.o(.text.pid_sub_p)
    pid_vparam_init                          0x080070a5   Thumb Code    44  pid_v.o(.text.pid_vparam_init)
    pit_disable                              0x080070d1   Thumb Code    78  zf_driver_pit.o(.text.pit_disable)
    pit_init                                 0x08007121   Thumb Code   236  zf_driver_pit.o(.text.pit_init)
    pwm_init                                 0x0800720d   Thumb Code   366  zf_driver_pwm.o(.text.pwm_init)
    pwm_set_duty                             0x0800737d   Thumb Code   170  zf_driver_pwm.o(.text.pwm_set_duty)
    set_b_imagine                            0x08007429   Thumb Code    70  photo_chuli.o(.text.set_b_imagine)
    set_camera_type                          0x08007471   Thumb Code    48  zf_device_type.o(.text.set_camera_type)
    show_line                                0x080074a1   Thumb Code    88  screen.o(.text.show_line)
    soft_iic_init                            0x080074f9   Thumb Code    96  zf_driver_soft_iic.o(.text.soft_iic_init)
    soft_iic_sccb_read_register              0x080076ed   Thumb Code   558  zf_driver_soft_iic.o(.text.soft_iic_sccb_read_register)
    soft_iic_sccb_write_register             0x0800791d   Thumb Code   312  zf_driver_soft_iic.o(.text.soft_iic_sccb_write_register)
    spi_init                                 0x08007b8d   Thumb Code   442  zf_driver_spi.o(.text.spi_init)
    spi_write_16bit                          0x08007d49   Thumb Code    62  zf_driver_spi.o(.text.spi_write_16bit)
    spi_write_8bit                           0x08007d89   Thumb Code    50  zf_driver_spi.o(.text.spi_write_8bit)
    start_car                                0x08007dbd   Thumb Code    14  menu.o(.text.start_car)
    subspeed                                 0x08007dcd   Thumb Code    16  menu.o(.text.subspeed)
    system_delay_ms                          0x08007ddd   Thumb Code   110  zf_driver_delay.o(.text.system_delay_ms)
    timer_clear                              0x08007e4d   Thumb Code    74  zf_driver_timer.o(.text.timer_clear)
    timer_clock_enable                       0x08007e99   Thumb Code    62  zf_driver_timer.o(.text.timer_clock_enable)
    timer_etr_init                           0x08007ed9   Thumb Code   272  zf_driver_timer.o(.text.timer_etr_init)
    timer_funciton_check                     0x08007fe9   Thumb Code    30  zf_driver_timer.o(.text.timer_funciton_check)
    timer_get                                0x08008009   Thumb Code    94  zf_driver_timer.o(.text.timer_get)
    tsl1401_collect_pit_handler              0x08008069   Thumb Code   160  zf_device_tsl1401.o(.text.tsl1401_collect_pit_handler)
    uart_init                                0x0800810d   Thumb Code   272  zf_driver_uart.o(.text.uart_init)
    uart_query_byte                          0x0800821d   Thumb Code    58  zf_driver_uart.o(.text.uart_query_byte)
    uart_rx_interrupt                        0x08008259   Thumb Code    92  zf_driver_uart.o(.text.uart_rx_interrupt)
    uart_write_buffer                        0x080082b5   Thumb Code    70  zf_driver_uart.o(.text.uart_write_buffer)
    uart_write_byte                          0x080082fd   Thumb Code    26  zf_driver_uart.o(.text.uart_write_byte)
    uart_write_string                        0x08008319   Thumb Code    76  zf_driver_uart.o(.text.uart_write_string)
    update                                   0x08008365   Thumb Code   452  menu.o(.text.update)
    __0printf$3                              0x08008529   Thumb Code    22  printf3.o(i.__0printf$3)
    __1printf$3                              0x08008529   Thumb Code     0  printf3.o(i.__0printf$3)
    __2printf                                0x08008529   Thumb Code     0  printf3.o(i.__0printf$3)
    __0sprintf$3                             0x08008549   Thumb Code    34  printf3.o(i.__0sprintf$3)
    __1sprintf$3                             0x08008549   Thumb Code     0  printf3.o(i.__0sprintf$3)
    __2sprintf                               0x08008549   Thumb Code     0  printf3.o(i.__0sprintf$3)
    __scatterload_copy                       0x08008571   Thumb Code    14  handlers.o(i.__scatterload_copy)
    __scatterload_null                       0x0800857f   Thumb Code     2  handlers.o(i.__scatterload_null)
    __scatterload_zeroinit                   0x08008581   Thumb Code    14  handlers.o(i.__scatterload_zeroinit)
    ascii_font_6x8                           0x08008752   Data         552  zf_common_font.o(.rodata.ascii_font_6x8)
    ascii_font_8x16                          0x0800897a   Data        1520  zf_common_font.o(.rodata.ascii_font_8x16)
    Region$$Table$$Base                      0x08009240   Number         0  anon$$obj.o(Region$$Table)
    Region$$Table$$Limit                     0x08009260   Number         0  anon$$obj.o(Region$$Table)
    __stdout                                 0x20000000   Data           4  stdout.o(.data)
    condition                                0x20000010   Data           1  menu.o(.data..L_MergedGlobals)
    current_state                            0x20000014   Data           4  menu.o(.data..L_MergedGlobals)
    p                                        0x20000018   Data           4  menu.o(.data..L_MergedGlobals)
    p_nearby                                 0x2000001c   Data           4  menu.o(.data..L_MergedGlobals)
    input                                    0x20000020   Data           4  menu.o(.data..L_MergedGlobals)
    leftline_num                             0x20000024   Data           1  photo_chuli.o(.data..L_MergedGlobals)
    rightline_num                            0x20000025   Data           1  photo_chuli.o(.data..L_MergedGlobals)
    Right_Down_Find                          0x20000026   Data           2  photo_chuli.o(.data..L_MergedGlobals)
    Left_Down_Find                           0x20000028   Data           2  photo_chuli.o(.data..L_MergedGlobals)
    Right_Up_Find                            0x2000002a   Data           2  photo_chuli.o(.data..L_MergedGlobals)
    Left_Up_Find                             0x2000002c   Data           2  photo_chuli.o(.data..L_MergedGlobals)
    sar_thre                                 0x2000002e   Data           2  photo_chuli.o(.data..L_MergedGlobals)
    camera_type                              0x20000090   Data           1  zf_device_type.o(.data..L_MergedGlobals)
    wireless_type                            0x20000091   Data           1  zf_device_type.o(.data..L_MergedGlobals)
    camera_uart_handler                      0x20000094   Data           4  zf_device_type.o(.data..L_MergedGlobals)
    camera_vsync_handler                     0x20000098   Data           4  zf_device_type.o(.data..L_MergedGlobals)
    camera_dma_handler                       0x2000009c   Data           4  zf_device_type.o(.data..L_MergedGlobals)
    wireless_module_uart_handler             0x200000a0   Data           4  zf_device_type.o(.data..L_MergedGlobals)
    count_time                               0x200000a4   Data           4  key.o(.data.count_time)
    gpio_group                               0x200000b4   Data          32  zf_driver_gpio.o(.data.gpio_group)
    menu                                     0x200000d4   Data        1144  menu.o(.data.menu)
    speed                                    0x2000054c   Data           4  menu.o(.data.speed)
    system_clock                             0x20000550   Data           4  zf_common_clock.o(.data.system_clock)
    key1_flag                                0x20000560   Data           1  key.o(.bss..L_MergedGlobals)
    key2_flag                                0x20000561   Data           1  key.o(.bss..L_MergedGlobals)
    key3_flag                                0x20000562   Data           1  key.o(.bss..L_MergedGlobals)
    key4_flag                                0x20000563   Data           1  key.o(.bss..L_MergedGlobals)
    key5_flag                                0x20000564   Data           1  key.o(.bss..L_MergedGlobals)
    key6_flag                                0x20000565   Data           1  key.o(.bss..L_MergedGlobals)
    key1_count                               0x20000568   Data           4  key.o(.bss..L_MergedGlobals)
    key2_count                               0x2000056c   Data           4  key.o(.bss..L_MergedGlobals)
    key3_count                               0x20000570   Data           4  key.o(.bss..L_MergedGlobals)
    key4_count                               0x20000574   Data           4  key.o(.bss..L_MergedGlobals)
    key5_count                               0x20000578   Data           4  key.o(.bss..L_MergedGlobals)
    key6_count                               0x2000057c   Data           4  key.o(.bss..L_MergedGlobals)
    ERR                                      0x20000580   Data           4  pid_v.o(.bss..L_MergedGlobals)
    LastERR                                  0x20000584   Data           4  pid_v.o(.bss..L_MergedGlobals)
    d1                                       0x20000588   Data           4  pid_v.o(.bss..L_MergedGlobals)
    i1                                       0x2000058c   Data           4  pid_v.o(.bss..L_MergedGlobals)
    PID_V                                    0x20000590   Data          24  pid_v.o(.bss..L_MergedGlobals)
    derivative                               0x200005b0   Data           4  streer_pid.o(.bss..L_MergedGlobals)
    intgral                                  0x200005b4   Data           4  streer_pid.o(.bss..L_MergedGlobals)
    error                                    0x200005b8   Data           4  streer_pid.o(.bss..L_MergedGlobals)
    Lasterror                                0x200005bc   Data           4  streer_pid.o(.bss..L_MergedGlobals)
    S_PID                                    0x200005c0   Data          24  streer_pid.o(.bss..L_MergedGlobals)
    camera_receiver_buffer                   0x20000600   Data           8  zf_device_camera.o(.bss..L_MergedGlobals)
    camera_receiver_fifo                     0x20000608   Data          24  zf_device_camera.o(.bss..L_MergedGlobals)
    gps_tau1201_flag                         0x20000630   Data           1  zf_device_gps_tau1201.o(.bss..L_MergedGlobals)
    gps_gga_state                            0x20000631   Data           1  zf_device_gps_tau1201.o(.bss..L_MergedGlobals)
    gps_rmc_state                            0x20000632   Data           1  zf_device_gps_tau1201.o(.bss..L_MergedGlobals)
    gps_tau1201                              0x20000638   Data          64  zf_device_gps_tau1201.o(.bss..L_MergedGlobals)
    centerline                               0x200006a2   Data         160  photo_chuli.o(.bss.centerline)
    centerline2                              0x20000742   Data         160  track.o(.bss.centerline2)
    dis_image                                0x200007ed   Data       15040  photo_chuli.o(.bss.dis_image)
    encoder1                                 0x200042b0   Data           4  encoder.o(.bss.encoder1)
    encoder2                                 0x200042b4   Data           4  encoder.o(.bss.encoder2)
    flash_union_buffer                       0x200042b8   Data        1024  zf_driver_flash.o(.bss.flash_union_buffer)
    leftfollowline                           0x200047bc   Data         160  photo_chuli.o(.bss.leftfollowline)
    leftline                                 0x2000485c   Data         160  photo_chuli.o(.bss.leftline)
    mt9v03x_finish_flag                      0x200048fc   Data           1  zf_device_mt9v03x.o(.bss.mt9v03x_finish_flag)
    mt9v03x_image                            0x20004914   Data       15040  zf_device_mt9v03x.o(.bss.mt9v03x_image)
    rightfollowline                          0x200083ec   Data         160  photo_chuli.o(.bss.rightfollowline)
    rightline                                0x2000848c   Data         160  photo_chuli.o(.bss.rightline)
    save_flag                                0x2000852c   Data           1  main.o(.bss.save_flag)
    start_flag                               0x2000852d   Data           1  menu.o(.bss.start_flag)
    status                                   0x20008530   Data           4  key.o(.bss.status)
    stop_flag1                               0x20008534   Data           1  main.o(.bss.stop_flag1)
    tsl1401_data                             0x20008536   Data         512  zf_device_tsl1401.o(.bss.tsl1401_data)
    tsl1401_finish_flag                      0x20008736   Data           1  zf_device_tsl1401.o(.bss.tsl1401_finish_flag)
    turn1                                    0x20008738   Data           4  isr.o(.bss.turn1)
    Image$$ARM_LIB_STACK$$ZI$$Limit          0x20020000   Number         0  anon$$obj.o ABSOLUTE



==============================================================================

Memory Map of the image

  Image Entry point : 0x08000401

  Load Region LR_m_text (Base: 0x08000000, Size: 0x000097c0, Max: 0x00080000, ABSOLUTE, COMPRESSED[0x00009420])

    Execution Region VECTOR_ROM (Exec base: 0x08000000, Load base: 0x08000000, Size: 0x00000190, Max: 0x00000400, ABSOLUTE)

    Exec Addr    Load Addr    Size         Type   Attr      Idx    E Section Name        Object

    0x08000000   0x08000000   0x00000190   Data   RO         1786    RESET               startup_mm32f3277g.o


    Execution Region ER_m_text (Exec base: 0x08000400, Load base: 0x08000400, Size: 0x00008e60, Max: 0x0007fc00, ABSOLUTE, FIXED)

    Exec Addr    Load Addr    Size         Type   Attr      Idx    E Section Name        Object

    0x08000400   0x08000400   0x00000000   Code   RO         2823  * .ARM.Collect$$$$00000000  mc_w.l(entry.o)
    0x08000400   0x08000400   0x00000004   Code   RO         3204    .ARM.Collect$$$$00000003  mc_w.l(entry4.o)
    0x08000404   0x08000404   0x00000004   Code   RO         3207    .ARM.Collect$$$$00000004  mc_w.l(entry5.o)
    0x08000408   0x08000408   0x00000000   Code   RO         3209    .ARM.Collect$$$$00000008  mc_w.l(entry7b.o)
    0x08000408   0x08000408   0x00000000   Code   RO         3211    .ARM.Collect$$$$0000000A  mc_w.l(entry8b.o)
    0x08000408   0x08000408   0x00000008   Code   RO         3212    .ARM.Collect$$$$0000000B  mc_w.l(entry9a.o)
    0x08000410   0x08000410   0x00000000   Code   RO         3214    .ARM.Collect$$$$0000000D  mc_w.l(entry10a.o)
    0x08000410   0x08000410   0x00000000   Code   RO         3216    .ARM.Collect$$$$0000000F  mc_w.l(entry11a.o)
    0x08000410   0x08000410   0x00000004   Code   RO         3205    .ARM.Collect$$$$00002714  mc_w.l(entry4.o)
    0x08000414   0x08000414   0x00000024   Code   RO         1787    .text               startup_mm32f3277g.o
    0x08000438   0x08000438   0x00000024   Code   RO         2826    .text               mc_w.l(memcpya.o)
    0x0800045c   0x0800045c   0x00000024   Code   RO         2828    .text               mc_w.l(memseta.o)
    0x08000480   0x08000480   0x0000000e   Code   RO         2836    .text               mc_w.l(strlen.o)
    0x0800048e   0x0800048e   0x0000001c   Code   RO         2838    .text               mc_w.l(strcmp.o)
    0x080004aa   0x080004aa   0x0000001e   Code   RO         2844    .text               mc_w.l(strncmp.o)
    0x080004c8   0x080004c8   0x000000b0   Code   RO         3111    .text               mf_w.l(fadd.o)
    0x08000578   0x08000578   0x00000064   Code   RO         3113    .text               mf_w.l(fmul.o)
    0x080005dc   0x080005dc   0x0000007c   Code   RO         3115    .text               mf_w.l(fdiv.o)
    0x08000658   0x08000658   0x0000014e   Code   RO         3117    .text               mf_w.l(dadd.o)
    0x080007a6   0x080007a6   0x000000e4   Code   RO         3119    .text               mf_w.l(dmul.o)
    0x0800088a   0x0800088a   0x0000001c   Code   RO         3123    .text               mf_w.l(fcmple.o)
    0x080008a6   0x080008a6   0x0000001c   Code   RO         3125    .text               mf_w.l(fcmplt.o)
    0x080008c2   0x080008c2   0x0000001c   Code   RO         3127    .text               mf_w.l(fcmpge.o)
    0x080008de   0x080008de   0x0000001c   Code   RO         3131    .text               mf_w.l(fcmpeq.o)
    0x080008fa   0x080008fa   0x00000036   Code   RO         3133    .text               mf_w.l(dcmple.o)
    0x08000930   0x08000930   0x00000012   Code   RO         3141    .text               mf_w.l(fflti.o)
    0x08000942   0x08000942   0x0000000a   Code   RO         3143    .text               mf_w.l(ffltui.o)
    0x0800094c   0x0800094c   0x00000022   Code   RO         3145    .text               mf_w.l(dflti.o)
    0x0800096e   0x0800096e   0x0000001a   Code   RO         3147    .text               mf_w.l(dfltui.o)
    0x08000988   0x08000988   0x00000032   Code   RO         3149    .text               mf_w.l(ffixi.o)
    0x080009ba   0x080009ba   0x00000028   Code   RO         3151    .text               mf_w.l(ffixui.o)
    0x080009e2   0x080009e2   0x0000003e   Code   RO         3153    .text               mf_w.l(dfixi.o)
    0x08000a20   0x08000a20   0x00000032   Code   RO         3155    .text               mf_w.l(dfixui.o)
    0x08000a52   0x08000a52   0x00000026   Code   RO         3157    .text               mf_w.l(f2d.o)
    0x08000a78   0x08000a78   0x00000038   Code   RO         3159    .text               mf_w.l(d2f.o)
    0x08000ab0   0x08000ab0   0x0000002c   Code   RO         3219    .text               mc_w.l(uidiv.o)
    0x08000adc   0x08000adc   0x0000001e   Code   RO         3223    .text               mc_w.l(llshl.o)
    0x08000afa   0x08000afa   0x00000020   Code   RO         3225    .text               mc_w.l(llushr.o)
    0x08000b1a   0x08000b1a   0x00000024   Code   RO         3227    .text               mc_w.l(llsshr.o)
    0x08000b3e   0x08000b3e   0x00000000   Code   RO         3236    .text               mc_w.l(iusefp.o)
    0x08000b3e   0x08000b3e   0x0000006e   Code   RO         3237    .text               mf_w.l(fepilogue.o)
    0x08000bac   0x08000bac   0x000000ba   Code   RO         3239    .text               mf_w.l(depilogue.o)
    0x08000c66   0x08000c66   0x00000002   PAD
    0x08000c68   0x08000c68   0x00000024   Code   RO         3251    .text               mc_w.l(init.o)
    0x08000c8c   0x08000c8c   0x00000056   Code   RO         3261    .text               mc_w.l(__dczerorl2.o)
    0x08000ce2   0x08000ce2   0x00000002   PAD
    0x08000ce4   0x08000ce4   0x0000000c   Code   RO          408    .text.BUZZ_init     buzzer.o
    0x08000cf0   0x08000cf0   0x0000001a   Code   RO           70    .text.DMA1_Channel1_IRQHandler  isr.o
    0x08000d0a   0x08000d0a   0x00000002   PAD
    0x08000d0c   0x08000d0c   0x0000001a   Code   RO           72    .text.DMA1_Channel2_IRQHandler  isr.o
    0x08000d26   0x08000d26   0x00000002   PAD
    0x08000d28   0x08000d28   0x0000001a   Code   RO           74    .text.DMA1_Channel3_IRQHandler  isr.o
    0x08000d42   0x08000d42   0x00000002   PAD
    0x08000d44   0x08000d44   0x0000002a   Code   RO           76    .text.DMA1_Channel4_IRQHandler  isr.o
    0x08000d6e   0x08000d6e   0x00000002   PAD
    0x08000d70   0x08000d70   0x0000001a   Code   RO           78    .text.DMA1_Channel5_IRQHandler  isr.o
    0x08000d8a   0x08000d8a   0x00000002   PAD
    0x08000d8c   0x08000d8c   0x0000001a   Code   RO           80    .text.DMA1_Channel6_IRQHandler  isr.o
    0x08000da6   0x08000da6   0x00000002   PAD
    0x08000da8   0x08000da8   0x0000001a   Code   RO           82    .text.DMA1_Channel7_IRQHandler  isr.o
    0x08000dc2   0x08000dc2   0x00000002   PAD
    0x08000dc4   0x08000dc4   0x0000001c   Code   RO           84    .text.DMA2_Channel1_IRQHandler  isr.o
    0x08000de0   0x08000de0   0x0000001c   Code   RO           86    .text.DMA2_Channel2_IRQHandler  isr.o
    0x08000dfc   0x08000dfc   0x0000001c   Code   RO           88    .text.DMA2_Channel3_IRQHandler  isr.o
    0x08000e18   0x08000e18   0x0000001c   Code   RO           90    .text.DMA2_Channel4_IRQHandler  isr.o
    0x08000e34   0x08000e34   0x0000001c   Code   RO           92    .text.DMA2_Channel5_IRQHandler  isr.o
    0x08000e50   0x08000e50   0x00000012   Code   RO           56    .text.EXTI0_IRQHandler  isr.o
    0x08000e62   0x08000e62   0x00000002   PAD
    0x08000e64   0x08000e64   0x00000074   Code   RO           68    .text.EXTI15_10_IRQHandler  isr.o
    0x08000ed8   0x08000ed8   0x00000012   Code   RO           58    .text.EXTI1_IRQHandler  isr.o
    0x08000eea   0x08000eea   0x00000002   PAD
    0x08000eec   0x08000eec   0x00000012   Code   RO           60    .text.EXTI2_IRQHandler  isr.o
    0x08000efe   0x08000efe   0x00000002   PAD
    0x08000f00   0x08000f00   0x00000012   Code   RO           62    .text.EXTI3_IRQHandler  isr.o
    0x08000f12   0x08000f12   0x00000002   PAD
    0x08000f14   0x08000f14   0x00000012   Code   RO           64    .text.EXTI4_IRQHandler  isr.o
    0x08000f26   0x08000f26   0x00000002   PAD
    0x08000f28   0x08000f28   0x00000068   Code   RO           66    .text.EXTI9_5_IRQHandler  isr.o
    0x08000f90   0x08000f90   0x0000000c   Code   RO          159    .text.Encoder_GetInfo_L  encoder.o
    0x08000f9c   0x08000f9c   0x0000000c   Code   RO          161    .text.Encoder_GetInfo_R  encoder.o
    0x08000fa8   0x08000fa8   0x0000004c   Code   RO          157    .text.Encoder_Init  encoder.o
    0x08000ff4   0x08000ff4   0x000000ca   Code   RO          139    .text.Key_Scan      key.o
    0x080010be   0x080010be   0x00000002   PAD
    0x080010c0   0x080010c0   0x0000005c   Code   RO          137    .text.Key_init      key.o
    0x0800111c   0x0800111c   0x00000016   Code   RO          114    .text.Menu_Screen_Init  menu.o
    0x08001132   0x08001132   0x00000002   PAD
    0x08001134   0x08001134   0x0000019c   Code   RO          120    .text.Menu_control  menu.o
    0x080012d0   0x080012d0   0x0000002a   Code   RO          369    .text.PID_init      streer_pid.o
    0x080012fa   0x080012fa   0x00000002   PAD
    0x080012fc   0x080012fc   0x0000000c   Code   RO          178    .text.PID_vget_param  pid_v.o
    0x08001308   0x08001308   0x0000000c   Code   RO          371    .text.SPID_vget_param  streer_pid.o
    0x08001314   0x08001314   0x000000a6   Code   RO          375    .text.S_PID_CAL     streer_pid.o
    0x080013ba   0x080013ba   0x00000002   PAD
    0x080013bc   0x080013bc   0x00000032   Code   RO          373    .text.S_PID_CAL_init  streer_pid.o
    0x080013ee   0x080013ee   0x00000002   PAD
    0x080013f0   0x080013f0   0x0000002c   Code   RO          381    .text.S_PIDadd_d    streer_pid.o
    0x0800141c   0x0800141c   0x0000002c   Code   RO          379    .text.S_PIDadd_i    streer_pid.o
    0x08001448   0x08001448   0x00000028   Code   RO          383    .text.S_PIDadd_outputmax  streer_pid.o
    0x08001470   0x08001470   0x0000002c   Code   RO          377    .text.S_PIDadd_p    streer_pid.o
    0x0800149c   0x0800149c   0x0000005c   Code   RO          389    .text.S_PIDsub_d    streer_pid.o
    0x080014f8   0x080014f8   0x0000005c   Code   RO          387    .text.S_PIDsub_i    streer_pid.o
    0x08001554   0x08001554   0x0000003c   Code   RO          391    .text.S_PIDsub_outputmax  streer_pid.o
    0x08001590   0x08001590   0x0000005c   Code   RO          385    .text.S_PIDsub_p    streer_pid.o
    0x080015ec   0x080015ec   0x0000000c   Code   RO         1775    .text.SystemInit    system_mm32f3277g.o
    0x080015f8   0x080015f8   0x00000024   Code   RO           24    .text.TIM1_UP_IRQHandler  isr.o
    0x0800161c   0x0800161c   0x000001ce   Code   RO           26    .text.TIM2_IRQHandler  isr.o
    0x080017ea   0x080017ea   0x00000002   PAD
    0x080017ec   0x080017ec   0x00000014   Code   RO           28    .text.TIM3_IRQHandler  isr.o
    0x08001800   0x08001800   0x00000014   Code   RO           30    .text.TIM4_IRQHandler  isr.o
    0x08001814   0x08001814   0x00000014   Code   RO           32    .text.TIM5_IRQHandler  isr.o
    0x08001828   0x08001828   0x0000006e   Code   RO           34    .text.TIM6_IRQHandler  isr.o
    0x08001896   0x08001896   0x00000002   PAD
    0x08001898   0x08001898   0x00000014   Code   RO           36    .text.TIM7_IRQHandler  isr.o
    0x080018ac   0x080018ac   0x0000001a   Code   RO           38    .text.TIM8_UP_IRQHandler  isr.o
    0x080018c6   0x080018c6   0x00000002   PAD
    0x080018c8   0x080018c8   0x0000002e   Code   RO           40    .text.UART1_IRQHandler  isr.o
    0x080018f6   0x080018f6   0x00000002   PAD
    0x080018f8   0x080018f8   0x00000036   Code   RO           42    .text.UART2_IRQHandler  isr.o
    0x0800192e   0x0800192e   0x00000002   PAD
    0x08001930   0x08001930   0x0000002e   Code   RO           44    .text.UART3_IRQHandler  isr.o
    0x0800195e   0x0800195e   0x00000002   PAD
    0x08001960   0x08001960   0x0000002e   Code   RO           46    .text.UART4_IRQHandler  isr.o
    0x0800198e   0x0800198e   0x00000002   PAD
    0x08001990   0x08001990   0x0000002e   Code   RO           48    .text.UART5_IRQHandler  isr.o
    0x080019be   0x080019be   0x00000002   PAD
    0x080019c0   0x080019c0   0x0000003e   Code   RO           50    .text.UART6_IRQHandler  isr.o
    0x080019fe   0x080019fe   0x00000002   PAD
    0x08001a00   0x08001a00   0x0000002e   Code   RO           52    .text.UART7_IRQHandler  isr.o
    0x08001a2e   0x08001a2e   0x00000002   PAD
    0x08001a30   0x08001a30   0x0000003e   Code   RO           54    .text.UART8_IRQHandler  isr.o
    0x08001a6e   0x08001a6e   0x00000002   PAD
    0x08001a70   0x08001a70   0x0000004a   Code   RO          586    .text.adc_convert   zf_driver_adc.o
    0x08001aba   0x08001aba   0x00000002   PAD
    0x08001abc   0x08001abc   0x00000010   Code   RO          110    .text.addspeed      menu.o
    0x08001acc   0x08001acc   0x00000074   Code   RO          724    .text.afio_init     zf_driver_gpio.o
    0x08001b40   0x08001b40   0x0000006c   Code   RO            4    .text.all_init      main.o
    0x08001bac   0x08001bac   0x00000526   Code   RO          274    .text.banmaxian_check  photo_chuli.o
    0x080020d2   0x080020d2   0x00000002   PAD
    0x080020d4   0x080020d4   0x00000014   Code   RO         1128    .text.camera_fifo_init  zf_device_camera.o
    0x080020e8   0x080020e8   0x00000082   Code   RO         1130    .text.camera_init   zf_device_camera.o
    0x0800216a   0x0800216a   0x00000002   PAD
    0x0800216c   0x0800216c   0x0000023c   Code   RO          424    .text.clock_init    zf_common_clock.o
    0x080023a8   0x080023a8   0x000000f0   Code   RO          446    .text.debug_assert_handler  zf_common_debug.o
    0x08002498   0x08002498   0x0000005c   Code   RO          456    .text.debug_init    zf_common_debug.o
    0x080024f4   0x080024f4   0x00000030   Code   RO          450    .text.debug_log_handler  zf_common_debug.o
    0x08002524   0x08002524   0x00000350   Code   RO          448    .text.debug_output  zf_common_debug.o
    0x08002874   0x08002874   0x0000004a   Code   RO          454    .text.debug_output_init  zf_common_debug.o
    0x080028be   0x080028be   0x00000002   PAD
    0x080028c0   0x080028c0   0x0000001a   Code   RO          452    .text.debug_output_struct_init  zf_common_debug.o
    0x080028da   0x080028da   0x00000002   PAD
    0x080028dc   0x080028dc   0x00000008   Code   RO          458    .text.debug_uart_str_output  zf_common_debug.o
    0x080028e4   0x080028e4   0x0000001e   Code   RO         1171    .text.dm1xa_light_callback  zf_device_dm1xa.o
    0x08002902   0x08002902   0x00000002   PAD
    0x08002904   0x08002904   0x000000a0   Code   RO         1169    .text.dm1xa_sound_callback  zf_device_dm1xa.o
    0x080029a4   0x080029a4   0x000000ec   Code   RO          635    .text.dma_camera_init  zf_driver_dma.o
    0x08002a90   0x08002a90   0x00000026   Code   RO          633    .text.dma_disable   zf_driver_dma.o
    0x08002ab6   0x08002ab6   0x00000002   PAD
    0x08002ab8   0x08002ab8   0x00000026   Code   RO          631    .text.dma_enable    zf_driver_dma.o
    0x08002ade   0x08002ade   0x00000002   PAD
    0x08002ae0   0x08002ae0   0x00000020   Code   RO          629    .text.dma_set_count  zf_driver_dma.o
    0x08002b00   0x08002b00   0x0000003e   Code   RO          651    .text.encoder_clear_count  zf_driver_encoder.o
    0x08002b3e   0x08002b3e   0x00000002   PAD
    0x08002b40   0x08002b40   0x00000066   Code   RO          649    .text.encoder_get_count  zf_driver_encoder.o
    0x08002ba6   0x08002ba6   0x00000002   PAD
    0x08002ba8   0x08002ba8   0x000000cc   Code   RO          653    .text.encoder_quad_init  zf_driver_encoder.o
    0x08002c74   0x08002c74   0x00000190   Code   RO          674    .text.exti_init     zf_driver_exti.o
    0x08002e04   0x08002e04   0x00000062   Code   RO          479    .text.fifo_clear    zf_common_fifo.o
    0x08002e66   0x08002e66   0x00000002   PAD
    0x08002e68   0x08002e68   0x0000003e   Code   RO          493    .text.fifo_init     zf_common_fifo.o
    0x08002ea6   0x08002ea6   0x00000002   PAD
    0x08002ea8   0x08002ea8   0x00000144   Code   RO          489    .text.fifo_read_buffer  zf_common_fifo.o
    0x08002fec   0x08002fec   0x00000020   Code   RO          481    .text.fifo_used     zf_common_fifo.o
    0x0800300c   0x0800300c   0x000001c0   Code   RO          485    .text.fifo_write_buffer  zf_common_fifo.o
    0x080031cc   0x080031cc   0x00000080   Code   RO          483    .text.fifo_write_element  zf_common_fifo.o
    0x0800324c   0x0800324c   0x00000016   Code   RO          699    .text.flash_buffer_clear  zf_driver_flash.o
    0x08003262   0x08003262   0x00000002   PAD
    0x08003264   0x08003264   0x0000005c   Code   RO          687    .text.flash_check   zf_driver_flash.o
    0x080032c0   0x080032c0   0x000000ca   Code   RO          689    .text.flash_erase_page  zf_driver_flash.o
    0x0800338a   0x0800338a   0x00000002   PAD
    0x0800338c   0x0800338c   0x00000060   Code   RO          230    .text.flash_init    flash.o
    0x080033ec   0x080033ec   0x00000058   Code   RO          695    .text.flash_read_page_to_buffer  zf_driver_flash.o
    0x08003444   0x08003444   0x000000a8   Code   RO            6    .text.flash_save    main.o
    0x080034ec   0x080034ec   0x00000118   Code   RO          697    .text.flash_write_page_from_buffer  zf_driver_flash.o
    0x08003604   0x08003604   0x0000001c   Code   RO          438    .text.fputc         zf_common_debug.o
    0x08003620   0x08003620   0x00000166   Code   RO          538    .text.func_float_to_str  zf_common_function.o
    0x08003786   0x08003786   0x00000002   PAD
    0x08003788   0x08003788   0x0000001a   Code   RO          524    .text.func_get_greatest_common_divisor  zf_common_function.o
    0x080037a2   0x080037a2   0x00000002   PAD
    0x080037a4   0x080037a4   0x00000090   Code   RO          530    .text.func_int_to_str  zf_common_function.o
    0x08003834   0x08003834   0x00000024   Code   RO          716    .text.gpio_get_level  zf_driver_gpio.o
    0x08003858   0x08003858   0x000000a4   Code   RO          722    .text.gpio_init     zf_driver_gpio.o
    0x080038fc   0x080038fc   0x0000002e   Code   RO          714    .text.gpio_set_level  zf_driver_gpio.o
    0x0800392a   0x0800392a   0x00000002   PAD
    0x0800392c   0x0800392c   0x000000e4   Code   RO         1198    .text.gps_uart_callback  zf_device_gps_tau1201.o
    0x08003a10   0x08003a10   0x0000018a   Code   RO          272    .text.image_boundary_process2  photo_chuli.o
    0x08003b9a   0x08003b9a   0x00000002   PAD
    0x08003b9c   0x08003b9c   0x00000028   Code   RO          568    .text.interrupt_disable  zf_common_interrupt.o
    0x08003bc4   0x08003bc4   0x00000020   Code   RO          566    .text.interrupt_enable  zf_common_interrupt.o
    0x08003be4   0x08003be4   0x00000016   Code   RO          564    .text.interrupt_global_disable  zf_common_interrupt.o
    0x08003bfa   0x08003bfa   0x00000002   PAD
    0x08003bfc   0x08003bfc   0x0000001c   Code   RO          562    .text.interrupt_global_enable  zf_common_interrupt.o
    0x08003c18   0x08003c18   0x0000001c   Code   RO          572    .text.interrupt_init  zf_common_interrupt.o
    0x08003c34   0x08003c34   0x00000024   Code   RO          570    .text.interrupt_set_priority  zf_common_interrupt.o
    0x08003c58   0x08003c58   0x000000fe   Code   RO         1342    .text.ips200_clear  zf_device_ips200.o
    0x08003d56   0x08003d56   0x00000002   PAD
    0x08003d58   0x08003d58   0x000000f8   Code   RO         1354    .text.ips200_draw_point  zf_device_ips200.o
    0x08003e50   0x08003e50   0x00001314   Code   RO         1378    .text.ips200_init   zf_device_ips200.o
    0x08005164   0x08005164   0x0000000e   Code   RO         1352    .text.ips200_set_color  zf_device_ips200.o
    0x08005172   0x08005172   0x00000002   PAD
    0x08005174   0x08005174   0x00000338   Code   RO         1344    .text.ips200_set_region  zf_device_ips200.o
    0x080054ac   0x080054ac   0x0000028c   Code   RO         1358    .text.ips200_show_char  zf_device_ips200.o
    0x08005738   0x08005738   0x00000114   Code   RO         1366    .text.ips200_show_float  zf_device_ips200.o
    0x0800584c   0x0800584c   0x0000023e   Code   RO         1370    .text.ips200_show_gray_image  zf_device_ips200.o
    0x08005a8a   0x08005a8a   0x00000002   PAD
    0x08005a8c   0x08005a8c   0x000000bc   Code   RO         1362    .text.ips200_show_int  zf_device_ips200.o
    0x08005b48   0x08005b48   0x0000008c   Code   RO         1360    .text.ips200_show_string  zf_device_ips200.o
    0x08005bd4   0x08005bd4   0x000000b4   Code   RO            8    .text.main          main.o
    0x08005c88   0x08005c88   0x00000042   Code   RO          242    .text.motor_init    motor.o
    0x08005cca   0x08005cca   0x00000002   PAD
    0x08005ccc   0x08005ccc   0x00000062   Code   RO          244    .text.motor_run     motor.o
    0x08005d2e   0x08005d2e   0x00000002   PAD
    0x08005d30   0x08005d30   0x00000016   Code   RO         1446    .text.mt9v03x_dma_handler  zf_device_mt9v03x.o
    0x08005d46   0x08005d46   0x00000002   PAD
    0x08005d48   0x08005d48   0x0000035c   Code   RO         1452    .text.mt9v03x_init  zf_device_mt9v03x.o
    0x080060a4   0x080060a4   0x0000003c   Code   RO         2762    .text.mt9v03x_read_word_sccb  zf_device_config.lib(zf_device_config.o)
    0x080060e0   0x080060e0   0x000009ae   Code   RO         2758    .text.mt9v03x_set_config_sccb  zf_device_config.lib(zf_device_config.o)
    0x08006a8e   0x08006a8e   0x00000002   PAD
    0x08006a90   0x08006a90   0x0000003c   Code   RO         1448    .text.mt9v03x_uart_handler  zf_device_mt9v03x.o
    0x08006acc   0x08006acc   0x00000032   Code   RO         1444    .text.mt9v03x_vsync_handler  zf_device_mt9v03x.o
    0x08006afe   0x08006afe   0x00000002   PAD
    0x08006b00   0x08006b00   0x00000032   Code   RO         2760    .text.mt9v03x_write_word_sccb  zf_device_config.lib(zf_device_config.o)
    0x08006b32   0x08006b32   0x00000002   PAD
    0x08006b34   0x08006b34   0x000001bc   Code   RO          264    .text.my_adapt_threshold  photo_chuli.o
    0x08006cf0   0x08006cf0   0x00000014   Code   RO          106    .text.nfunc         menu.o
    0x08006d04   0x08006d04   0x00000134   Code   RO          118    .text.output        menu.o
    0x08006e38   0x08006e38   0x0000000e   Code   RO          276    .text.output_middle  photo_chuli.o
    0x08006e46   0x08006e46   0x00000002   PAD
    0x08006e48   0x08006e48   0x000000c4   Code   RO          182    .text.pid_V_comon   pid_v.o
    0x08006f0c   0x08006f0c   0x0000002c   Code   RO          188    .text.pid_add_d     pid_v.o
    0x08006f38   0x08006f38   0x0000002c   Code   RO          186    .text.pid_add_i     pid_v.o
    0x08006f64   0x08006f64   0x0000002c   Code   RO          184    .text.pid_add_p     pid_v.o
    0x08006f90   0x08006f90   0x0000005c   Code   RO          200    .text.pid_sub_d     pid_v.o
    0x08006fec   0x08006fec   0x0000005c   Code   RO          198    .text.pid_sub_i     pid_v.o
    0x08007048   0x08007048   0x0000005c   Code   RO          196    .text.pid_sub_p     pid_v.o
    0x080070a4   0x080070a4   0x0000002c   Code   RO          176    .text.pid_vparam_init  pid_v.o
    0x080070d0   0x080070d0   0x0000004e   Code   RO          796    .text.pit_disable   zf_driver_pit.o
    0x0800711e   0x0800711e   0x00000002   PAD
    0x08007120   0x08007120   0x000000ec   Code   RO          798    .text.pit_init      zf_driver_pit.o
    0x0800720c   0x0800720c   0x0000016e   Code   RO          813    .text.pwm_init      zf_driver_pwm.o
    0x0800737a   0x0800737a   0x00000002   PAD
    0x0800737c   0x0800737c   0x000000aa   Code   RO          811    .text.pwm_set_duty  zf_driver_pwm.o
    0x08007426   0x08007426   0x00000002   PAD
    0x08007428   0x08007428   0x00000046   Code   RO          266    .text.set_b_imagine  photo_chuli.o
    0x0800746e   0x0800746e   0x00000002   PAD
    0x08007470   0x08007470   0x00000030   Code   RO         1666    .text.set_camera_type  zf_device_type.o
    0x080074a0   0x080074a0   0x00000058   Code   RO          333    .text.show_line     screen.o
    0x080074f8   0x080074f8   0x00000060   Code   RO          900    .text.soft_iic_init  zf_driver_soft_iic.o
    0x08007558   0x08007558   0x00000194   Code   RO          876    .text.soft_iic_read_data  zf_driver_soft_iic.o
    0x080076ec   0x080076ec   0x0000022e   Code   RO          898    .text.soft_iic_sccb_read_register  zf_driver_soft_iic.o
    0x0800791a   0x0800791a   0x00000002   PAD
    0x0800791c   0x0800791c   0x00000138   Code   RO          896    .text.soft_iic_sccb_write_register  zf_driver_soft_iic.o
    0x08007a54   0x08007a54   0x00000138   Code   RO          858    .text.soft_iic_send_data  zf_driver_soft_iic.o
    0x08007b8c   0x08007b8c   0x000001ba   Code   RO         1004    .text.spi_init      zf_driver_spi.o
    0x08007d46   0x08007d46   0x00000002   PAD
    0x08007d48   0x08007d48   0x0000003e   Code   RO          972    .text.spi_write_16bit  zf_driver_spi.o
    0x08007d86   0x08007d86   0x00000002   PAD
    0x08007d88   0x08007d88   0x00000032   Code   RO          968    .text.spi_write_8bit  zf_driver_spi.o
    0x08007dba   0x08007dba   0x00000002   PAD
    0x08007dbc   0x08007dbc   0x0000000e   Code   RO          108    .text.start_car     menu.o
    0x08007dca   0x08007dca   0x00000002   PAD
    0x08007dcc   0x08007dcc   0x00000010   Code   RO          112    .text.subspeed      menu.o
    0x08007ddc   0x08007ddc   0x0000006e   Code   RO          613    .text.system_delay_ms  zf_driver_delay.o
    0x08007e4a   0x08007e4a   0x00000002   PAD
    0x08007e4c   0x08007e4c   0x0000004a   Code   RO         1029    .text.timer_clear   zf_driver_timer.o
    0x08007e96   0x08007e96   0x00000002   PAD
    0x08007e98   0x08007e98   0x0000003e   Code   RO         1021    .text.timer_clock_enable  zf_driver_timer.o
    0x08007ed6   0x08007ed6   0x00000002   PAD
    0x08007ed8   0x08007ed8   0x00000110   Code   RO         1033    .text.timer_etr_init  zf_driver_timer.o
    0x08007fe8   0x08007fe8   0x0000001e   Code   RO         1019    .text.timer_funciton_check  zf_driver_timer.o
    0x08008006   0x08008006   0x00000002   PAD
    0x08008008   0x08008008   0x0000005e   Code   RO         1027    .text.timer_get     zf_driver_timer.o
    0x08008066   0x08008066   0x00000002   PAD
    0x08008068   0x08008068   0x000000a0   Code   RO         1644    .text.tsl1401_collect_pit_handler  zf_device_tsl1401.o
    0x08008108   0x08008108   0x00000002   Code   RO         1664    .text.type_default_callback  zf_device_type.o
    0x0800810a   0x0800810a   0x00000002   PAD
    0x0800810c   0x0800810c   0x00000110   Code   RO         1062    .text.uart_init     zf_driver_uart.o
    0x0800821c   0x0800821c   0x0000003a   Code   RO         1056    .text.uart_query_byte  zf_driver_uart.o
    0x08008256   0x08008256   0x00000002   PAD
    0x08008258   0x08008258   0x0000005c   Code   RO         1060    .text.uart_rx_interrupt  zf_driver_uart.o
    0x080082b4   0x080082b4   0x00000046   Code   RO         1050    .text.uart_write_buffer  zf_driver_uart.o
    0x080082fa   0x080082fa   0x00000002   PAD
    0x080082fc   0x080082fc   0x0000001a   Code   RO         1048    .text.uart_write_byte  zf_driver_uart.o
    0x08008316   0x08008316   0x00000002   PAD
    0x08008318   0x08008318   0x0000004c   Code   RO         1052    .text.uart_write_string  zf_driver_uart.o
    0x08008364   0x08008364   0x000001c4   Code   RO          116    .text.update        menu.o
    0x08008528   0x08008528   0x00000020   Code   RO         2939    i.__0printf$3       mc_w.l(printf3.o)
    0x08008548   0x08008548   0x00000028   Code   RO         2941    i.__0sprintf$3      mc_w.l(printf3.o)
    0x08008570   0x08008570   0x0000000e   Code   RO         3255    i.__scatterload_copy  mc_w.l(handlers.o)
    0x0800857e   0x0800857e   0x00000002   Code   RO         3256    i.__scatterload_null  mc_w.l(handlers.o)
    0x08008580   0x08008580   0x0000000e   Code   RO         3257    i.__scatterload_zeroinit  mc_w.l(handlers.o)
    0x0800858e   0x0800858e   0x00000002   PAD
    0x08008590   0x08008590   0x000001b8   Code   RO         2946    i._printf_core      mc_w.l(printf3.o)
    0x08008748   0x08008748   0x0000000a   Code   RO         2948    i._sputc            mc_w.l(printf3.o)
    0x08008752   0x08008752   0x00000228   Data   RO          508    .rodata.ascii_font_6x8  zf_common_font.o
    0x0800897a   0x0800897a   0x000005f0   Data   RO          507    .rodata.ascii_font_8x16  zf_common_font.o
    0x08008f6a   0x08008f6a   0x00000002   PAD
    0x08008f6c   0x08008f6c   0x00000020   Data   RO         1064    .rodata.cst32       zf_driver_uart.o
    0x08008f8c   0x08008f8c   0x00000008   Data   RO          592    .rodata.cst8        zf_driver_adc.o
    0x08008f94   0x08008f94   0x00000008   Data   RO          637    .rodata.cst8        zf_driver_dma.o
    0x08008f9c   0x08008f9c   0x00000008   Data   RO         1006    .rodata.cst8        zf_driver_spi.o
    0x08008fa4   0x08008fa4   0x00000008   Data   RO         1067    .rodata.cst8        zf_driver_uart.o
    0x08008fac   0x08008fac   0x000000ac   Data   RO          462    .rodata.debug_protective_handler.pin_list  zf_common_debug.o
    0x08009058   0x08009058   0x0000002b   Data   RO          495    .rodata.str1.1      zf_common_fifo.o
    0x08009083   0x08009083   0x0000002f   Data   RO          550    .rodata.str1.1      zf_common_function.o
    0x080090b2   0x080090b2   0x0000002c   Data   RO          617    .rodata.str1.1      zf_driver_delay.o
    0x080090de   0x080090de   0x0000002e   Data   RO          658    .rodata.str1.1      zf_driver_encoder.o
    0x0800910c   0x0800910c   0x0000002c   Data   RO          701    .rodata.str1.1      zf_driver_flash.o
    0x08009138   0x08009138   0x0000002a   Data   RO          815    .rodata.str1.1      zf_driver_pwm.o
    0x08009162   0x08009162   0x0000002f   Data   RO          902    .rodata.str1.1      zf_driver_soft_iic.o
    0x08009191   0x08009191   0x0000002a   Data   RO         1007    .rodata.str1.1      zf_driver_spi.o
    0x080091bb   0x080091bb   0x0000002c   Data   RO         1035    .rodata.str1.1      zf_driver_timer.o
    0x080091e7   0x080091e7   0x0000002b   Data   RO         1065    .rodata.str1.1      zf_driver_uart.o
    0x08009212   0x08009212   0x0000002d   Data   RO         1380    .rodata.str1.1      zf_device_ips200.o
    0x0800923f   0x0800923f   0x00000001   PAD
    0x08009240   0x08009240   0x00000020   Data   RO         3253    Region$$Table       anon$$obj.o


    Execution Region RW_m_data (Exec base: 0x20000000, Load base: 0x08009260, Size: 0x00008744, Max: 0x0001dc00, ABSOLUTE, COMPRESSED[0x000001c0])

    Exec Addr    Load Addr    Size         Type   Attr      Idx    E Section Name        Object

    0x20000000   COMPRESSED   0x00000004   Data   RW         3218    .data               mc_w.l(stdout.o)
    0x20000004   COMPRESSED   0x0000000c   PAD
    0x20000010   COMPRESSED   0x00000014   Data   RW          125    .data..L_MergedGlobals  menu.o
    0x20000024   COMPRESSED   0x0000000c   Data   RW          321    .data..L_MergedGlobals  photo_chuli.o
    0x20000030   COMPRESSED   0x0000000a   Data   RW         1381    .data..L_MergedGlobals  zf_device_ips200.o
    0x2000003a   COMPRESSED   0x00000006   PAD
    0x20000040   COMPRESSED   0x0000004c   Data   RW         1456    .data..L_MergedGlobals  zf_device_mt9v03x.o
    0x2000008c   COMPRESSED   0x00000004   PAD
    0x20000090   COMPRESSED   0x00000014   Data   RW         1670    .data..L_MergedGlobals  zf_device_type.o
    0x200000a4   COMPRESSED   0x00000004   Data   RW          142    .data.count_time    key.o
    0x200000a8   COMPRESSED   0x00000002   Data   RW         1179    .data.dm1xa_distance_mm  zf_device_dm1xa.o
    0x200000aa   COMPRESSED   0x00000008   Data   RW          657    .data.encoder_dir_pin  zf_driver_encoder.o
    0x200000b2   COMPRESSED   0x00000002   PAD
    0x200000b4   COMPRESSED   0x00000020   Data   RW          726    .data.gpio_group    zf_driver_gpio.o
    0x200000d4   COMPRESSED   0x00000478   Data   RW          124    .data.menu          menu.o
    0x2000054c   COMPRESSED   0x00000004   Data   RW          123    .data.speed         menu.o
    0x20000550   COMPRESSED   0x00000004   Data   RW          426    .data.system_clock  zf_common_clock.o
    0x20000554   COMPRESSED   0x00000001   Data   RW          460    .data.zf_debug_assert_enable  zf_common_debug.o
    0x20000555   COMPRESSED   0x0000000b   PAD
    0x20000560        -       0x00000020   Zero   RW          145    .bss..L_MergedGlobals  key.o
    0x20000580        -       0x00000028   Zero   RW          218    .bss..L_MergedGlobals  pid_v.o
    0x200005a8   COMPRESSED   0x00000008   PAD
    0x200005b0        -       0x00000028   Zero   RW          396    .bss..L_MergedGlobals  streer_pid.o
    0x200005d8        -       0x00000010   Zero   RW          467    .bss..L_MergedGlobals  zf_common_debug.o
    0x200005e8        -       0x00000010   Zero   RW         1036    .bss..L_MergedGlobals  zf_driver_timer.o
    0x200005f8   COMPRESSED   0x00000008   PAD
    0x20000600        -       0x00000020   Zero   RW         1134    .bss..L_MergedGlobals  zf_device_camera.o
    0x20000620        -       0x00000008   Zero   RW         1180    .bss..L_MergedGlobals  zf_device_dm1xa.o
    0x20000628   COMPRESSED   0x00000008   PAD
    0x20000630        -       0x00000048   Zero   RW         1217    .bss..L_MergedGlobals  zf_device_gps_tau1201.o
    0x20000678        -       0x00000003   Zero   RW         1382    .bss..L_MergedGlobals.1  zf_device_ips200.o
    0x2000067b   COMPRESSED   0x00000005   PAD
    0x20000680        -       0x0000001c   Zero   RW         1218    .bss..L_MergedGlobals.2  zf_device_gps_tau1201.o
    0x2000069c        -       0x00000004   Zero   RW         1457    .bss..L_MergedGlobals.3  zf_device_mt9v03x.o
    0x200006a0        -       0x00000002   Zero   RW          593    .bss.adc_resolution  zf_driver_adc.o
    0x200006a2        -       0x000000a0   Zero   RW          314    .bss.centerline     photo_chuli.o
    0x20000742        -       0x000000a0   Zero   RW          355    .bss.centerline2    track.o
    0x200007e2        -       0x00000001   Zero   RW          461    .bss.debug_assert_handler.assert_nest_index  zf_common_debug.o
    0x200007e3   COMPRESSED   0x00000001   PAD
    0x200007e4        -       0x00000002   Zero   RW          463    .bss.debug_output_info.0  zf_common_debug.o
    0x200007e6   COMPRESSED   0x00000002   PAD
    0x200007e8        -       0x00000002   Zero   RW          464    .bss.debug_output_info.1  zf_common_debug.o
    0x200007ea        -       0x00000001   Zero   RW          465    .bss.debug_output_info.3  zf_common_debug.o
    0x200007eb   COMPRESSED   0x00000001   PAD
    0x200007ec        -       0x00000001   Zero   RW          466    .bss.debug_output_info.4  zf_common_debug.o
    0x200007ed        -       0x00003ac0   Zero   RW          318    .bss.dis_image      photo_chuli.o
    0x200042ad   COMPRESSED   0x00000003   PAD
    0x200042b0        -       0x00000004   Zero   RW          164    .bss.encoder1       encoder.o
    0x200042b4        -       0x00000004   Zero   RW          163    .bss.encoder2       encoder.o
    0x200042b8        -       0x00000400   Zero   RW          702    .bss.flash_union_buffer  zf_driver_flash.o
    0x200046b8        -       0x00000080   Zero   RW         1203    .bss.gps_gga_buffer  zf_device_gps_tau1201.o
    0x20004738        -       0x00000080   Zero   RW         1202    .bss.gps_rmc_buffer  zf_device_gps_tau1201.o
    0x200047b8        -       0x00000004   Zero   RW          574    .bss.interrupt_nest_count  zf_common_interrupt.o
    0x200047bc        -       0x000000a0   Zero   RW          319    .bss.leftfollowline  photo_chuli.o
    0x2000485c        -       0x000000a0   Zero   RW          316    .bss.leftline       photo_chuli.o
    0x200048fc        -       0x00000001   Zero   RW         1454    .bss.mt9v03x_finish_flag  zf_device_mt9v03x.o
    0x200048fd   COMPRESSED   0x00000003   PAD
    0x20004900        -       0x00000004   Zero   RW         2772    .bss.mt9v03x_h_blank  zf_device_config.lib(zf_device_config.o)
    0x20004904        -       0x00000010   Zero   RW         2770    .bss.mt9v03x_iic_inf_struct  zf_device_config.lib(zf_device_config.o)
    0x20004914        -       0x00003ac0   Zero   RW         1455    .bss.mt9v03x_image  zf_device_mt9v03x.o
    0x200083d4        -       0x00000014   Zero   RW         2771    .bss.mt9v03x_init_config  zf_device_config.lib(zf_device_config.o)
    0x200083e8        -       0x00000004   Zero   RW         2773    .bss.mt9v03x_v_blank  zf_device_config.lib(zf_device_config.o)
    0x200083ec        -       0x000000a0   Zero   RW          320    .bss.rightfollowline  photo_chuli.o
    0x2000848c        -       0x000000a0   Zero   RW          315    .bss.rightline      photo_chuli.o
    0x2000852c        -       0x00000001   Zero   RW           10    .bss.save_flag      main.o
    0x2000852d        -       0x00000001   Zero   RW          122    .bss.start_flag     menu.o
    0x2000852e   COMPRESSED   0x00000002   PAD
    0x20008530        -       0x00000004   Zero   RW          143    .bss.status         key.o
    0x20008534        -       0x00000001   Zero   RW           11    .bss.stop_flag1     main.o
    0x20008535   COMPRESSED   0x00000001   PAD
    0x20008536        -       0x00000200   Zero   RW         1651    .bss.tsl1401_data   zf_device_tsl1401.o
    0x20008736        -       0x00000001   Zero   RW         1652    .bss.tsl1401_finish_flag  zf_device_tsl1401.o
    0x20008737        -       0x00000001   Zero   RW         1650    .bss.tsl1401_init_state  zf_device_tsl1401.o
    0x20008738        -       0x00000004   Zero   RW           94    .bss.turn1          isr.o
    0x2000873c        -       0x00000008   Zero   RW         1066    .bss.uart_interrupt_state  zf_driver_uart.o


    Execution Region ARM_LIB_HEAP (Exec base: 0x20008744, Load base: 0x08009420, Size: 0x00000400, Max: 0x00000400, ABSOLUTE)

    Exec Addr    Load Addr    Size         Type   Attr      Idx    E Section Name        Object

    0x20008744        -       0x00000400   Zero   RW            1    ARM_LIB_HEAP.bss    anon$$obj.o


    Execution Region ARM_LIB_STACK (Exec base: 0x2001e000, Load base: 0x08009420, Size: 0x00002000, Max: 0x00002000, ABSOLUTE)

    Exec Addr    Load Addr    Size         Type   Attr      Idx    E Section Name        Object

    0x2001e000        -       0x00002000   Zero   RW            2    ARM_LIB_STACK.bss   anon$$obj.o


==============================================================================

Image component sizes


      Code (inc. data)   RO Data    RW Data    ZI Data      Debug   Object Name

        12          0          0          0          0       1884   buzzer.o
       100          0          0          0          8       3257   encoder.o
        96          0          0          0          0        506   flash.o
      1770          0          0          0          4       7851   isr.o
       294          0          0          4         36       4345   key.o
       456         20          0          0          2       1664   main.o
      1260        150          0       1168          1       4107   menu.o
       164          0          0          0          0       3193   motor.o
      2240          0          0         12      15840      13398   photo_chuli.o
       660          0          0          0         40       3425   pid_v.o
        88          0          0          0          0       1025   screen.o
        36          8        400          0          0        848   startup_mm32f3277g.o
       778          0          0          0         40       4417   streer_pid.o
        12          0          0          0          0        438   system_mm32f3277g.o
         0          0          0          0        160       1991   track.o
       572          0          0          4          0       3284   zf_common_clock.o
      1364        120        172          1         23       9217   zf_common_debug.o
      1092          0         43          0          0       6926   zf_common_fifo.o
         0          0       2072          0          0        897   zf_common_font.o
       528          0         47          0          0      11968   zf_common_function.o
       186          0          0          0          4       4935   zf_common_interrupt.o
       150          0          0          0         32       5603   zf_device_camera.o
       190          0          0          2          8       3914   zf_device_dm1xa.o
       228          8          0          0        356      12725   zf_device_gps_tau1201.o
      8054          4         45         10          3      19835   zf_device_ips200.o
       992        104          0         76      15045       8475   zf_device_mt9v03x.o
       160          0          0          0        514       3695   zf_device_tsl1401.o
        50          0          0         20          0       1837   zf_device_type.o
        74          0          8          0          2       5200   zf_driver_adc.o
       110          0         44          0          0       1304   zf_driver_delay.o
       344         22          8          0          0       4153   zf_driver_dma.o
       368         24         46          8          0       6178   zf_driver_encoder.o
       400         24          0          0          0       5199   zf_driver_exti.o
       684          0         44          0       1024       5274   zf_driver_flash.o
       362          0          0         32          0       5268   zf_driver_gpio.o
       314         68          0          0          0       5143   zf_driver_pit.o
       536         20         42          0          0       5373   zf_driver_pwm.o
      1682          0         47          0          0      24440   zf_driver_soft_iic.o
       554          0         50          0          0      10722   zf_driver_spi.o
       532         40         44          0         16       7919   zf_driver_timer.o
       594          8         83          0          8       8091   zf_driver_uart.o

    ----------------------------------------------------------------------
     28232        620       3230       1352      42432     239924   Object Totals
         0          0         32          0       9216          0   (incl. Generated)
       146          0          3         15         50          0   (incl. Padding)

    ----------------------------------------------------------------------

      Code (inc. data)   RO Data    RW Data    ZI Data      Debug   Library Member Name

        86          0          0          0          0          0   __dczerorl2.o
         0          0          0          0          0          0   entry.o
         0          0          0          0          0          0   entry10a.o
         0          0          0          0          0          0   entry11a.o
         8          4          0          0          0          0   entry4.o
         4          0          0          0          0          0   entry5.o
         0          0          0          0          0          0   entry7b.o
         0          0          0          0          0          0   entry8b.o
         8          4          0          0          0          0   entry9a.o
        30          0          0          0          0          0   handlers.o
        36          8          0          0          0         68   init.o
         0          0          0          0          0          0   iusefp.o
        30          0          0          0          0         68   llshl.o
        36          0          0          0          0         68   llsshr.o
        32          0          0          0          0         68   llushr.o
        36          0          0          0          0         68   memcpya.o
        36          0          0          0          0        108   memseta.o
       522         20          0          0          0        336   printf3.o
         0          0          0          4          0          0   stdout.o
        28          0          0          0          0         76   strcmp.o
        14          0          0          0          0         68   strlen.o
        30          0          0          0          0         80   strncmp.o
        44          0          0          0          0         80   uidiv.o
        56          0          0          0          0         88   d2f.o
       334          0          0          0          0        148   dadd.o
        54          0          0          0          0         80   dcmple.o
       186          0          0          0          0        176   depilogue.o
        62          0          0          0          0         80   dfixi.o
        50          0          0          0          0         76   dfixui.o
        34          0          0          0          0         76   dflti.o
        26          0          0          0          0         76   dfltui.o
       228          0          0          0          0         96   dmul.o
        38          0          0          0          0         68   f2d.o
       176          0          0          0          0        140   fadd.o
        28          0          0          0          0         68   fcmpeq.o
        28          0          0          0          0         68   fcmpge.o
        28          0          0          0          0         68   fcmple.o
        28          0          0          0          0         68   fcmplt.o
       124          0          0          0          0         88   fdiv.o
       110          0          0          0          0        168   fepilogue.o
        50          0          0          0          0         68   ffixi.o
        40          0          0          0          0         68   ffixui.o
        18          0          0          0          0         68   fflti.o
        10          0          0          0          0         68   ffltui.o
       100          0          0          0          0         76   fmul.o
      2588          0          0          0         44       3849   zf_device_config.o

    ----------------------------------------------------------------------
      5386         36          0         16         44       6917   Library Totals
        10          0          0         12          0          0   (incl. Padding)

    ----------------------------------------------------------------------

      Code (inc. data)   RO Data    RW Data    ZI Data      Debug   Library Name

       980         36          0          4          0       1088   mc_w.l
      1808          0          0          0          0       1980   mf_w.l
      2588          0          0          0         44       3849   zf_device_config.lib

    ----------------------------------------------------------------------
      5386         36          0         16         44       6917   Library Totals

    ----------------------------------------------------------------------

==============================================================================


      Code (inc. data)   RO Data    RW Data    ZI Data      Debug   

     33618        656       3230       1368      42476     244765   Grand Totals
     33618        656       3230        448      42476     244765   ELF Image Totals (compressed)
     33618        656       3230        448          0          0   ROM Totals

==============================================================================

    Total RO  Size (Code + RO Data)                36848 (  35.98kB)
    Total RW  Size (RW Data + ZI Data)             43844 (  42.82kB)
    Total ROM Size (Code + RO Data + RW Data)      37296 (  36.42kB)

==============================================================================

