Component: ARM Compiler 6.7 Tool: armlink [5c9ef700]

==============================================================================

Section Cross References

    main.o(.text.all_init) refers to zf_common_clock.o(.text.clock_init) for clock_init
    main.o(.text.all_init) refers to zf_common_debug.o(.text.debug_init) for debug_init
    main.o(.text.all_init) refers to menu.o(.text.Menu_Screen_Init) for Menu_Screen_Init
    main.o(.text.all_init) refers to zf_driver_delay.o(.text.system_delay_ms) for system_delay_ms
    main.o(.text.all_init) refers to flash.o(.text.flash_init) for flash_init
    main.o(.text.all_init) refers to key.o(.text.Key_init) for Key_init
    main.o(.text.all_init) refers to encoder.o(.text.Encoder_Init) for Encoder_Init
    main.o(.text.all_init) refers to motor.o(.text.motor_init) for motor_init
    main.o(.text.all_init) refers to zf_device_mt9v03x.o(.text.mt9v03x_init) for mt9v03x_init
    main.o(.text.all_init) refers to zf_device_ips200.o(.text.ips200_show_string) for ips200_show_string
    main.o(.ARM.exidx.text.all_init) refers to main.o(.text.all_init) for [Anonymous Symbol]
    main.o(.text.flash_save) refers to main.o(.bss.save_flag) for save_flag
    main.o(.text.flash_save) refers to zf_driver_flash.o(.text.flash_check) for flash_check
    main.o(.text.flash_save) refers to zf_driver_flash.o(.text.flash_erase_page) for flash_erase_page
    main.o(.text.flash_save) refers to zf_driver_flash.o(.text.flash_buffer_clear) for flash_buffer_clear
    main.o(.text.flash_save) refers to pid_v.o(.bss..L_MergedGlobals) for PID_V
    main.o(.text.flash_save) refers to zf_driver_flash.o(.bss.flash_union_buffer) for flash_union_buffer
    main.o(.text.flash_save) refers to zf_driver_flash.o(.text.flash_write_page_from_buffer) for flash_write_page_from_buffer
    main.o(.text.flash_save) refers to streer_pid.o(.bss..L_MergedGlobals) for S_PID
    main.o(.ARM.exidx.text.flash_save) refers to main.o(.text.flash_save) for [Anonymous Symbol]
    main.o(.text.main) refers to main.o(.text.all_init) for all_init
    main.o(.text.main) refers to main.o(.bss.stop_flag1) for stop_flag1
    main.o(.text.main) refers to zf_device_mt9v03x.o(.bss.mt9v03x_finish_flag) for mt9v03x_finish_flag
    main.o(.text.main) refers to menu.o(.data..L_MergedGlobals) for current_state
    main.o(.text.main) refers to zf_device_mt9v03x.o(.bss.mt9v03x_image) for mt9v03x_image
    main.o(.text.main) refers to key.o(.text.Key_Scan) for Key_Scan
    main.o(.text.main) refers to menu.o(.text.Menu_control) for Menu_control
    main.o(.text.main) refers to main.o(.text.flash_save) for flash_save
    main.o(.text.main) refers to photo_chuli.o(.text.image_boundary_process) for image_boundary_process
    main.o(.text.main) refers to photo_chuli.o(.text.output_middle) for output_middle
    main.o(.text.main) refers to zf_device_ips200.o(.text.ips200_show_uint) for ips200_show_uint
    main.o(.text.main) refers to zf_device_ips200.o(.text.ips200_show_gray_image) for ips200_show_gray_image
    main.o(.text.main) refers to screen.o(.text.show_line) for show_line
    main.o(.text.main) refers to photo_chuli.o(.text.stop_flag) for stop_flag
    main.o(.ARM.exidx.text.main) refers to main.o(.text.main) for [Anonymous Symbol]
    isr.o(.ARM.exidx.text.TIM1_UP_IRQHandler) refers to isr.o(.text.TIM1_UP_IRQHandler) for [Anonymous Symbol]
    isr.o(.text.TIM2_IRQHandler) refers to key.o(.bss..L_MergedGlobals) for key1_flag
    isr.o(.text.TIM2_IRQHandler) refers to key.o(.bss.status) for status
    isr.o(.text.TIM2_IRQHandler) refers to key.o(.data.count_time) for count_time
    isr.o(.text.TIM2_IRQHandler) refers to menu.o(.data..L_MergedGlobals) for input
    isr.o(.ARM.exidx.text.TIM2_IRQHandler) refers to isr.o(.text.TIM2_IRQHandler) for [Anonymous Symbol]
    isr.o(.ARM.exidx.text.TIM3_IRQHandler) refers to isr.o(.text.TIM3_IRQHandler) for [Anonymous Symbol]
    isr.o(.ARM.exidx.text.TIM4_IRQHandler) refers to isr.o(.text.TIM4_IRQHandler) for [Anonymous Symbol]
    isr.o(.ARM.exidx.text.TIM5_IRQHandler) refers to isr.o(.text.TIM5_IRQHandler) for [Anonymous Symbol]
    isr.o(.text.TIM6_IRQHandler) refers to zf_driver_encoder.o(.text.encoder_get_count) for encoder_get_count
    isr.o(.text.TIM6_IRQHandler) refers to encoder.o(.bss.encoder1) for encoder1
    isr.o(.text.TIM6_IRQHandler) refers to zf_driver_encoder.o(.text.encoder_clear_count) for encoder_clear_count
    isr.o(.text.TIM6_IRQHandler) refers to encoder.o(.bss.encoder2) for encoder2
    isr.o(.text.TIM6_IRQHandler) refers to streer_pid.o(.text.S_PID_CAL) for S_PID_CAL
    isr.o(.text.TIM6_IRQHandler) refers to pid_v.o(.text.pid_control2) for pid_control2
    isr.o(.text.TIM6_IRQHandler) refers to pid_v.o(.text.pid_control1) for pid_control1
    isr.o(.text.TIM6_IRQHandler) refers to motor.o(.text.motor_run) for motor_run
    isr.o(.ARM.exidx.text.TIM6_IRQHandler) refers to isr.o(.text.TIM6_IRQHandler) for [Anonymous Symbol]
[...]
    .L_MergedGlobals                         0x200005b0   Data          40  streer_pid.o(.bss..L_MergedGlobals)
    [Anonymous Symbol]                       0x200005d8   Section        0  zf_common_debug.o(.bss..L_MergedGlobals)
    .L_MergedGlobals                         0x200005d8   Data          16  zf_common_debug.o(.bss..L_MergedGlobals)
    zf_debug_init_flag                       0x200005d8   Data           1  zf_common_debug.o(.bss..L_MergedGlobals)
    debug_output_info.5                      0x200005dc   Data           4  zf_common_debug.o(.bss..L_MergedGlobals)
    debug_output_info.6                      0x200005e0   Data           4  zf_common_debug.o(.bss..L_MergedGlobals)
    debug_output_info.7                      0x200005e4   Data           4  zf_common_debug.o(.bss..L_MergedGlobals)
    [Anonymous Symbol]                       0x200005e8   Section        0  zf_driver_timer.o(.bss..L_MergedGlobals)
    .L_MergedGlobals                         0x200005e8   Data          16  zf_driver_timer.o(.bss..L_MergedGlobals)
    timer_function_state                     0x200005e8   Data           8  zf_driver_timer.o(.bss..L_MergedGlobals)
    timer_mode_state                         0x200005f0   Data           8  zf_driver_timer.o(.bss..L_MergedGlobals)
    [Anonymous Symbol]                       0x20000600   Section        0  zf_device_camera.o(.bss..L_MergedGlobals)
    .L_MergedGlobals                         0x20000600   Data          32  zf_device_camera.o(.bss..L_MergedGlobals)
    [Anonymous Symbol]                       0x20000620   Section        0  zf_device_dm1xa.o(.bss..L_MergedGlobals)
    .L_MergedGlobals                         0x20000620   Data           8  zf_device_dm1xa.o(.bss..L_MergedGlobals)
    dm1xa_type                               0x20000620   Data           1  zf_device_dm1xa.o(.bss..L_MergedGlobals)
    dm1xa_ranging_state                      0x20000621   Data           1  zf_device_dm1xa.o(.bss..L_MergedGlobals)
    dm1xa_plus_count                         0x20000624   Data           4  zf_device_dm1xa.o(.bss..L_MergedGlobals)
    [Anonymous Symbol]                       0x20000630   Section        0  zf_device_gps_tau1201.o(.bss..L_MergedGlobals)
    .L_MergedGlobals                         0x20000630   Data          72  zf_device_gps_tau1201.o(.bss..L_MergedGlobals)
    [Anonymous Symbol]                       0x20000678   Section        0  zf_device_ips200.o(.bss..L_MergedGlobals.1)
    .L_MergedGlobals.1                       0x20000678   Data           3  zf_device_ips200.o(.bss..L_MergedGlobals.1)
    ips200_display_type                      0x20000678   Data           1  zf_device_ips200.o(.bss..L_MergedGlobals.1)
    ips200_display_dir                       0x20000679   Data           1  zf_device_ips200.o(.bss..L_MergedGlobals.1)
    ips_rst_pin                              0x2000067a   Data           1  zf_device_ips200.o(.bss..L_MergedGlobals.1)
    [Anonymous Symbol]                       0x20000680   Section        0  zf_device_gps_tau1201.o(.bss..L_MergedGlobals.2)
    .L_MergedGlobals.2                       0x20000680   Data          28  zf_device_gps_tau1201.o(.bss..L_MergedGlobals.2)
    gps_tau1201_state                        0x20000680   Data           1  zf_device_gps_tau1201.o(.bss..L_MergedGlobals.2)
    gps_tau1201_receiver_fifo                0x20000684   Data          24  zf_device_gps_tau1201.o(.bss..L_MergedGlobals.2)
    [Anonymous Symbol]                       0x2000069c   Section        0  zf_device_mt9v03x.o(.bss..L_MergedGlobals.3)
    .L_MergedGlobals.3                       0x2000069c   Data           4  zf_device_mt9v03x.o(.bss..L_MergedGlobals.3)
    mt9v03x_type                             0x2000069c   Data           1  zf_device_mt9v03x.o(.bss..L_MergedGlobals.3)
    mt9v03x_version                          0x2000069e   Data           2  zf_device_mt9v03x.o(.bss..L_MergedGlobals.3)
    [Anonymous Symbol]                       0x200006a0   Section        0  zf_driver_adc.o(.bss.adc_resolution)
    adc_resolution                           0x200006a0   Data           2  zf_driver_adc.o(.bss.adc_resolution)
    [Anonymous Symbol]                       0x20000792   Section        0  zf_common_debug.o(.bss.debug_assert_handler.assert_nest_index)
    debug_assert_handler.assert_nest_index   0x20000792   Data           1  zf_common_debug.o(.bss.debug_assert_handler.assert_nest_index)
    debug_output_info.0                      0x20000794   Data           2  zf_common_debug.o(.bss.debug_output_info.0)
    debug_output_info.1                      0x20000798   Data           2  zf_common_debug.o(.bss.debug_output_info.1)
    debug_output_info.3                      0x2000079a   Data           1  zf_common_debug.o(.bss.debug_output_info.3)
    debug_output_info.4                      0x2000079c   Data           1  zf_common_debug.o(.bss.debug_output_info.4)
    [Anonymous Symbol]                       0x20000ba8   Section        0  zf_device_gps_tau1201.o(.bss.gps_gga_buffer)
    gps_gga_buffer                           0x20000ba8   Data         128  zf_device_gps_tau1201.o(.bss.gps_gga_buffer)
    [Anonymous Symbol]                       0x20000c28   Section        0  zf_device_gps_tau1201.o(.bss.gps_rmc_buffer)
    gps_rmc_buffer                           0x20000c28   Data         128  zf_device_gps_tau1201.o(.bss.gps_rmc_buffer)
    [Anonymous Symbol]                       0x20000ca8   Section        0  zf_common_interrupt.o(.bss.interrupt_nest_count)
    interrupt_nest_count                     0x20000ca8   Data           4  zf_common_interrupt.o(.bss.interrupt_nest_count)
    [Anonymous Symbol]                       0x20000da0   Section        0  zf_device_config.o(.bss.mt9v03x_h_blank)
    mt9v03x_h_blank                          0x20000da0   Data           4  zf_device_config.o(.bss.mt9v03x_h_blank)
    [Anonymous Symbol]                       0x20000da4   Section        0  zf_device_config.o(.bss.mt9v03x_iic_inf_struct)
    mt9v03x_iic_inf_struct                   0x20000da4   Data          16  zf_device_config.o(.bss.mt9v03x_iic_inf_struct)
    [Anonymous Symbol]                       0x200065d4   Section        0  zf_device_config.o(.bss.mt9v03x_init_config)
    mt9v03x_init_config                      0x200065d4   Data          20  zf_device_config.o(.bss.mt9v03x_init_config)
    [Anonymous Symbol]                       0x200065e8   Section        0  zf_device_config.o(.bss.mt9v03x_v_blank)
    mt9v03x_v_blank                          0x200065e8   Data           4  zf_device_config.o(.bss.mt9v03x_v_blank)
    tsl1401_init_state                       0x200068e7   Data           1  zf_device_tsl1401.o(.bss.tsl1401_init_state)
    [Anonymous Symbol]                       0x200068e8   Section        0  zf_driver_uart.o(.bss.uart_interrupt_state)
    uart_interrupt_state                     0x200068e8   Data           8  zf_driver_uart.o(.bss.uart_interrupt_state)

    Global Symbols

    Symbol Name                              Value     Ov Type        Size  Object(Section)

    BuildAttributes$$THM_ISAv4$P$D$K$B$S$PE$A:L22UL41UL21$X:L11$S22US41US21$IEEE1$IW$~IW$USESV6$~STKCKD$USESV7$~SHL$OTIME$ROPI$IEEEX$EBA8$MICROLIB$REQ8$PRES8$EABIv2 0x00000000   Number         0  anon$$obj.o ABSOLUTE
    _printf_a                                0x00000000   Number         0  stubs.o ABSOLUTE
    _printf_c                                0x00000000   Number         0  stubs.o ABSOLUTE
    _printf_charcount                        0x00000000   Number         0  stubs.o ABSOLUTE
    _printf_d                                0x00000000   Number         0  stubs.o ABSOLUTE
    _printf_e                                0x00000000   Number         0  stubs.o ABSOLUTE
    _printf_f                                0x00000000   Number         0  stubs.o ABSOLUTE
    _printf_flags                            0x00000000   Number         0  stubs.o ABSOLUTE
    _printf_fp_dec                           0x00000000   Number         0  stubs.o ABSOLUTE
    _printf_fp_hex                           0x00000000   Number         0  stubs.o ABSOLUTE
    _printf_g                                0x00000000   Number         0  stubs.o ABSOLUTE
    _printf_i                                0x00000000   Number         0  stubs.o ABSOLUTE
    _printf_int_dec                          0x00000000   Number         0  stubs.o ABSOLUTE
    _printf_l                                0x00000000   Number         0  stubs.o ABSOLUTE
    _printf_lc                               0x00000000   Number         0  stubs.o ABSOLUTE
    _printf_ll                               0x00000000   Number         0  stubs.o ABSOLUTE
    _printf_lld                              0x00000000   Number         0  stubs.o ABSOLUTE
    _printf_lli                              0x00000000   Number         0  stubs.o ABSOLUTE
    _printf_llo                              0x00000000   Number         0  stubs.o ABSOLUTE
    _printf_llu                              0x00000000   Number         0  stubs.o ABSOLUTE
    _printf_llx                              0x00000000   Number         0  stubs.o ABSOLUTE
    _printf_longlong_dec                     0x00000000   Number         0  stubs.o ABSOLUTE
    _printf_longlong_hex                     0x00000000   Number         0  stubs.o ABSOLUTE
    _printf_longlong_oct                     0x00000000   Number         0  stubs.o ABSOLUTE
    _printf_ls                               0x00000000   Number         0  stubs.o ABSOLUTE
    _printf_mbtowc                           0x00000000   Number         0  stubs.o ABSOLUTE
    _printf_n                                0x00000000   Number         0  stubs.o ABSOLUTE
    _printf_o                                0x00000000   Number         0  stubs.o ABSOLUTE
    _printf_p                                0x00000000   Number         0  stubs.o ABSOLUTE
    _printf_percent                          0x00000000   Number         0  stubs.o ABSOLUTE
    _printf_pre_padding                      0x00000000   Number         0  stubs.o ABSOLUTE
    _printf_return_value                     0x00000000   Number         0  stubs.o ABSOLUTE
    _printf_s                                0x00000000   Number         0  stubs.o ABSOLUTE
    _printf_sizespec                         0x00000000   Number         0  stubs.o ABSOLUTE
    _printf_str                              0x00000000   Number         0  stubs.o ABSOLUTE
    _printf_truncate_signed                  0x00000000   Number         0  stubs.o ABSOLUTE
    _printf_truncate_unsigned                0x00000000   Number         0  stubs.o ABSOLUTE
    _printf_u                                0x00000000   Number         0  stubs.o ABSOLUTE
    _printf_wc                               0x00000000   Number         0  stubs.o ABSOLUTE
    _printf_wctomb                           0x00000000   Number         0  stubs.o ABSOLUTE
    _printf_widthprec                        0x00000000   Number         0  stubs.o ABSOLUTE
    _printf_x                                0x00000000   Number         0  stubs.o ABSOLUTE
    __cpp_initialize__aeabi_                  - Undefined Weak Reference
    __cxa_finalize                            - Undefined Weak Reference
    _clock_init                               - Undefined Weak Reference
    _microlib_exit                            - Undefined Weak Reference
    __Vectors_Size                           0x00000190   Number         0  startup_mm32f3277g.o ABSOLUTE
    __Vectors                                0x08000000   Data           4  startup_mm32f3277g.o(RESET)
    __Vectors_End                            0x08000190   Data           0  startup_mm32f3277g.o(RESET)
    __main                                   0x08000401   Thumb Code     0  entry.o(.ARM.Collect$$$$00000000)
    _main_stk                                0x08000401   Thumb Code     0  entry4.o(.ARM.Collect$$$$00000003)
    _main_scatterload                        0x08000405   Thumb Code     0  entry5.o(.ARM.Collect$$$$00000004)
    __main_after_scatterload                 0x08000409   Thumb Code     0  entry5.o(.ARM.Collect$$$$00000004)
    _main_clock                              0x08000409   Thumb Code     0  entry7b.o(.ARM.Collect$$$$00000008)
    _main_cpp_init                           0x08000409   Thumb Code     0  entry8b.o(.ARM.Collect$$$$0000000A)
    _main_init                               0x08000409   Thumb Code     0  entry9a.o(.ARM.Collect$$$$0000000B)
    __rt_final_cpp                           0x08000411   Thumb Code     0  entry10a.o(.ARM.Collect$$$$0000000D)
    __rt_final_exit                          0x08000411   Thumb Code     0  entry11a.o(.ARM.Collect$$$$0000000F)
    Reset_Handler                            0x08000415   Thumb Code     8  startup_mm32f3277g.o(.text)
    NMI_Handler                              0x0800041d   Thumb Code     2  startup_mm32f3277g.o(.text)
    HardFault_Handler                        0x0800041f   Thumb Code     2  startup_mm32f3277g.o(.text)
    MemManage_Handler                        0x08000421   Thumb Code     2  startup_mm32f3277g.o(.text)
    BusFault_Handler                         0x08000423   Thumb Code     2  startup_mm32f3277g.o(.text)
    UsageFault_Handler                       0x08000425   Thumb Code     2  startup_mm32f3277g.o(.text)
    SVC_Handler                              0x08000427   Thumb Code     2  startup_mm32f3277g.o(.text)
    DebugMon_Handler                         0x08000429   Thumb Code     2  startup_mm32f3277g.o(.text)
    PendSV_Handler                           0x0800042b   Thumb Code     2  startup_mm32f3277g.o(.text)
    SysTick_Handler                          0x0800042d   Thumb Code     2  startup_mm32f3277g.o(.text)
    ADC1_2_IRQHandler                        0x0800042f   Thumb Code     0  startup_mm32f3277g.o(.text)
    ADC3_IRQHandler                          0x0800042f   Thumb Code     0  startup_mm32f3277g.o(.text)
    CAN1_RX_IRQHandler                       0x0800042f   Thumb Code     0  startup_mm32f3277g.o(.text)
    COMP1_2_IRQHandler                       0x0800042f   Thumb Code     0  startup_mm32f3277g.o(.text)
    ETH_IRQHandler                           0x0800042f   Thumb Code     0  startup_mm32f3277g.o(.text)
    FLASH_IRQHandler                         0x0800042f   Thumb Code     0  startup_mm32f3277g.o(.text)
    FlashCache_IRQHandler                    0x0800042f   Thumb Code     0  startup_mm32f3277g.o(.text)
    I2C1_IRQHandler                          0x0800042f   Thumb Code     0  startup_mm32f3277g.o(.text)
    I2C2_IRQHandler                          0x0800042f   Thumb Code     0  startup_mm32f3277g.o(.text)
    OTG_FS_IRQHandler                        0x0800042f   Thumb Code     0  startup_mm32f3277g.o(.text)
    OTG_FS_WKUP_IRQHandler                   0x0800042f   Thumb Code     0  startup_mm32f3277g.o(.text)
    PVD_IRQHandler                           0x0800042f   Thumb Code     0  startup_mm32f3277g.o(.text)
    RCC_CRS_IRQHandler                       0x0800042f   Thumb Code     0  startup_mm32f3277g.o(.text)
    RTCAlarm_IRQHandler                      0x0800042f   Thumb Code     0  startup_mm32f3277g.o(.text)
    RTC_IRQHandler                           0x0800042f   Thumb Code     0  startup_mm32f3277g.o(.text)
    SDIO_IRQHandler                          0x0800042f   Thumb Code     0  startup_mm32f3277g.o(.text)
    SPI1_IRQHandler                          0x0800042f   Thumb Code     0  startup_mm32f3277g.o(.text)
    SPI2_IRQHandler                          0x0800042f   Thumb Code     0  startup_mm32f3277g.o(.text)
    SPI3_IRQHandler                          0x0800042f   Thumb Code     0  startup_mm32f3277g.o(.text)
    TAMPER_IRQHandler                        0x0800042f   Thumb Code     0  startup_mm32f3277g.o(.text)
    TIM1_BRK_IRQHandler                      0x0800042f   Thumb Code     0  startup_mm32f3277g.o(.text)
    TIM1_CC_IRQHandler                       0x0800042f   Thumb Code     0  startup_mm32f3277g.o(.text)
    TIM1_TRG_COM_IRQHandler                  0x0800042f   Thumb Code     0  startup_mm32f3277g.o(.text)
    TIM8_BRK_IRQHandler                      0x0800042f   Thumb Code     0  startup_mm32f3277g.o(.text)
    TIM8_CC_IRQHandler                       0x0800042f   Thumb Code     0  startup_mm32f3277g.o(.text)
    TIM8_TRG_COM_IRQHandler                  0x0800042f   Thumb Code     0  startup_mm32f3277g.o(.text)
    WWDG_IRQHandler                          0x0800042f   Thumb Code     0  startup_mm32f3277g.o(.text)
    __aeabi_memcpy                           0x08000439   Thumb Code    36  memcpya.o(.text)
    __aeabi_memcpy4                          0x08000439   Thumb Code     0  memcpya.o(.text)
    __aeabi_memcpy8                          0x08000439   Thumb Code     0  memcpya.o(.text)
    __aeabi_memset                           0x0800045d   Thumb Code    14  memseta.o(.text)
    __aeabi_memset4                          0x0800045d   Thumb Code     0  memseta.o(.text)
    __aeabi_memset8                          0x0800045d   Thumb Code     0  memseta.o(.text)
    __aeabi_memclr                           0x0800046b   Thumb Code     4  memseta.o(.text)
    __aeabi_memclr4                          0x0800046b   Thumb Code     0  memseta.o(.text)
    __aeabi_memclr8                          0x0800046b   Thumb Code     0  memseta.o(.text)
    _memset$wrapper                          0x0800046f   Thumb Code    18  memseta.o(.text)
    strlen                                   0x08000481   Thumb Code    14  strlen.o(.text)
    strcmp                                   0x0800048f   Thumb Code    28  strcmp.o(.text)
    strncmp                                  0x080004ab   Thumb Code    30  strncmp.o(.text)
    __aeabi_fadd                             0x080004c9   Thumb Code   164  fadd.o(.text)
    __aeabi_fsub                             0x0800056d   Thumb Code     6  fadd.o(.text)
    __aeabi_frsub                            0x08000573   Thumb Code     6  fadd.o(.text)
    __aeabi_fmul                             0x08000579   Thumb Code   100  fmul.o(.text)
    __aeabi_fdiv                             0x080005dd   Thumb Code   124  fdiv.o(.text)
    __aeabi_dadd                             0x08000659   Thumb Code   322  dadd.o(.text)
    __aeabi_dsub                             0x0800079b   Thumb Code     6  dadd.o(.text)
    __aeabi_drsub                            0x080007a1   Thumb Code     6  dadd.o(.text)
    __aeabi_dmul                             0x080007a7   Thumb Code   228  dmul.o(.text)
    __aeabi_fcmple                           0x0800088b   Thumb Code    28  fcmple.o(.text)
    __aeabi_fcmplt                           0x080008a7   Thumb Code    28  fcmplt.o(.text)
    __aeabi_fcmpge                           0x080008c3   Thumb Code    28  fcmpge.o(.text)
    __aeabi_fcmpgt                           0x080008df   Thumb Code    28  fcmpgt.o(.text)
    __aeabi_fcmpeq                           0x080008fb   Thumb Code    28  fcmpeq.o(.text)
    __aeabi_dcmple                           0x08000917   Thumb Code    54  dcmple.o(.text)
    __aeabi_i2f                              0x0800094d   Thumb Code    18  fflti.o(.text)
    __aeabi_ui2f                             0x0800095f   Thumb Code    10  ffltui.o(.text)
    __aeabi_i2d                              0x08000969   Thumb Code    34  dflti.o(.text)
    __aeabi_ui2d                             0x0800098b   Thumb Code    26  dfltui.o(.text)
    __aeabi_f2iz                             0x080009a5   Thumb Code    50  ffixi.o(.text)
    __aeabi_f2uiz                            0x080009d7   Thumb Code    40  ffixui.o(.text)
    __aeabi_d2uiz                            0x080009ff   Thumb Code    50  dfixui.o(.text)
    __aeabi_f2d                              0x08000a31   Thumb Code    38  f2d.o(.text)
    __aeabi_d2f                              0x08000a57   Thumb Code    56  d2f.o(.text)
    __aeabi_uidiv                            0x08000a8f   Thumb Code     0  uidiv.o(.text)
    __aeabi_uidivmod                         0x08000a8f   Thumb Code    44  uidiv.o(.text)
    __aeabi_llsl                             0x08000abb   Thumb Code    30  llshl.o(.text)
    _ll_shift_l                              0x08000abb   Thumb Code     0  llshl.o(.text)
    __aeabi_llsr                             0x08000ad9   Thumb Code    32  llushr.o(.text)
    _ll_ushift_r                             0x08000ad9   Thumb Code     0  llushr.o(.text)
    __aeabi_lasr                             0x08000af9   Thumb Code    36  llsshr.o(.text)
    _ll_sshift_r                             0x08000af9   Thumb Code     0  llsshr.o(.text)
    __I$use$fp                               0x08000b1d   Thumb Code     0  iusefp.o(.text)
    _float_round                             0x08000b1d   Thumb Code    18  fepilogue.o(.text)
    _float_epilogue                          0x08000b2f   Thumb Code    92  fepilogue.o(.text)
    _double_round                            0x08000b8b   Thumb Code    30  depilogue.o(.text)
    _double_epilogue                         0x08000ba9   Thumb Code   156  depilogue.o(.text)
    __scatterload                            0x08000c45   Thumb Code    28  init.o(.text)
    __scatterload_rt2                        0x08000c45   Thumb Code     0  init.o(.text)
    __decompress                             0x08000c69   Thumb Code     0  __dczerorl2.o(.text)
    __decompress1                            0x08000c69   Thumb Code    86  __dczerorl2.o(.text)
    DMA1_Channel1_IRQHandler                 0x08000cc1   Thumb Code    26  isr.o(.text.DMA1_Channel1_IRQHandler)
    DMA1_Channel2_IRQHandler                 0x08000cdd   Thumb Code    26  isr.o(.text.DMA1_Channel2_IRQHandler)
    DMA1_Channel3_IRQHandler                 0x08000cf9   Thumb Code    26  isr.o(.text.DMA1_Channel3_IRQHandler)
    DMA1_Channel4_IRQHandler                 0x08000d15   Thumb Code    42  isr.o(.text.DMA1_Channel4_IRQHandler)
    DMA1_Channel5_IRQHandler                 0x08000d41   Thumb Code    26  isr.o(.text.DMA1_Channel5_IRQHandler)
    DMA1_Channel6_IRQHandler                 0x08000d5d   Thumb Code    26  isr.o(.text.DMA1_Channel6_IRQHandler)
    DMA1_Channel7_IRQHandler                 0x08000d79   Thumb Code    26  isr.o(.text.DMA1_Channel7_IRQHandler)
    DMA2_Channel1_IRQHandler                 0x08000d95   Thumb Code    28  isr.o(.text.DMA2_Channel1_IRQHandler)
    DMA2_Channel2_IRQHandler                 0x08000db1   Thumb Code    28  isr.o(.text.DMA2_Channel2_IRQHandler)
    DMA2_Channel3_IRQHandler                 0x08000dcd   Thumb Code    28  isr.o(.text.DMA2_Channel3_IRQHandler)
    DMA2_Channel4_IRQHandler                 0x08000de9   Thumb Code    28  isr.o(.text.DMA2_Channel4_IRQHandler)
    DMA2_Channel5_IRQHandler                 0x08000e05   Thumb Code    28  isr.o(.text.DMA2_Channel5_IRQHandler)
    EXTI0_IRQHandler                         0x08000e21   Thumb Code    18  isr.o(.text.EXTI0_IRQHandler)
    EXTI15_10_IRQHandler                     0x08000e35   Thumb Code   116  isr.o(.text.EXTI15_10_IRQHandler)
    EXTI1_IRQHandler                         0x08000ea9   Thumb Code    18  isr.o(.text.EXTI1_IRQHandler)
    EXTI2_IRQHandler                         0x08000ebd   Thumb Code    18  isr.o(.text.EXTI2_IRQHandler)
    EXTI3_IRQHandler                         0x08000ed1   Thumb Code    18  isr.o(.text.EXTI3_IRQHandler)
    EXTI4_IRQHandler                         0x08000ee5   Thumb Code    18  isr.o(.text.EXTI4_IRQHandler)
    EXTI9_5_IRQHandler                       0x08000ef9   Thumb Code   104  isr.o(.text.EXTI9_5_IRQHandler)
    Encoder_GetInfo_L                        0x08000f61   Thumb Code    12  encoder.o(.text.Encoder_GetInfo_L)
    Encoder_GetInfo_R                        0x08000f6d   Thumb Code    12  encoder.o(.text.Encoder_GetInfo_R)
    Encoder_Init                             0x08000f79   Thumb Code    78  encoder.o(.text.Encoder_Init)
    Key_Scan                                 0x08000fc9   Thumb Code   202  key.o(.text.Key_Scan)
    Key_init                                 0x08001095   Thumb Code    92  key.o(.text.Key_init)
    Menu_Screen_Init                         0x080010f1   Thumb Code    22  menu.o(.text.Menu_Screen_Init)
    Menu_control                             0x08001109   Thumb Code   396  menu.o(.text.Menu_control)
    PID_init                                 0x08001295   Thumb Code    42  streer_pid.o(.text.PID_init)
    PID_vget_param                           0x080012c1   Thumb Code    12  pid_v.o(.text.PID_vget_param)
    SPID_vget_param                          0x080012cd   Thumb Code    12  streer_pid.o(.text.SPID_vget_param)
    S_PID_CAL                                0x080012d9   Thumb Code   168  streer_pid.o(.text.S_PID_CAL)
    S_PIDadd_d                               0x08001381   Thumb Code    44  streer_pid.o(.text.S_PIDadd_d)
    S_PIDadd_i                               0x080013ad   Thumb Code    44  streer_pid.o(.text.S_PIDadd_i)
    S_PIDadd_outputmax                       0x080013d9   Thumb Code    40  streer_pid.o(.text.S_PIDadd_outputmax)
    S_PIDadd_p                               0x08001401   Thumb Code    44  streer_pid.o(.text.S_PIDadd_p)
    S_PIDsub_d                               0x0800142d   Thumb Code    92  streer_pid.o(.text.S_PIDsub_d)
    S_PIDsub_i                               0x08001489   Thumb Code    92  streer_pid.o(.text.S_PIDsub_i)
    S_PIDsub_outputmax                       0x080014e5   Thumb Code    60  streer_pid.o(.text.S_PIDsub_outputmax)
    S_PIDsub_p                               0x08001521   Thumb Code    92  streer_pid.o(.text.S_PIDsub_p)
    SystemInit                               0x0800157d   Thumb Code    12  system_mm32f3277g.o(.text.SystemInit)
    TIM1_UP_IRQHandler                       0x08001589   Thumb Code    20  isr.o(.text.TIM1_UP_IRQHandler)
    TIM2_IRQHandler                          0x0800159d   Thumb Code   462  isr.o(.text.TIM2_IRQHandler)
    TIM3_IRQHandler                          0x0800176d   Thumb Code    20  isr.o(.text.TIM3_IRQHandler)
    TIM4_IRQHandler                          0x08001781   Thumb Code    20  isr.o(.text.TIM4_IRQHandler)
    TIM5_IRQHandler                          0x08001795   Thumb Code    20  isr.o(.text.TIM5_IRQHandler)
    TIM6_IRQHandler                          0x080017a9   Thumb Code   104  isr.o(.text.TIM6_IRQHandler)
    TIM7_IRQHandler                          0x08001811   Thumb Code    32  isr.o(.text.TIM7_IRQHandler)
    TIM8_UP_IRQHandler                       0x08001831   Thumb Code    26  isr.o(.text.TIM8_UP_IRQHandler)
    UART1_IRQHandler                         0x0800184d   Thumb Code    46  isr.o(.text.UART1_IRQHandler)
    UART2_IRQHandler                         0x0800187d   Thumb Code    54  isr.o(.text.UART2_IRQHandler)
    UART3_IRQHandler                         0x080018b5   Thumb Code    46  isr.o(.text.UART3_IRQHandler)
    UART4_IRQHandler                         0x080018e5   Thumb Code    46  isr.o(.text.UART4_IRQHandler)
    UART5_IRQHandler                         0x08001915   Thumb Code    46  isr.o(.text.UART5_IRQHandler)
    UART6_IRQHandler                         0x08001945   Thumb Code    62  isr.o(.text.UART6_IRQHandler)
    UART7_IRQHandler                         0x08001985   Thumb Code    46  isr.o(.text.UART7_IRQHandler)
    UART8_IRQHandler                         0x080019b5   Thumb Code    62  isr.o(.text.UART8_IRQHandler)
    adc_convert                              0x080019f5   Thumb Code    74  zf_driver_adc.o(.text.adc_convert)
    addspeed                                 0x08001a41   Thumb Code    18  menu.o(.text.addspeed)
    afio_init                                0x08001a55   Thumb Code   116  zf_driver_gpio.o(.text.afio_init)
    all_init                                 0x08001ac9   Thumb Code   104  main.o(.text.all_init)
    camera_fifo_init                         0x08001b31   Thumb Code    20  zf_device_camera.o(.text.camera_fifo_init)
    camera_init                              0x08001b45   Thumb Code   130  zf_device_camera.o(.text.camera_init)
    clock_init                               0x08001bc9   Thumb Code   572  zf_common_clock.o(.text.clock_init)
    debug_assert_handler                     0x08001e05   Thumb Code   240  zf_common_debug.o(.text.debug_assert_handler)
    debug_init                               0x08001ef5   Thumb Code    92  zf_common_debug.o(.text.debug_init)
    debug_log_handler                        0x08001f51   Thumb Code    48  zf_common_debug.o(.text.debug_log_handler)
    debug_output_init                        0x080022d1   Thumb Code    74  zf_common_debug.o(.text.debug_output_init)
    debug_output_struct_init                 0x0800231d   Thumb Code    26  zf_common_debug.o(.text.debug_output_struct_init)
    difsum_left                              0x08002341   Thumb Code   148  photo_chuli.o(.text.difsum_left)
    difsum_right                             0x080023d5   Thumb Code   148  photo_chuli.o(.text.difsum_right)
    dm1xa_light_callback                     0x08002469   Thumb Code    30  zf_device_dm1xa.o(.text.dm1xa_light_callback)
    dm1xa_sound_callback                     0x08002489   Thumb Code   160  zf_device_dm1xa.o(.text.dm1xa_sound_callback)
    dma_camera_init                          0x08002529   Thumb Code   236  zf_driver_dma.o(.text.dma_camera_init)
    dma_disable                              0x08002615   Thumb Code    38  zf_driver_dma.o(.text.dma_disable)
    dma_enable                               0x0800263d   Thumb Code    38  zf_driver_dma.o(.text.dma_enable)
    dma_set_count                            0x08002665   Thumb Code    32  zf_driver_dma.o(.text.dma_set_count)
    encoder_clear_count                      0x08002685   Thumb Code    62  zf_driver_encoder.o(.text.encoder_clear_count)
    encoder_get_count                        0x080026c5   Thumb Code   102  zf_driver_encoder.o(.text.encoder_get_count)
    encoder_quad_init                        0x0800272d   Thumb Code   204  zf_driver_encoder.o(.text.encoder_quad_init)
    exti_init                                0x080027f9   Thumb Code   400  zf_driver_exti.o(.text.exti_init)
    fifo_clear                               0x08002989   Thumb Code    98  zf_common_fifo.o(.text.fifo_clear)
    fifo_init                                0x080029ed   Thumb Code    62  zf_common_fifo.o(.text.fifo_init)
    fifo_read_buffer                         0x08002a2d   Thumb Code   324  zf_common_fifo.o(.text.fifo_read_buffer)
    fifo_used                                0x08002b71   Thumb Code    32  zf_common_fifo.o(.text.fifo_used)
    fifo_write_buffer                        0x08002b91   Thumb Code   448  zf_common_fifo.o(.text.fifo_write_buffer)
    fifo_write_element                       0x08002d51   Thumb Code   128  zf_common_fifo.o(.text.fifo_write_element)
    flash_buffer_clear                       0x08002dd1   Thumb Code    22  zf_driver_flash.o(.text.flash_buffer_clear)
    flash_check                              0x08002de9   Thumb Code    92  zf_driver_flash.o(.text.flash_check)
    flash_erase_page                         0x08002e45   Thumb Code   202  zf_driver_flash.o(.text.flash_erase_page)
    flash_init                               0x08002f11   Thumb Code   142  flash.o(.text.flash_init)
    flash_read_page_to_buffer                0x08002fa1   Thumb Code    88  zf_driver_flash.o(.text.flash_read_page_to_buffer)
    flash_save                               0x08002ff9   Thumb Code   168  main.o(.text.flash_save)
    flash_write_page_from_buffer             0x080030a1   Thumb Code   280  zf_driver_flash.o(.text.flash_write_page_from_buffer)
    func_float_to_str                        0x080031b9   Thumb Code   358  zf_common_function.o(.text.func_float_to_str)
    func_get_greatest_common_divisor         0x08003321   Thumb Code    26  zf_common_function.o(.text.func_get_greatest_common_divisor)
    func_int_to_str                          0x0800333d   Thumb Code   144  zf_common_function.o(.text.func_int_to_str)
    func_uint_to_str                         0x080033cd   Thumb Code   116  zf_common_function.o(.text.func_uint_to_str)
    gpio_get_level                           0x08003441   Thumb Code    36  zf_driver_gpio.o(.text.gpio_get_level)
    gpio_init                                0x08003465   Thumb Code   164  zf_driver_gpio.o(.text.gpio_init)
    gpio_set_level                           0x08003509   Thumb Code    46  zf_driver_gpio.o(.text.gpio_set_level)
    gps_uart_callback                        0x08003539   Thumb Code   228  zf_device_gps_tau1201.o(.text.gps_uart_callback)
    image_boundary_process                   0x0800361d   Thumb Code   256  photo_chuli.o(.text.image_boundary_process)
    interrupt_disable                        0x0800371d   Thumb Code    40  zf_common_interrupt.o(.text.interrupt_disable)
    interrupt_enable                         0x08003745   Thumb Code    32  zf_common_interrupt.o(.text.interrupt_enable)
    interrupt_global_disable                 0x08003765   Thumb Code    22  zf_common_interrupt.o(.text.interrupt_global_disable)
    interrupt_global_enable                  0x0800377d   Thumb Code    28  zf_common_interrupt.o(.text.interrupt_global_enable)
    interrupt_init                           0x08003799   Thumb Code    28  zf_common_interrupt.o(.text.interrupt_init)
    interrupt_set_priority                   0x080037b5   Thumb Code    36  zf_common_interrupt.o(.text.interrupt_set_priority)
    ips200_clear                             0x080037d9   Thumb Code   254  zf_device_ips200.o(.text.ips200_clear)
    ips200_draw_point                        0x080038d9   Thumb Code   248  zf_device_ips200.o(.text.ips200_draw_point)
    ips200_init                              0x080039d1   Thumb Code  4884  zf_device_ips200.o(.text.ips200_init)
    ips200_set_color                         0x08004ce5   Thumb Code    14  zf_device_ips200.o(.text.ips200_set_color)
    ips200_show_char                         0x0800502d   Thumb Code   652  zf_device_ips200.o(.text.ips200_show_char)
    ips200_show_float                        0x080052b9   Thumb Code   276  zf_device_ips200.o(.text.ips200_show_float)
    ips200_show_gray_image                   0x080053cd   Thumb Code   574  zf_device_ips200.o(.text.ips200_show_gray_image)
    ips200_show_int                          0x0800560d   Thumb Code   188  zf_device_ips200.o(.text.ips200_show_int)
    ips200_show_string                       0x080056c9   Thumb Code   140  zf_device_ips200.o(.text.ips200_show_string)
    ips200_show_uint                         0x08005755   Thumb Code   188  zf_device_ips200.o(.text.ips200_show_uint)
    main                                     0x08005811   Thumb Code   144  main.o(.text.main)
    motor_init                               0x080058a1   Thumb Code    66  motor.o(.text.motor_init)
    motor_run                                0x080058e5   Thumb Code    98  motor.o(.text.motor_run)
    mt9v03x_init                             0x08005961   Thumb Code   860  zf_device_mt9v03x.o(.text.mt9v03x_init)
    mt9v03x_set_config_sccb                  0x08005cf9   Thumb Code  2478  zf_device_config.o(.text.mt9v03x_set_config_sccb)
    nfunc                                    0x0800674d   Thumb Code    20  menu.o(.text.nfunc)
    output                                   0x08006761   Thumb Code   308  menu.o(.text.output)
    output_middle                            0x08006895   Thumb Code    14  photo_chuli.o(.text.output_middle)
    pid_add_d                                0x080068a5   Thumb Code    44  pid_v.o(.text.pid_add_d)
    pid_add_i                                0x080068d1   Thumb Code    44  pid_v.o(.text.pid_add_i)
    pid_add_p                                0x080068fd   Thumb Code    44  pid_v.o(.text.pid_add_p)
    pid_control1                             0x08006929   Thumb Code   216  pid_v.o(.text.pid_control1)
    pid_control2                             0x08006a01   Thumb Code   236  pid_v.o(.text.pid_control2)
    pid_sub_d                                0x08006aed   Thumb Code    92  pid_v.o(.text.pid_sub_d)
    pid_sub_i                                0x08006b49   Thumb Code    92  pid_v.o(.text.pid_sub_i)
    pid_sub_p                                0x08006ba5   Thumb Code    92  pid_v.o(.text.pid_sub_p)
    pid_vparam_init                          0x08006c01   Thumb Code    44  pid_v.o(.text.pid_vparam_init)
    pit_init                                 0x08006c2d   Thumb Code   236  zf_driver_pit.o(.text.pit_init)
    pwm_init                                 0x08006d19   Thumb Code   366  zf_driver_pwm.o(.text.pwm_init)
    pwm_set_duty                             0x08006e89   Thumb Code   170  zf_driver_pwm.o(.text.pwm_set_duty)
    set_camera_type                          0x08006f35   Thumb Code    48  zf_device_type.o(.text.set_camera_type)
    show_line                                0x08006f65   Thumb Code    88  screen.o(.text.show_line)
    soft_iic_init                            0x08006fbd   Thumb Code    96  zf_driver_soft_iic.o(.text.soft_iic_init)
    soft_iic_sccb_read_register              0x080071b1   Thumb Code   558  zf_driver_soft_iic.o(.text.soft_iic_sccb_read_register)
    soft_iic_sccb_write_register             0x080073e1   Thumb Code   312  zf_driver_soft_iic.o(.text.soft_iic_sccb_write_register)
    spi_init                                 0x08007651   Thumb Code   442  zf_driver_spi.o(.text.spi_init)
    spi_write_16bit                          0x0800780d   Thumb Code    62  zf_driver_spi.o(.text.spi_write_16bit)
    spi_write_8bit                           0x0800784d   Thumb Code    50  zf_driver_spi.o(.text.spi_write_8bit)
    start_car                                0x08007881   Thumb Code    14  menu.o(.text.start_car)
    stop_flag                                0x08007891   Thumb Code    56  photo_chuli.o(.text.stop_flag)
    subspeed                                 0x080078c9   Thumb Code    18  menu.o(.text.subspeed)
    system_delay_ms                          0x080078dd   Thumb Code   110  zf_driver_delay.o(.text.system_delay_ms)
    timer_clear                              0x0800794d   Thumb Code    74  zf_driver_timer.o(.text.timer_clear)
    timer_clock_enable                       0x08007999   Thumb Code    62  zf_driver_timer.o(.text.timer_clock_enable)
    timer_etr_init                           0x080079d9   Thumb Code   272  zf_driver_timer.o(.text.timer_etr_init)
    timer_funciton_check                     0x08007ae9   Thumb Code    30  zf_driver_timer.o(.text.timer_funciton_check)
    timer_get                                0x08007b09   Thumb Code    94  zf_driver_timer.o(.text.timer_get)
    tsl1401_collect_pit_handler              0x08007b69   Thumb Code   160  zf_device_tsl1401.o(.text.tsl1401_collect_pit_handler)
    uart_init                                0x08007c0d   Thumb Code   272  zf_driver_uart.o(.text.uart_init)
    uart_query_byte                          0x08007d1d   Thumb Code    58  zf_driver_uart.o(.text.uart_query_byte)
    uart_rx_interrupt                        0x08007d59   Thumb Code    92  zf_driver_uart.o(.text.uart_rx_interrupt)
    uart_write_buffer                        0x08007db5   Thumb Code    70  zf_driver_uart.o(.text.uart_write_buffer)
    uart_write_string                        0x08007dfd   Thumb Code    76  zf_driver_uart.o(.text.uart_write_string)
    update                                   0x08007e49   Thumb Code   452  menu.o(.text.update)
    __0sprintf$3                             0x0800800d   Thumb Code    34  printf3.o(i.__0sprintf$3)
    __1sprintf$3                             0x0800800d   Thumb Code     0  printf3.o(i.__0sprintf$3)
    __2sprintf                               0x0800800d   Thumb Code     0  printf3.o(i.__0sprintf$3)
    __scatterload_copy                       0x08008035   Thumb Code    14  handlers.o(i.__scatterload_copy)
    __scatterload_null                       0x08008043   Thumb Code     2  handlers.o(i.__scatterload_null)
    __scatterload_zeroinit                   0x08008045   Thumb Code    14  handlers.o(i.__scatterload_zeroinit)
    ascii_font_6x8                           0x08008216   Data         552  zf_common_font.o(.rodata.ascii_font_6x8)
    ascii_font_8x16                          0x0800843e   Data        1520  zf_common_font.o(.rodata.ascii_font_8x16)
    Region$$Table$$Base                      0x08008d04   Number         0  anon$$obj.o(Region$$Table)
    Region$$Table$$Limit                     0x08008d24   Number         0  anon$$obj.o(Region$$Table)
    condition                                0x20000000   Data           1  menu.o(.data..L_MergedGlobals)
    current_state                            0x20000004   Data           4  menu.o(.data..L_MergedGlobals)
    p                                        0x20000008   Data           4  menu.o(.data..L_MergedGlobals)
    p_nearby                                 0x2000000c   Data           4  menu.o(.data..L_MergedGlobals)
    input                                    0x20000010   Data           4  menu.o(.data..L_MergedGlobals)
    leftline_num                             0x20000014   Data           1  photo_chuli.o(.data..L_MergedGlobals)
    rightline_num                            0x20000015   Data           1  photo_chuli.o(.data..L_MergedGlobals)
    sar_thre                                 0x20000016   Data           2  photo_chuli.o(.data..L_MergedGlobals)
    camera_type                              0x20000080   Data           1  zf_device_type.o(.data..L_MergedGlobals)
    wireless_type                            0x20000081   Data           1  zf_device_type.o(.data..L_MergedGlobals)
    camera_uart_handler                      0x20000084   Data           4  zf_device_type.o(.data..L_MergedGlobals)
    camera_vsync_handler                     0x20000088   Data           4  zf_device_type.o(.data..L_MergedGlobals)
    camera_dma_handler                       0x2000008c   Data           4  zf_device_type.o(.data..L_MergedGlobals)
    wireless_module_uart_handler             0x20000090   Data           4  zf_device_type.o(.data..L_MergedGlobals)
    count_time                               0x20000094   Data           4  key.o(.data.count_time)
    gpio_group                               0x200000a4   Data          32  zf_driver_gpio.o(.data.gpio_group)
    menu                                     0x200000c4   Data        1144  menu.o(.data.menu)
    speed                                    0x2000053c   Data           4  menu.o(.data.speed)
    system_clock                             0x20000540   Data           4  zf_common_clock.o(.data.system_clock)
    key1_flag                                0x20000550   Data           1  key.o(.bss..L_MergedGlobals)
    key2_flag                                0x20000551   Data           1  key.o(.bss..L_MergedGlobals)
    key3_flag                                0x20000552   Data           1  key.o(.bss..L_MergedGlobals)
    key4_flag                                0x20000553   Data           1  key.o(.bss..L_MergedGlobals)
    key5_flag                                0x20000554   Data           1  key.o(.bss..L_MergedGlobals)
    key6_flag                                0x20000555   Data           1  key.o(.bss..L_MergedGlobals)
    key1_count                               0x20000558   Data           4  key.o(.bss..L_MergedGlobals)
    key2_count                               0x2000055c   Data           4  key.o(.bss..L_MergedGlobals)
    key3_count                               0x20000560   Data           4  key.o(.bss..L_MergedGlobals)
    key4_count                               0x20000564   Data           4  key.o(.bss..L_MergedGlobals)
    key5_count                               0x20000568   Data           4  key.o(.bss..L_MergedGlobals)
    key6_count                               0x2000056c   Data           4  key.o(.bss..L_MergedGlobals)
    ERR                                      0x20000570   Data           4  pid_v.o(.bss..L_MergedGlobals)
    LastERR                                  0x20000574   Data           4  pid_v.o(.bss..L_MergedGlobals)
    LastLastERR                              0x20000578   Data           4  pid_v.o(.bss..L_MergedGlobals)
    pwm_ccr                                  0x2000057c   Data           4  pid_v.o(.bss..L_MergedGlobals)
    add_ccr                                  0x20000580   Data           4  pid_v.o(.bss..L_MergedGlobals)
    ERR1                                     0x20000584   Data           4  pid_v.o(.bss..L_MergedGlobals)
    LastERR1                                 0x20000588   Data           4  pid_v.o(.bss..L_MergedGlobals)
    LastLastERR1                             0x2000058c   Data           4  pid_v.o(.bss..L_MergedGlobals)
    pwm_ccr1                                 0x20000590   Data           4  pid_v.o(.bss..L_MergedGlobals)
    add_ccr1                                 0x20000594   Data           4  pid_v.o(.bss..L_MergedGlobals)
    PID_V                                    0x20000598   Data          24  pid_v.o(.bss..L_MergedGlobals)
    derivative                               0x200005b0   Data           4  streer_pid.o(.bss..L_MergedGlobals)
    intgral                                  0x200005b4   Data           4  streer_pid.o(.bss..L_MergedGlobals)
    error                                    0x200005b8   Data           4  streer_pid.o(.bss..L_MergedGlobals)
    Lasterror                                0x200005bc   Data           4  streer_pid.o(.bss..L_MergedGlobals)
    S_PID                                    0x200005c0   Data          24  streer_pid.o(.bss..L_MergedGlobals)
    camera_receiver_buffer                   0x20000600   Data           8  zf_device_camera.o(.bss..L_MergedGlobals)
    camera_receiver_fifo                     0x20000608   Data          24  zf_device_camera.o(.bss..L_MergedGlobals)
    gps_tau1201_flag                         0x20000630   Data           1  zf_device_gps_tau1201.o(.bss..L_MergedGlobals)
    gps_gga_state                            0x20000631   Data           1  zf_device_gps_tau1201.o(.bss..L_MergedGlobals)
    gps_rmc_state                            0x20000632   Data           1  zf_device_gps_tau1201.o(.bss..L_MergedGlobals)
    gps_tau1201                              0x20000638   Data          64  zf_device_gps_tau1201.o(.bss..L_MergedGlobals)
    centerline                               0x200006a2   Data         240  photo_chuli.o(.bss.centerline)
    encoder1                                 0x200007a0   Data           4  encoder.o(.bss.encoder1)
    encoder2                                 0x200007a4   Data           4  encoder.o(.bss.encoder2)
    flash_union_buffer                       0x200007a8   Data        1024  zf_driver_flash.o(.bss.flash_union_buffer)
    leftline                                 0x20000cac   Data         240  photo_chuli.o(.bss.leftline)
    mt9v03x_finish_flag                      0x20000d9c   Data           1  zf_device_mt9v03x.o(.bss.mt9v03x_finish_flag)
    mt9v03x_image                            0x20000db4   Data       22560  zf_device_mt9v03x.o(.bss.mt9v03x_image)
    rightline                                0x200065ec   Data         240  photo_chuli.o(.bss.rightline)
    save_flag                                0x200066dc   Data           1  main.o(.bss.save_flag)
    start_flag                               0x200066dd   Data           1  menu.o(.bss.start_flag)
    status                                   0x200066e0   Data           4  key.o(.bss.status)
    stop_flag1                               0x200066e4   Data           1  main.o(.bss.stop_flag1)
    tsl1401_data                             0x200066e6   Data         512  zf_device_tsl1401.o(.bss.tsl1401_data)
    tsl1401_finish_flag                      0x200068e6   Data           1  zf_device_tsl1401.o(.bss.tsl1401_finish_flag)
    Image$$ARM_LIB_STACK$$ZI$$Limit          0x20020000   Number         0  anon$$obj.o ABSOLUTE



==============================================================================

Memory Map of the image

  Image Entry point : 0x08000401

  Load Region LR_m_text (Base: 0x08000000, Size: 0x00009280, Max: 0x00080000, ABSOLUTE, COMPRESSED[0x00008ef0])

    Execution Region VECTOR_ROM (Exec base: 0x08000000, Load base: 0x08000000, Size: 0x00000190, Max: 0x00000400, ABSOLUTE)

    Exec Addr    Load Addr    Size         Type   Attr      Idx    E Section Name        Object

    0x08000000   0x08000000   0x00000190   Data   RO         1729    RESET               startup_mm32f3277g.o


    Execution Region ER_m_text (Exec base: 0x08000400, Load base: 0x08000400, Size: 0x00008924, Max: 0x0007fc00, ABSOLUTE, FIXED)

    Exec Addr    Load Addr    Size         Type   Attr      Idx    E Section Name        Object

    0x08000400   0x08000400   0x00000000   Code   RO         2766  * .ARM.Collect$$$$00000000  mc_w.l(entry.o)
    0x08000400   0x08000400   0x00000004   Code   RO         3147    .ARM.Collect$$$$00000003  mc_w.l(entry4.o)
    0x08000404   0x08000404   0x00000004   Code   RO         3150    .ARM.Collect$$$$00000004  mc_w.l(entry5.o)
    0x08000408   0x08000408   0x00000000   Code   RO         3152    .ARM.Collect$$$$00000008  mc_w.l(entry7b.o)
    0x08000408   0x08000408   0x00000000   Code   RO         3154    .ARM.Collect$$$$0000000A  mc_w.l(entry8b.o)
    0x08000408   0x08000408   0x00000008   Code   RO         3155    .ARM.Collect$$$$0000000B  mc_w.l(entry9a.o)
    0x08000410   0x08000410   0x00000000   Code   RO         3157    .ARM.Collect$$$$0000000D  mc_w.l(entry10a.o)
    0x08000410   0x08000410   0x00000000   Code   RO         3159    .ARM.Collect$$$$0000000F  mc_w.l(entry11a.o)
    0x08000410   0x08000410   0x00000004   Code   RO         3148    .ARM.Collect$$$$00002714  mc_w.l(entry4.o)
    0x08000414   0x08000414   0x00000024   Code   RO         1730    .text               startup_mm32f3277g.o
    0x08000438   0x08000438   0x00000024   Code   RO         2769    .text               mc_w.l(memcpya.o)
    0x0800045c   0x0800045c   0x00000024   Code   RO         2771    .text               mc_w.l(memseta.o)
    0x08000480   0x08000480   0x0000000e   Code   RO         2779    .text               mc_w.l(strlen.o)
    0x0800048e   0x0800048e   0x0000001c   Code   RO         2781    .text               mc_w.l(strcmp.o)
    0x080004aa   0x080004aa   0x0000001e   Code   RO         2787    .text               mc_w.l(strncmp.o)
    0x080004c8   0x080004c8   0x000000b0   Code   RO         3054    .text               mf_w.l(fadd.o)
    0x08000578   0x08000578   0x00000064   Code   RO         3056    .text               mf_w.l(fmul.o)
    0x080005dc   0x080005dc   0x0000007c   Code   RO         3058    .text               mf_w.l(fdiv.o)
    0x08000658   0x08000658   0x0000014e   Code   RO         3060    .text               mf_w.l(dadd.o)
    0x080007a6   0x080007a6   0x000000e4   Code   RO         3062    .text               mf_w.l(dmul.o)
    0x0800088a   0x0800088a   0x0000001c   Code   RO         3066    .text               mf_w.l(fcmple.o)
    0x080008a6   0x080008a6   0x0000001c   Code   RO         3068    .text               mf_w.l(fcmplt.o)
    0x080008c2   0x080008c2   0x0000001c   Code   RO         3070    .text               mf_w.l(fcmpge.o)
    0x080008de   0x080008de   0x0000001c   Code   RO         3072    .text               mf_w.l(fcmpgt.o)
    0x080008fa   0x080008fa   0x0000001c   Code   RO         3074    .text               mf_w.l(fcmpeq.o)
    0x08000916   0x08000916   0x00000036   Code   RO         3076    .text               mf_w.l(dcmple.o)
    0x0800094c   0x0800094c   0x00000012   Code   RO         3084    .text               mf_w.l(fflti.o)
    0x0800095e   0x0800095e   0x0000000a   Code   RO         3086    .text               mf_w.l(ffltui.o)
    0x08000968   0x08000968   0x00000022   Code   RO         3088    .text               mf_w.l(dflti.o)
    0x0800098a   0x0800098a   0x0000001a   Code   RO         3090    .text               mf_w.l(dfltui.o)
    0x080009a4   0x080009a4   0x00000032   Code   RO         3092    .text               mf_w.l(ffixi.o)
    0x080009d6   0x080009d6   0x00000028   Code   RO         3094    .text               mf_w.l(ffixui.o)
    0x080009fe   0x080009fe   0x00000032   Code   RO         3098    .text               mf_w.l(dfixui.o)
    0x08000a30   0x08000a30   0x00000026   Code   RO         3100    .text               mf_w.l(f2d.o)
    0x08000a56   0x08000a56   0x00000038   Code   RO         3102    .text               mf_w.l(d2f.o)
    0x08000a8e   0x08000a8e   0x0000002c   Code   RO         3162    .text               mc_w.l(uidiv.o)
    0x08000aba   0x08000aba   0x0000001e   Code   RO         3166    .text               mc_w.l(llshl.o)
    0x08000ad8   0x08000ad8   0x00000020   Code   RO         3168    .text               mc_w.l(llushr.o)
    0x08000af8   0x08000af8   0x00000024   Code   RO         3170    .text               mc_w.l(llsshr.o)
    0x08000b1c   0x08000b1c   0x00000000   Code   RO         3179    .text               mc_w.l(iusefp.o)
    0x08000b1c   0x08000b1c   0x0000006e   Code   RO         3180    .text               mf_w.l(fepilogue.o)
    0x08000b8a   0x08000b8a   0x000000ba   Code   RO         3182    .text               mf_w.l(depilogue.o)
    0x08000c44   0x08000c44   0x00000024   Code   RO         3194    .text               mc_w.l(init.o)
    0x08000c68   0x08000c68   0x00000056   Code   RO         3204    .text               mc_w.l(__dczerorl2.o)
    0x08000cbe   0x08000cbe   0x00000002   PAD
    0x08000cc0   0x08000cc0   0x0000001a   Code   RO           70    .text.DMA1_Channel1_IRQHandler  isr.o
    0x08000cda   0x08000cda   0x00000002   PAD
    0x08000cdc   0x08000cdc   0x0000001a   Code   RO           72    .text.DMA1_Channel2_IRQHandler  isr.o
    0x08000cf6   0x08000cf6   0x00000002   PAD
    0x08000cf8   0x08000cf8   0x0000001a   Code   RO           74    .text.DMA1_Channel3_IRQHandler  isr.o
    0x08000d12   0x08000d12   0x00000002   PAD
    0x08000d14   0x08000d14   0x0000002a   Code   RO           76    .text.DMA1_Channel4_IRQHandler  isr.o
    0x08000d3e   0x08000d3e   0x00000002   PAD
    0x08000d40   0x08000d40   0x0000001a   Code   RO           78    .text.DMA1_Channel5_IRQHandler  isr.o
    0x08000d5a   0x08000d5a   0x00000002   PAD
    0x08000d5c   0x08000d5c   0x0000001a   Code   RO           80    .text.DMA1_Channel6_IRQHandler  isr.o
    0x08000d76   0x08000d76   0x00000002   PAD
    0x08000d78   0x08000d78   0x0000001a   Code   RO           82    .text.DMA1_Channel7_IRQHandler  isr.o
    0x08000d92   0x08000d92   0x00000002   PAD
    0x08000d94   0x08000d94   0x0000001c   Code   RO           84    .text.DMA2_Channel1_IRQHandler  isr.o
    0x08000db0   0x08000db0   0x0000001c   Code   RO           86    .text.DMA2_Channel2_IRQHandler  isr.o
    0x08000dcc   0x08000dcc   0x0000001c   Code   RO           88    .text.DMA2_Channel3_IRQHandler  isr.o
    0x08000de8   0x08000de8   0x0000001c   Code   RO           90    .text.DMA2_Channel4_IRQHandler  isr.o
    0x08000e04   0x08000e04   0x0000001c   Code   RO           92    .text.DMA2_Channel5_IRQHandler  isr.o
    0x08000e20   0x08000e20   0x00000012   Code   RO           56    .text.EXTI0_IRQHandler  isr.o
    0x08000e32   0x08000e32   0x00000002   PAD
    0x08000e34   0x08000e34   0x00000074   Code   RO           68    .text.EXTI15_10_IRQHandler  isr.o
    0x08000ea8   0x08000ea8   0x00000012   Code   RO           58    .text.EXTI1_IRQHandler  isr.o
    0x08000eba   0x08000eba   0x00000002   PAD
    0x08000ebc   0x08000ebc   0x00000012   Code   RO           60    .text.EXTI2_IRQHandler  isr.o
    0x08000ece   0x08000ece   0x00000002   PAD
    0x08000ed0   0x08000ed0   0x00000012   Code   RO           62    .text.EXTI3_IRQHandler  isr.o
    0x08000ee2   0x08000ee2   0x00000002   PAD
    0x08000ee4   0x08000ee4   0x00000012   Code   RO           64    .text.EXTI4_IRQHandler  isr.o
    0x08000ef6   0x08000ef6   0x00000002   PAD
    0x08000ef8   0x08000ef8   0x00000068   Code   RO           66    .text.EXTI9_5_IRQHandler  isr.o
    0x08000f60   0x08000f60   0x0000000c   Code   RO          158    .text.Encoder_GetInfo_L  encoder.o
    0x08000f6c   0x08000f6c   0x0000000c   Code   RO          160    .text.Encoder_GetInfo_R  encoder.o
    0x08000f78   0x08000f78   0x0000004e   Code   RO          156    .text.Encoder_Init  encoder.o
    0x08000fc6   0x08000fc6   0x00000002   PAD
    0x08000fc8   0x08000fc8   0x000000ca   Code   RO          138    .text.Key_Scan      key.o
    0x08001092   0x08001092   0x00000002   PAD
    0x08001094   0x08001094   0x0000005c   Code   RO          136    .text.Key_init      key.o
    0x080010f0   0x080010f0   0x00000016   Code   RO          113    .text.Menu_Screen_Init  menu.o
    0x08001106   0x08001106   0x00000002   PAD
    0x08001108   0x08001108   0x0000018c   Code   RO          119    .text.Menu_control  menu.o
    0x08001294   0x08001294   0x0000002a   Code   RO          330    .text.PID_init      streer_pid.o
    0x080012be   0x080012be   0x00000002   PAD
    0x080012c0   0x080012c0   0x0000000c   Code   RO          177    .text.PID_vget_param  pid_v.o
    0x080012cc   0x080012cc   0x0000000c   Code   RO          332    .text.SPID_vget_param  streer_pid.o
    0x080012d8   0x080012d8   0x000000a8   Code   RO          334    .text.S_PID_CAL     streer_pid.o
    0x08001380   0x08001380   0x0000002c   Code   RO          340    .text.S_PIDadd_d    streer_pid.o
    0x080013ac   0x080013ac   0x0000002c   Code   RO          338    .text.S_PIDadd_i    streer_pid.o
    0x080013d8   0x080013d8   0x00000028   Code   RO          342    .text.S_PIDadd_outputmax  streer_pid.o
    0x08001400   0x08001400   0x0000002c   Code   RO          336    .text.S_PIDadd_p    streer_pid.o
    0x0800142c   0x0800142c   0x0000005c   Code   RO          348    .text.S_PIDsub_d    streer_pid.o
    0x08001488   0x08001488   0x0000005c   Code   RO          346    .text.S_PIDsub_i    streer_pid.o
    0x080014e4   0x080014e4   0x0000003c   Code   RO          350    .text.S_PIDsub_outputmax  streer_pid.o
    0x08001520   0x08001520   0x0000005c   Code   RO          344    .text.S_PIDsub_p    streer_pid.o
    0x0800157c   0x0800157c   0x0000000c   Code   RO         1718    .text.SystemInit    system_mm32f3277g.o
    0x08001588   0x08001588   0x00000014   Code   RO           24    .text.TIM1_UP_IRQHandler  isr.o
    0x0800159c   0x0800159c   0x000001ce   Code   RO           26    .text.TIM2_IRQHandler  isr.o
    0x0800176a   0x0800176a   0x00000002   PAD
    0x0800176c   0x0800176c   0x00000014   Code   RO           28    .text.TIM3_IRQHandler  isr.o
    0x08001780   0x08001780   0x00000014   Code   RO           30    .text.TIM4_IRQHandler  isr.o
    0x08001794   0x08001794   0x00000014   Code   RO           32    .text.TIM5_IRQHandler  isr.o
    0x080017a8   0x080017a8   0x00000068   Code   RO           34    .text.TIM6_IRQHandler  isr.o
    0x08001810   0x08001810   0x00000020   Code   RO           36    .text.TIM7_IRQHandler  isr.o
    0x08001830   0x08001830   0x0000001a   Code   RO           38    .text.TIM8_UP_IRQHandler  isr.o
    0x0800184a   0x0800184a   0x00000002   PAD
    0x0800184c   0x0800184c   0x0000002e   Code   RO           40    .text.UART1_IRQHandler  isr.o
    0x0800187a   0x0800187a   0x00000002   PAD
    0x0800187c   0x0800187c   0x00000036   Code   RO           42    .text.UART2_IRQHandler  isr.o
    0x080018b2   0x080018b2   0x00000002   PAD
    0x080018b4   0x080018b4   0x0000002e   Code   RO           44    .text.UART3_IRQHandler  isr.o
    0x080018e2   0x080018e2   0x00000002   PAD
    0x080018e4   0x080018e4   0x0000002e   Code   RO           46    .text.UART4_IRQHandler  isr.o
    0x08001912   0x08001912   0x00000002   PAD
    0x08001914   0x08001914   0x0000002e   Code   RO           48    .text.UART5_IRQHandler  isr.o
    0x08001942   0x08001942   0x00000002   PAD
    0x08001944   0x08001944   0x0000003e   Code   RO           50    .text.UART6_IRQHandler  isr.o
    0x08001982   0x08001982   0x00000002   PAD
    0x08001984   0x08001984   0x0000002e   Code   RO           52    .text.UART7_IRQHandler  isr.o
    0x080019b2   0x080019b2   0x00000002   PAD
    0x080019b4   0x080019b4   0x0000003e   Code   RO           54    .text.UART8_IRQHandler  isr.o
    0x080019f2   0x080019f2   0x00000002   PAD
    0x080019f4   0x080019f4   0x0000004a   Code   RO          529    .text.adc_convert   zf_driver_adc.o
    0x08001a3e   0x08001a3e   0x00000002   PAD
    0x08001a40   0x08001a40   0x00000012   Code   RO          109    .text.addspeed      menu.o
    0x08001a52   0x08001a52   0x00000002   PAD
    0x08001a54   0x08001a54   0x00000074   Code   RO          667    .text.afio_init     zf_driver_gpio.o
    0x08001ac8   0x08001ac8   0x00000068   Code   RO            4    .text.all_init      main.o
    0x08001b30   0x08001b30   0x00000014   Code   RO         1071    .text.camera_fifo_init  zf_device_camera.o
    0x08001b44   0x08001b44   0x00000082   Code   RO         1073    .text.camera_init   zf_device_camera.o
    0x08001bc6   0x08001bc6   0x00000002   PAD
    0x08001bc8   0x08001bc8   0x0000023c   Code   RO          367    .text.clock_init    zf_common_clock.o
    0x08001e04   0x08001e04   0x000000f0   Code   RO          389    .text.debug_assert_handler  zf_common_debug.o
    0x08001ef4   0x08001ef4   0x0000005c   Code   RO          399    .text.debug_init    zf_common_debug.o
    0x08001f50   0x08001f50   0x00000030   Code   RO          393    .text.debug_log_handler  zf_common_debug.o
    0x08001f80   0x08001f80   0x00000350   Code   RO          391    .text.debug_output  zf_common_debug.o
    0x080022d0   0x080022d0   0x0000004a   Code   RO          397    .text.debug_output_init  zf_common_debug.o
    0x0800231a   0x0800231a   0x00000002   PAD
    0x0800231c   0x0800231c   0x0000001a   Code   RO          395    .text.debug_output_struct_init  zf_common_debug.o
    0x08002336   0x08002336   0x00000002   PAD
    0x08002338   0x08002338   0x00000008   Code   RO          401    .text.debug_uart_str_output  zf_common_debug.o
    0x08002340   0x08002340   0x00000094   Code   RO          260    .text.difsum_left   photo_chuli.o
    0x080023d4   0x080023d4   0x00000094   Code   RO          262    .text.difsum_right  photo_chuli.o
    0x08002468   0x08002468   0x0000001e   Code   RO         1114    .text.dm1xa_light_callback  zf_device_dm1xa.o
    0x08002486   0x08002486   0x00000002   PAD
    0x08002488   0x08002488   0x000000a0   Code   RO         1112    .text.dm1xa_sound_callback  zf_device_dm1xa.o
    0x08002528   0x08002528   0x000000ec   Code   RO          578    .text.dma_camera_init  zf_driver_dma.o
    0x08002614   0x08002614   0x00000026   Code   RO          576    .text.dma_disable   zf_driver_dma.o
    0x0800263a   0x0800263a   0x00000002   PAD
    0x0800263c   0x0800263c   0x00000026   Code   RO          574    .text.dma_enable    zf_driver_dma.o
    0x08002662   0x08002662   0x00000002   PAD
    0x08002664   0x08002664   0x00000020   Code   RO          572    .text.dma_set_count  zf_driver_dma.o
    0x08002684   0x08002684   0x0000003e   Code   RO          594    .text.encoder_clear_count  zf_driver_encoder.o
    0x080026c2   0x080026c2   0x00000002   PAD
    0x080026c4   0x080026c4   0x00000066   Code   RO          592    .text.encoder_get_count  zf_driver_encoder.o
    0x0800272a   0x0800272a   0x00000002   PAD
    0x0800272c   0x0800272c   0x000000cc   Code   RO          596    .text.encoder_quad_init  zf_driver_encoder.o
    0x080027f8   0x080027f8   0x00000190   Code   RO          617    .text.exti_init     zf_driver_exti.o
    0x08002988   0x08002988   0x00000062   Code   RO          422    .text.fifo_clear    zf_common_fifo.o
    0x080029ea   0x080029ea   0x00000002   PAD
    0x080029ec   0x080029ec   0x0000003e   Code   RO          436    .text.fifo_init     zf_common_fifo.o
    0x08002a2a   0x08002a2a   0x00000002   PAD
    0x08002a2c   0x08002a2c   0x00000144   Code   RO          432    .text.fifo_read_buffer  zf_common_fifo.o
    0x08002b70   0x08002b70   0x00000020   Code   RO          424    .text.fifo_used     zf_common_fifo.o
    0x08002b90   0x08002b90   0x000001c0   Code   RO          428    .text.fifo_write_buffer  zf_common_fifo.o
    0x08002d50   0x08002d50   0x00000080   Code   RO          426    .text.fifo_write_element  zf_common_fifo.o
    0x08002dd0   0x08002dd0   0x00000016   Code   RO          642    .text.flash_buffer_clear  zf_driver_flash.o
    0x08002de6   0x08002de6   0x00000002   PAD
    0x08002de8   0x08002de8   0x0000005c   Code   RO          630    .text.flash_check   zf_driver_flash.o
    0x08002e44   0x08002e44   0x000000ca   Code   RO          632    .text.flash_erase_page  zf_driver_flash.o
    0x08002f0e   0x08002f0e   0x00000002   PAD
    0x08002f10   0x08002f10   0x0000008e   Code   RO          221    .text.flash_init    flash.o
    0x08002f9e   0x08002f9e   0x00000002   PAD
    0x08002fa0   0x08002fa0   0x00000058   Code   RO          638    .text.flash_read_page_to_buffer  zf_driver_flash.o
    0x08002ff8   0x08002ff8   0x000000a8   Code   RO            6    .text.flash_save    main.o
    0x080030a0   0x080030a0   0x00000118   Code   RO          640    .text.flash_write_page_from_buffer  zf_driver_flash.o
    0x080031b8   0x080031b8   0x00000166   Code   RO          481    .text.func_float_to_str  zf_common_function.o
    0x0800331e   0x0800331e   0x00000002   PAD
    0x08003320   0x08003320   0x0000001a   Code   RO          467    .text.func_get_greatest_common_divisor  zf_common_function.o
    0x0800333a   0x0800333a   0x00000002   PAD
    0x0800333c   0x0800333c   0x00000090   Code   RO          473    .text.func_int_to_str  zf_common_function.o
    0x080033cc   0x080033cc   0x00000074   Code   RO          477    .text.func_uint_to_str  zf_common_function.o
    0x08003440   0x08003440   0x00000024   Code   RO          659    .text.gpio_get_level  zf_driver_gpio.o
    0x08003464   0x08003464   0x000000a4   Code   RO          665    .text.gpio_init     zf_driver_gpio.o
    0x08003508   0x08003508   0x0000002e   Code   RO          657    .text.gpio_set_level  zf_driver_gpio.o
    0x08003536   0x08003536   0x00000002   PAD
    0x08003538   0x08003538   0x000000e4   Code   RO         1141    .text.gps_uart_callback  zf_device_gps_tau1201.o
    0x0800361c   0x0800361c   0x00000100   Code   RO          258    .text.image_boundary_process  photo_chuli.o
    0x0800371c   0x0800371c   0x00000028   Code   RO          511    .text.interrupt_disable  zf_common_interrupt.o
    0x08003744   0x08003744   0x00000020   Code   RO          509    .text.interrupt_enable  zf_common_interrupt.o
    0x08003764   0x08003764   0x00000016   Code   RO          507    .text.interrupt_global_disable  zf_common_interrupt.o
    0x0800377a   0x0800377a   0x00000002   PAD
    0x0800377c   0x0800377c   0x0000001c   Code   RO          505    .text.interrupt_global_enable  zf_common_interrupt.o
    0x08003798   0x08003798   0x0000001c   Code   RO          515    .text.interrupt_init  zf_common_interrupt.o
    0x080037b4   0x080037b4   0x00000024   Code   RO          513    .text.interrupt_set_priority  zf_common_interrupt.o
    0x080037d8   0x080037d8   0x000000fe   Code   RO         1285    .text.ips200_clear  zf_device_ips200.o
    0x080038d6   0x080038d6   0x00000002   PAD
    0x080038d8   0x080038d8   0x000000f8   Code   RO         1297    .text.ips200_draw_point  zf_device_ips200.o
    0x080039d0   0x080039d0   0x00001314   Code   RO         1321    .text.ips200_init   zf_device_ips200.o
    0x08004ce4   0x08004ce4   0x0000000e   Code   RO         1295    .text.ips200_set_color  zf_device_ips200.o
    0x08004cf2   0x08004cf2   0x00000002   PAD
    0x08004cf4   0x08004cf4   0x00000338   Code   RO         1287    .text.ips200_set_region  zf_device_ips200.o
    0x0800502c   0x0800502c   0x0000028c   Code   RO         1301    .text.ips200_show_char  zf_device_ips200.o
    0x080052b8   0x080052b8   0x00000114   Code   RO         1309    .text.ips200_show_float  zf_device_ips200.o
    0x080053cc   0x080053cc   0x0000023e   Code   RO         1313    .text.ips200_show_gray_image  zf_device_ips200.o
    0x0800560a   0x0800560a   0x00000002   PAD
    0x0800560c   0x0800560c   0x000000bc   Code   RO         1305    .text.ips200_show_int  zf_device_ips200.o
    0x080056c8   0x080056c8   0x0000008c   Code   RO         1303    .text.ips200_show_string  zf_device_ips200.o
    0x08005754   0x08005754   0x000000bc   Code   RO         1307    .text.ips200_show_uint  zf_device_ips200.o
    0x08005810   0x08005810   0x00000090   Code   RO            8    .text.main          main.o
    0x080058a0   0x080058a0   0x00000042   Code   RO          234    .text.motor_init    motor.o
    0x080058e2   0x080058e2   0x00000002   PAD
    0x080058e4   0x080058e4   0x00000062   Code   RO          236    .text.motor_run     motor.o
    0x08005946   0x08005946   0x00000002   PAD
    0x08005948   0x08005948   0x00000016   Code   RO         1389    .text.mt9v03x_dma_handler  zf_device_mt9v03x.o
    0x0800595e   0x0800595e   0x00000002   PAD
    0x08005960   0x08005960   0x0000035c   Code   RO         1395    .text.mt9v03x_init  zf_device_mt9v03x.o
    0x08005cbc   0x08005cbc   0x0000003c   Code   RO         2705    .text.mt9v03x_read_word_sccb  zf_device_config.lib(zf_device_config.o)
    0x08005cf8   0x08005cf8   0x000009ae   Code   RO         2701    .text.mt9v03x_set_config_sccb  zf_device_config.lib(zf_device_config.o)
    0x080066a6   0x080066a6   0x00000002   PAD
    0x080066a8   0x080066a8   0x0000003c   Code   RO         1391    .text.mt9v03x_uart_handler  zf_device_mt9v03x.o
    0x080066e4   0x080066e4   0x00000032   Code   RO         1387    .text.mt9v03x_vsync_handler  zf_device_mt9v03x.o
    0x08006716   0x08006716   0x00000002   PAD
    0x08006718   0x08006718   0x00000032   Code   RO         2703    .text.mt9v03x_write_word_sccb  zf_device_config.lib(zf_device_config.o)
    0x0800674a   0x0800674a   0x00000002   PAD
    0x0800674c   0x0800674c   0x00000014   Code   RO          105    .text.nfunc         menu.o
    0x08006760   0x08006760   0x00000134   Code   RO          117    .text.output        menu.o
    0x08006894   0x08006894   0x0000000e   Code   RO          264    .text.output_middle  photo_chuli.o
    0x080068a2   0x080068a2   0x00000002   PAD
    0x080068a4   0x080068a4   0x0000002c   Code   RO          189    .text.pid_add_d     pid_v.o
    0x080068d0   0x080068d0   0x0000002c   Code   RO          187    .text.pid_add_i     pid_v.o
    0x080068fc   0x080068fc   0x0000002c   Code   RO          185    .text.pid_add_p     pid_v.o
    0x08006928   0x08006928   0x000000d8   Code   RO          181    .text.pid_control1  pid_v.o
    0x08006a00   0x08006a00   0x000000ec   Code   RO          183    .text.pid_control2  pid_v.o
    0x08006aec   0x08006aec   0x0000005c   Code   RO          201    .text.pid_sub_d     pid_v.o
    0x08006b48   0x08006b48   0x0000005c   Code   RO          199    .text.pid_sub_i     pid_v.o
    0x08006ba4   0x08006ba4   0x0000005c   Code   RO          197    .text.pid_sub_p     pid_v.o
    0x08006c00   0x08006c00   0x0000002c   Code   RO          175    .text.pid_vparam_init  pid_v.o
    0x08006c2c   0x08006c2c   0x000000ec   Code   RO          741    .text.pit_init      zf_driver_pit.o
    0x08006d18   0x08006d18   0x0000016e   Code   RO          756    .text.pwm_init      zf_driver_pwm.o
    0x08006e86   0x08006e86   0x00000002   PAD
    0x08006e88   0x08006e88   0x000000aa   Code   RO          754    .text.pwm_set_duty  zf_driver_pwm.o
    0x08006f32   0x08006f32   0x00000002   PAD
    0x08006f34   0x08006f34   0x00000030   Code   RO         1609    .text.set_camera_type  zf_device_type.o
    0x08006f64   0x08006f64   0x00000058   Code   RO          299    .text.show_line     screen.o
    0x08006fbc   0x08006fbc   0x00000060   Code   RO          843    .text.soft_iic_init  zf_driver_soft_iic.o
    0x0800701c   0x0800701c   0x00000194   Code   RO          819    .text.soft_iic_read_data  zf_driver_soft_iic.o
    0x080071b0   0x080071b0   0x0000022e   Code   RO          841    .text.soft_iic_sccb_read_register  zf_driver_soft_iic.o
    0x080073de   0x080073de   0x00000002   PAD
    0x080073e0   0x080073e0   0x00000138   Code   RO          839    .text.soft_iic_sccb_write_register  zf_driver_soft_iic.o
    0x08007518   0x08007518   0x00000138   Code   RO          801    .text.soft_iic_send_data  zf_driver_soft_iic.o
    0x08007650   0x08007650   0x000001ba   Code   RO          947    .text.spi_init      zf_driver_spi.o
    0x0800780a   0x0800780a   0x00000002   PAD
    0x0800780c   0x0800780c   0x0000003e   Code   RO          915    .text.spi_write_16bit  zf_driver_spi.o
    0x0800784a   0x0800784a   0x00000002   PAD
    0x0800784c   0x0800784c   0x00000032   Code   RO          911    .text.spi_write_8bit  zf_driver_spi.o
    0x0800787e   0x0800787e   0x00000002   PAD
    0x08007880   0x08007880   0x0000000e   Code   RO          107    .text.start_car     menu.o
    0x0800788e   0x0800788e   0x00000002   PAD
    0x08007890   0x08007890   0x00000038   Code   RO          266    .text.stop_flag     photo_chuli.o
    0x080078c8   0x080078c8   0x00000012   Code   RO          111    .text.subspeed      menu.o
    0x080078da   0x080078da   0x00000002   PAD
    0x080078dc   0x080078dc   0x0000006e   Code   RO          556    .text.system_delay_ms  zf_driver_delay.o
    0x0800794a   0x0800794a   0x00000002   PAD
    0x0800794c   0x0800794c   0x0000004a   Code   RO          972    .text.timer_clear   zf_driver_timer.o
    0x08007996   0x08007996   0x00000002   PAD
    0x08007998   0x08007998   0x0000003e   Code   RO          964    .text.timer_clock_enable  zf_driver_timer.o
    0x080079d6   0x080079d6   0x00000002   PAD
    0x080079d8   0x080079d8   0x00000110   Code   RO          976    .text.timer_etr_init  zf_driver_timer.o
    0x08007ae8   0x08007ae8   0x0000001e   Code   RO          962    .text.timer_funciton_check  zf_driver_timer.o
    0x08007b06   0x08007b06   0x00000002   PAD
    0x08007b08   0x08007b08   0x0000005e   Code   RO          970    .text.timer_get     zf_driver_timer.o
    0x08007b66   0x08007b66   0x00000002   PAD
    0x08007b68   0x08007b68   0x000000a0   Code   RO         1587    .text.tsl1401_collect_pit_handler  zf_device_tsl1401.o
    0x08007c08   0x08007c08   0x00000002   Code   RO         1607    .text.type_default_callback  zf_device_type.o
    0x08007c0a   0x08007c0a   0x00000002   PAD
    0x08007c0c   0x08007c0c   0x00000110   Code   RO         1005    .text.uart_init     zf_driver_uart.o
    0x08007d1c   0x08007d1c   0x0000003a   Code   RO          999    .text.uart_query_byte  zf_driver_uart.o
    0x08007d56   0x08007d56   0x00000002   PAD
    0x08007d58   0x08007d58   0x0000005c   Code   RO         1003    .text.uart_rx_interrupt  zf_driver_uart.o
    0x08007db4   0x08007db4   0x00000046   Code   RO          993    .text.uart_write_buffer  zf_driver_uart.o
    0x08007dfa   0x08007dfa   0x00000002   PAD
    0x08007dfc   0x08007dfc   0x0000004c   Code   RO          995    .text.uart_write_string  zf_driver_uart.o
    0x08007e48   0x08007e48   0x000001c4   Code   RO          115    .text.update        menu.o
    0x0800800c   0x0800800c   0x00000028   Code   RO         2884    i.__0sprintf$3      mc_w.l(printf3.o)
    0x08008034   0x08008034   0x0000000e   Code   RO         3198    i.__scatterload_copy  mc_w.l(handlers.o)
    0x08008042   0x08008042   0x00000002   Code   RO         3199    i.__scatterload_null  mc_w.l(handlers.o)
    0x08008044   0x08008044   0x0000000e   Code   RO         3200    i.__scatterload_zeroinit  mc_w.l(handlers.o)
    0x08008052   0x08008052   0x00000002   PAD
    0x08008054   0x08008054   0x000001b8   Code   RO         2889    i._printf_core      mc_w.l(printf3.o)
    0x0800820c   0x0800820c   0x0000000a   Code   RO         2891    i._sputc            mc_w.l(printf3.o)
    0x08008216   0x08008216   0x00000228   Data   RO          451    .rodata.ascii_font_6x8  zf_common_font.o
    0x0800843e   0x0800843e   0x000005f0   Data   RO          450    .rodata.ascii_font_8x16  zf_common_font.o
    0x08008a2e   0x08008a2e   0x00000002   PAD
    0x08008a30   0x08008a30   0x00000020   Data   RO         1007    .rodata.cst32       zf_driver_uart.o
    0x08008a50   0x08008a50   0x00000008   Data   RO          535    .rodata.cst8        zf_driver_adc.o
    0x08008a58   0x08008a58   0x00000008   Data   RO          580    .rodata.cst8        zf_driver_dma.o
    0x08008a60   0x08008a60   0x00000008   Data   RO          949    .rodata.cst8        zf_driver_spi.o
    0x08008a68   0x08008a68   0x00000008   Data   RO         1010    .rodata.cst8        zf_driver_uart.o
    0x08008a70   0x08008a70   0x000000ac   Data   RO          405    .rodata.debug_protective_handler.pin_list  zf_common_debug.o
    0x08008b1c   0x08008b1c   0x0000002b   Data   RO          438    .rodata.str1.1      zf_common_fifo.o
    0x08008b47   0x08008b47   0x0000002f   Data   RO          493    .rodata.str1.1      zf_common_function.o
    0x08008b76   0x08008b76   0x0000002c   Data   RO          560    .rodata.str1.1      zf_driver_delay.o
    0x08008ba2   0x08008ba2   0x0000002e   Data   RO          601    .rodata.str1.1      zf_driver_encoder.o
    0x08008bd0   0x08008bd0   0x0000002c   Data   RO          644    .rodata.str1.1      zf_driver_flash.o
    0x08008bfc   0x08008bfc   0x0000002a   Data   RO          758    .rodata.str1.1      zf_driver_pwm.o
    0x08008c26   0x08008c26   0x0000002f   Data   RO          845    .rodata.str1.1      zf_driver_soft_iic.o
    0x08008c55   0x08008c55   0x0000002a   Data   RO          950    .rodata.str1.1      zf_driver_spi.o
    0x08008c7f   0x08008c7f   0x0000002c   Data   RO          978    .rodata.str1.1      zf_driver_timer.o
    0x08008cab   0x08008cab   0x0000002b   Data   RO         1008    .rodata.str1.1      zf_driver_uart.o
    0x08008cd6   0x08008cd6   0x0000002d   Data   RO         1323    .rodata.str1.1      zf_device_ips200.o
    0x08008d03   0x08008d03   0x00000001   PAD
    0x08008d04   0x08008d04   0x00000020   Data   RO         3196    Region$$Table       anon$$obj.o


    Execution Region RW_m_data (Exec base: 0x20000000, Load base: 0x08008d30, Size: 0x000068f0, Max: 0x0001dc00, ABSOLUTE, COMPRESSED[0x000001c0])

    Exec Addr    Load Addr    Size         Type   Attr      Idx    E Section Name        Object

    0x20000000   COMPRESSED   0x00000014   Data   RW          124    .data..L_MergedGlobals  menu.o
    0x20000014   COMPRESSED   0x00000004   Data   RW          287    .data..L_MergedGlobals  photo_chuli.o
    0x20000018   COMPRESSED   0x0000000a   Data   RW         1324    .data..L_MergedGlobals  zf_device_ips200.o
    0x20000022   COMPRESSED   0x0000000e   PAD
    0x20000030   COMPRESSED   0x0000004c   Data   RW         1399    .data..L_MergedGlobals  zf_device_mt9v03x.o
    0x2000007c   COMPRESSED   0x00000004   PAD
    0x20000080   COMPRESSED   0x00000014   Data   RW         1613    .data..L_MergedGlobals  zf_device_type.o
    0x20000094   COMPRESSED   0x00000004   Data   RW          141    .data.count_time    key.o
    0x20000098   COMPRESSED   0x00000002   Data   RW         1122    .data.dm1xa_distance_mm  zf_device_dm1xa.o
    0x2000009a   COMPRESSED   0x00000008   Data   RW          600    .data.encoder_dir_pin  zf_driver_encoder.o
    0x200000a2   COMPRESSED   0x00000002   PAD
    0x200000a4   COMPRESSED   0x00000020   Data   RW          669    .data.gpio_group    zf_driver_gpio.o
    0x200000c4   COMPRESSED   0x00000478   Data   RW          123    .data.menu          menu.o
    0x2000053c   COMPRESSED   0x00000004   Data   RW          122    .data.speed         menu.o
    0x20000540   COMPRESSED   0x00000004   Data   RW          369    .data.system_clock  zf_common_clock.o
    0x20000544   COMPRESSED   0x00000001   Data   RW          403    .data.zf_debug_assert_enable  zf_common_debug.o
    0x20000545   COMPRESSED   0x0000000b   PAD
    0x20000550        -       0x00000020   Zero   RW          144    .bss..L_MergedGlobals  key.o
    0x20000570        -       0x00000040   Zero   RW          209    .bss..L_MergedGlobals  pid_v.o
    0x200005b0        -       0x00000028   Zero   RW          355    .bss..L_MergedGlobals  streer_pid.o
    0x200005d8        -       0x00000010   Zero   RW          410    .bss..L_MergedGlobals  zf_common_debug.o
    0x200005e8        -       0x00000010   Zero   RW          979    .bss..L_MergedGlobals  zf_driver_timer.o
    0x200005f8   COMPRESSED   0x00000008   PAD
    0x20000600        -       0x00000020   Zero   RW         1077    .bss..L_MergedGlobals  zf_device_camera.o
    0x20000620        -       0x00000008   Zero   RW         1123    .bss..L_MergedGlobals  zf_device_dm1xa.o
    0x20000628   COMPRESSED   0x00000008   PAD
    0x20000630        -       0x00000048   Zero   RW         1160    .bss..L_MergedGlobals  zf_device_gps_tau1201.o
    0x20000678        -       0x00000003   Zero   RW         1325    .bss..L_MergedGlobals.1  zf_device_ips200.o
    0x2000067b   COMPRESSED   0x00000005   PAD
    0x20000680        -       0x0000001c   Zero   RW         1161    .bss..L_MergedGlobals.2  zf_device_gps_tau1201.o
    0x2000069c        -       0x00000004   Zero   RW         1400    .bss..L_MergedGlobals.3  zf_device_mt9v03x.o
    0x200006a0        -       0x00000002   Zero   RW          536    .bss.adc_resolution  zf_driver_adc.o
    0x200006a2        -       0x000000f0   Zero   RW          282    .bss.centerline     photo_chuli.o
    0x20000792        -       0x00000001   Zero   RW          404    .bss.debug_assert_handler.assert_nest_index  zf_common_debug.o
    0x20000793   COMPRESSED   0x00000001   PAD
    0x20000794        -       0x00000002   Zero   RW          406    .bss.debug_output_info.0  zf_common_debug.o
    0x20000796   COMPRESSED   0x00000002   PAD
    0x20000798        -       0x00000002   Zero   RW          407    .bss.debug_output_info.1  zf_common_debug.o
    0x2000079a        -       0x00000001   Zero   RW          408    .bss.debug_output_info.3  zf_common_debug.o
    0x2000079b   COMPRESSED   0x00000001   PAD
    0x2000079c        -       0x00000001   Zero   RW          409    .bss.debug_output_info.4  zf_common_debug.o
    0x2000079d   COMPRESSED   0x00000003   PAD
    0x200007a0        -       0x00000004   Zero   RW          163    .bss.encoder1       encoder.o
    0x200007a4        -       0x00000004   Zero   RW          162    .bss.encoder2       encoder.o
    0x200007a8        -       0x00000400   Zero   RW          645    .bss.flash_union_buffer  zf_driver_flash.o
    0x20000ba8        -       0x00000080   Zero   RW         1146    .bss.gps_gga_buffer  zf_device_gps_tau1201.o
    0x20000c28        -       0x00000080   Zero   RW         1145    .bss.gps_rmc_buffer  zf_device_gps_tau1201.o
    0x20000ca8        -       0x00000004   Zero   RW          517    .bss.interrupt_nest_count  zf_common_interrupt.o
    0x20000cac        -       0x000000f0   Zero   RW          284    .bss.leftline       photo_chuli.o
    0x20000d9c        -       0x00000001   Zero   RW         1397    .bss.mt9v03x_finish_flag  zf_device_mt9v03x.o
    0x20000d9d   COMPRESSED   0x00000003   PAD
    0x20000da0        -       0x00000004   Zero   RW         2715    .bss.mt9v03x_h_blank  zf_device_config.lib(zf_device_config.o)
    0x20000da4        -       0x00000010   Zero   RW         2713    .bss.mt9v03x_iic_inf_struct  zf_device_config.lib(zf_device_config.o)
    0x20000db4        -       0x00005820   Zero   RW         1398    .bss.mt9v03x_image  zf_device_mt9v03x.o
    0x200065d4        -       0x00000014   Zero   RW         2714    .bss.mt9v03x_init_config  zf_device_config.lib(zf_device_config.o)
    0x200065e8        -       0x00000004   Zero   RW         2716    .bss.mt9v03x_v_blank  zf_device_config.lib(zf_device_config.o)
    0x200065ec        -       0x000000f0   Zero   RW          283    .bss.rightline      photo_chuli.o
    0x200066dc        -       0x00000001   Zero   RW           10    .bss.save_flag      main.o
    0x200066dd        -       0x00000001   Zero   RW          121    .bss.start_flag     menu.o
    0x200066de   COMPRESSED   0x00000002   PAD
    0x200066e0        -       0x00000004   Zero   RW          142    .bss.status         key.o
    0x200066e4        -       0x00000001   Zero   RW           11    .bss.stop_flag1     main.o
    0x200066e5   COMPRESSED   0x00000001   PAD
    0x200066e6        -       0x00000200   Zero   RW         1594    .bss.tsl1401_data   zf_device_tsl1401.o
    0x200068e6        -       0x00000001   Zero   RW         1595    .bss.tsl1401_finish_flag  zf_device_tsl1401.o
    0x200068e7        -       0x00000001   Zero   RW         1593    .bss.tsl1401_init_state  zf_device_tsl1401.o
    0x200068e8        -       0x00000008   Zero   RW         1009    .bss.uart_interrupt_state  zf_driver_uart.o


    Execution Region ARM_LIB_HEAP (Exec base: 0x200068f0, Load base: 0x08008ef0, Size: 0x00000400, Max: 0x00000400, ABSOLUTE)

    Exec Addr    Load Addr    Size         Type   Attr      Idx    E Section Name        Object

    0x200068f0        -       0x00000400   Zero   RW            1    ARM_LIB_HEAP.bss    anon$$obj.o


    Execution Region ARM_LIB_STACK (Exec base: 0x2001e000, Load base: 0x08008ef0, Size: 0x00002000, Max: 0x00002000, ABSOLUTE)

    Exec Addr    Load Addr    Size         Type   Attr      Idx    E Section Name        Object

    0x2001e000        -       0x00002000   Zero   RW            2    ARM_LIB_STACK.bss   anon$$obj.o


==============================================================================

Image component sizes


      Code (inc. data)   RO Data    RW Data    ZI Data      Debug   Object Name

       102          0          0          0          8       3257   encoder.o
       142          0          0          0          0       2113   flash.o
      1760          0          0          0          0       7812   isr.o
       294          0          0          4         36       4345   key.o
       416         16          0          0          2       1418   main.o
      1248        150          0       1168          1       4104   menu.o
       164          0          0          0          0       3193   motor.o
       622          0          0          4        720       5781   photo_chuli.o
       916          0          0          0         64       3569   pid_v.o
        88          0          0          0          0        970   screen.o
        36          8        400          0          0        848   startup_mm32f3277g.o
       730          0          0          0         40       2726   streer_pid.o
        12          0          0          0          0        438   system_mm32f3277g.o
       572          0          0          4          0       3284   zf_common_clock.o
      1336        120        172          1         23       9217   zf_common_debug.o
      1092          0         43          0          0       6926   zf_common_fifo.o
         0          0       2072          0          0        897   zf_common_font.o
       644          0         47          0          0      11968   zf_common_function.o
       186          0          0          0          4       4935   zf_common_interrupt.o
       150          0          0          0         32       5603   zf_device_camera.o
       190          0          0          2          8       3914   zf_device_dm1xa.o
       228          8          0          0        356      12725   zf_device_gps_tau1201.o
      8242          4         45         10          3      19835   zf_device_ips200.o
       992        104          0         76      22565       8475   zf_device_mt9v03x.o
       160          0          0          0        514       3695   zf_device_tsl1401.o
        50          0          0         20          0       1837   zf_device_type.o
        74          0          8          0          2       5200   zf_driver_adc.o
       110          0         44          0          0       1304   zf_driver_delay.o
       344         22          8          0          0       4153   zf_driver_dma.o
       368         24         46          8          0       6178   zf_driver_encoder.o
       400         24          0          0          0       5199   zf_driver_exti.o
       684          0         44          0       1024       5274   zf_driver_flash.o
       362          0          0         32          0       5268   zf_driver_gpio.o
       236         60          0          0          0       5143   zf_driver_pit.o
       536         20         42          0          0       5373   zf_driver_pwm.o
      1682          0         47          0          0      24440   zf_driver_soft_iic.o
       554          0         50          0          0      10722   zf_driver_spi.o
       532         40         44          0         16       7919   zf_driver_timer.o
       568          8         83          0          8       8091   zf_driver_uart.o

    ----------------------------------------------------------------------
     26960        608       3230       1352      34684     228149   Object Totals
         0          0         32          0       9216          0   (incl. Generated)
       138          0          3         23         42          0   (incl. Padding)

    ----------------------------------------------------------------------

      Code (inc. data)   RO Data    RW Data    ZI Data      Debug   Library Member Name

        86          0          0          0          0          0   __dczerorl2.o
         0          0          0          0          0          0   entry.o
         0          0          0          0          0          0   entry10a.o
         0          0          0          0          0          0   entry11a.o
         8          4          0          0          0          0   entry4.o
         4          0          0          0          0          0   entry5.o
         0          0          0          0          0          0   entry7b.o
         0          0          0          0          0          0   entry8b.o
         8          4          0          0          0          0   entry9a.o
        30          0          0          0          0          0   handlers.o
        36          8          0          0          0         68   init.o
         0          0          0          0          0          0   iusefp.o
        30          0          0          0          0         68   llshl.o
        36          0          0          0          0         68   llsshr.o
        32          0          0          0          0         68   llushr.o
        36          0          0          0          0         68   memcpya.o
        36          0          0          0          0        108   memseta.o
       490         10          0          0          0        252   printf3.o
        28          0          0          0          0         76   strcmp.o
        14          0          0          0          0         68   strlen.o
        30          0          0          0          0         80   strncmp.o
        44          0          0          0          0         80   uidiv.o
        56          0          0          0          0         88   d2f.o
       334          0          0          0          0        148   dadd.o
        54          0          0          0          0         80   dcmple.o
       186          0          0          0          0        176   depilogue.o
        50          0          0          0          0         76   dfixui.o
        34          0          0          0          0         76   dflti.o
        26          0          0          0          0         76   dfltui.o
       228          0          0          0          0         96   dmul.o
        38          0          0          0          0         68   f2d.o
       176          0          0          0          0        140   fadd.o
        28          0          0          0          0         68   fcmpeq.o
        28          0          0          0          0         68   fcmpge.o
        28          0          0          0          0         68   fcmpgt.o
        28          0          0          0          0         68   fcmple.o
        28          0          0          0          0         68   fcmplt.o
       124          0          0          0          0         88   fdiv.o
       110          0          0          0          0        168   fepilogue.o
        50          0          0          0          0         68   ffixi.o
        40          0          0          0          0         68   ffixui.o
        18          0          0          0          0         68   fflti.o
        10          0          0          0          0         68   ffltui.o
       100          0          0          0          0         76   fmul.o
      2588          0          0          0         44       3849   zf_device_config.o

    ----------------------------------------------------------------------
      5318         26          0          0         44       6821   Library Totals
         8          0          0          0          0          0   (incl. Padding)

    ----------------------------------------------------------------------

      Code (inc. data)   RO Data    RW Data    ZI Data      Debug   Library Name

       948         26          0          0          0       1004   mc_w.l
      1774          0          0          0          0       1968   mf_w.l
      2588          0          0          0         44       3849   zf_device_config.lib

    ----------------------------------------------------------------------
      5318         26          0          0         44       6821   Library Totals

    ----------------------------------------------------------------------

==============================================================================


      Code (inc. data)   RO Data    RW Data    ZI Data      Debug   

     32278        634       3230       1352      34728     232962   Grand Totals
     32278        634       3230        448      34728     232962   ELF Image Totals (compressed)
     32278        634       3230        448          0          0   ROM Totals

==============================================================================

    Total RO  Size (Code + RO Data)                35508 (  34.68kB)
    Total RW  Size (RW Data + ZI Data)             36080 (  35.23kB)
    Total ROM Size (Code + RO Data + RW Data)      35956 (  35.11kB)

==============================================================================

